0x0 /,% 0x1 -> 0x0, 0x0
0x1 /,% 0xffff_ffff_ffff_ffff_ffff_ffff_ffff_ffff_ffff_ffff_ffff_ffff_ffff_ffff_ffff_ffff -> 0x0, 0x1
0xfffe /,% 0xffff -> 0x0, 0xfffe
0xffff_fffe /,% 0xffff_ffff -> 0x0, 0xffff_fffe
0xffff_ffff_ffff_fffe /,% 0xffff_ffff_ffff_ffff -> 0x0, 0xffff_ffff_ffff_fffe
0xf_ffff_ffff_ffff_fffe /,% 0xf_ffff_ffff_ffff_ffff -> 0x0, 0xf_ffff_ffff_ffff_fffe
0xffff_ffff_ffff_ffff_fffe /,% 0xffff_ffff_ffff_ffff_ffff -> 0x0, 0xffff_ffff_ffff_ffff_fffe
0xffff_ffff_ffff_ffff_ffff_ffff_ffff_fffe /,% 0xffff_ffff_ffff_ffff_ffff_ffff_ffff_ffff -> 0x0, 0xffff_ffff_ffff_ffff_ffff_ffff_ffff_fffe
0xffff_ffff_ffff_ffff_ffff_ffff_ffff_ffff_ffff_ffff_ffff_ffff_ffff_ffff_ffff_fffe /,% 0xffff_ffff_ffff_ffff_ffff_ffff_ffff_ffff_ffff_ffff_ffff_ffff_ffff_ffff_ffff_ffff -> 0x0, 0xffff_ffff_ffff_ffff_ffff_ffff_ffff_ffff_ffff_ffff_ffff_ffff_ffff_ffff_ffff_fffe
0x1 /,% 0x1 -> 0x1, 0x0
0xffff_ffff_ffff_ffff_ffff_ffff_ffff_ffff_ffff_ffff_ffff_ffff_ffff_ffff_ffff_ffff /,% 0x1 -> 0xffff_ffff_ffff_ffff_ffff_ffff_ffff_ffff_ffff_ffff_ffff_ffff_ffff_ffff_ffff_ffff, 0x0
0xffff_ffff_ffff_ffff_ffff_ffff_ffff_ffff_ffff_ffff_ffff_ffff_ffff_ffff_ffff_ffff /,% 0x2 -> 0x7fff_ffff_ffff_ffff_ffff_ffff_ffff_ffff_ffff_ffff_ffff_ffff_ffff_ffff_ffff_ffff, 0x1
0xffff_ffff_ffff_ffff_ffff_ffff_ffff_ffff_ffff_ffff_ffff_ffff_ffff_ffff_ffff_ffff /,% 0x3 -> 0x5555_5555_5555_5555_5555_5555_5555_5555_5555_5555_5555_5555_5555_5555_5555_5555, 0x0
0xffff_ffff_ffff_ffff_ffff_ffff_ffff_ffff_ffff_ffff_ffff_ffff_ffff_ffff_ffff_ffff /,% 0x7 -> 0x2492_4924_9249_2492_4924_9249_2492_4924_9249_2492_4924_9249_2492_4924_9249_2492, 0x1
0xffff_ffff_ffff_ffff_ffff_ffff_ffff_ffff_ffff_ffff_ffff_ffff_ffff_ffff_ffff_ffff /,% 0xffff -> 0x1_0001_0001_0001_0001_0001_0001_0001_0001_0001_0001_0001_0001_0001_0001_0001, 0x0
0xffff_ffff_ffff_ffff_ffff_ffff_ffff_ffff_ffff_ffff_ffff_ffff_ffff_ffff_ffff_ffff /,% 0xffff_ffff -> 0x1_0000_0001_0000_0001_0000_0001_0000_0001_0000_0001_0000_0001_0000_0001, 0x0
0x1_0000_0000 /,% 0x1_0000_0000 -> 0x1, 0x0
0x1_ffff_ffff /,% 0x1_0000_0000 -> 0x1, 0xffff_ffff
0x2_ffff_ffff /,% 0x1_0000_0000 -> 0x2, 0xffff_ffff
0xffff_ffff_ffff_ffff /,% 0xffff_ffff_ffff_ffff -> 0x1, 0x0
0xffff_ffff_ffff_ffff_ffff_ffff_ffff_ffff /,% 0xffff_ffff_ffff_ffff_ffff_ffff_ffff_ffff -> 0x1, 0x0
0xffff_ffff_ffff_ffff_ffff_ffff_ffff_ffff_ffff_ffff_ffff_ffff_ffff_ffff_ffff_ffff /,% 0xffff_ffff_ffff_ffff_ffff_ffff_ffff_ffff_ffff_ffff_ffff_ffff_ffff_ffff_ffff_ffff -> 0x1, 0x0
0xffff_ffff_ffff_ffff_ffff_ffff_ffff_ffff /,% 0xffff_ffff_ffff_ffff -> 0x1_0000_0000_0000_0001, 0x0
0xffff_ffff_ffff_ffff_ffff_ffff_ffff_ffff_ffff_ffff_ffff_ffff_ffff_ffff_ffff_ffff /,% 0xffff_ffff_ffff_ffff_ffff_ffff_ffff_ffff -> 0x1_0000_0000_0000_0000_0000_0000_0000_0001, 0x0
