normalize ""
       -> ""
normalize "/"
       -> "/"
normalize "//"
       -> "//"
normalize "////"
       -> "/"
normalize "../a"
       -> "../a"
normalize "/../a"
       -> "/a"
normalize "//../a"
       -> "//a"
normalize "///../a"
       -> "/a"
normalize "/../../a"
       -> "/a"
normalize "/./.././../a"
       -> "/a"
normalize "./../a"
       -> "../a"
normalize "/./../a"
       -> "/a"
normalize "a/b//../c"
       -> "a/c"
normalize "a/b/./../c"
       -> "a/c"
normalize "///"
       -> "/"
normalize "///."
       -> "/"
normalize "///.."
       -> "/"
normalize "///a"
       -> "/a"
normalize "//./"
       -> "//"
normalize "//./."
       -> "//"
normalize "//./.."
       -> "//"
normalize "//./a"
       -> "//a"
normalize "//../"
       -> "//"
normalize "//../."
       -> "//"
normalize "//../.."
       -> "//"
normalize "//../a"
       -> "//a"
normalize "//a/"
       -> "//a"
normalize "//a/."
       -> "//a"
normalize "//a/.."
       -> "//"
normalize "//a/b"
       -> "//a/b"
normalize "/.//"
       -> "/"
normalize "/.//."
       -> "/"
normalize "/.//.."
       -> "/"
normalize "/.//a"
       -> "/a"
normalize "/././"
       -> "/"
normalize "/././."
       -> "/"
normalize "/././.."
       -> "/"
normalize "/././a"
       -> "/a"
normalize "/./../"
       -> "/"
normalize "/./../."
       -> "/"
normalize "/./../.."
       -> "/"
normalize "/./../a"
       -> "/a"
normalize "/./a/"
       -> "/a"
normalize "/./a/."
       -> "/a"
normalize "/./a/.."
       -> "/"
normalize "/./a/b"
       -> "/a/b"
normalize "/..//"
       -> "/"
normalize "/..//."
       -> "/"
normalize "/..//.."
       -> "/"
normalize "/..//a"
       -> "/a"
normalize "/.././"
       -> "/"
normalize "/.././."
       -> "/"
normalize "/.././.."
       -> "/"
normalize "/.././a"
       -> "/a"
normalize "/../../"
       -> "/"
normalize "/../../."
       -> "/"
normalize "/../../.."
       -> "/"
normalize "/../../a"
       -> "/a"
normalize "/../a/"
       -> "/a"
normalize "/../a/."
       -> "/a"
normalize "/../a/.."
       -> "/"
normalize "/../a/b"
       -> "/a/b"
normalize "/a//"
       -> "/a"
normalize "/a//."
       -> "/a"
normalize "/a//.."
       -> "/"
normalize "/a//b"
       -> "/a/b"
normalize "/a/./"
       -> "/a"
normalize "/a/./."
       -> "/a"
normalize "/a/./.."
       -> "/"
normalize "/a/./b"
       -> "/a/b"
normalize "/a/../"
       -> "/"
normalize "/a/../."
       -> "/"
normalize "/a/../.."
       -> "/"
normalize "/a/../b"
       -> "/b"
normalize "/a/b/"
       -> "/a/b"
normalize "/a/b/."
       -> "/a/b"
normalize "/a/b/.."
       -> "/a"
normalize "/a/b/c"
       -> "/a/b/c"
normalize ".///"
       -> ""
normalize ".///."
       -> ""
normalize ".///.."
       -> ".."
normalize ".///a"
       -> "a"
normalize ".//./"
       -> ""
normalize ".//./."
       -> ""
normalize ".//./.."
       -> ".."
normalize ".//./a"
       -> "a"
normalize ".//../"
       -> ".."
normalize ".//../."
       -> ".."
normalize ".//../.."
       -> "../.."
normalize ".//../a"
       -> "../a"
normalize ".//a/"
       -> "a"
normalize ".//a/."
       -> "a"
normalize ".//a/.."
       -> ""
normalize ".//a/b"
       -> "a/b"
normalize "././/"
       -> ""
normalize "././/."
       -> ""
normalize "././/.."
       -> ".."
normalize "././/a"
       -> "a"
normalize "./././"
       -> ""
normalize "./././."
       -> ""
normalize "./././.."
       -> ".."
normalize "./././a"
       -> "a"
normalize "././../"
       -> ".."
normalize "././../."
       -> ".."
normalize "././../.."
       -> "../.."
normalize "././../a"
       -> "../a"
normalize "././a/"
       -> "a"
normalize "././a/."
       -> "a"
normalize "././a/.."
       -> ""
normalize "././a/b"
       -> "a/b"
normalize "./..//"
       -> ".."
normalize "./..//."
       -> ".."
normalize "./..//.."
       -> "../.."
normalize "./..//a"
       -> "../a"
normalize "./.././"
       -> ".."
normalize "./.././."
       -> ".."
normalize "./.././.."
       -> "../.."
normalize "./.././a"
       -> "../a"
normalize "./../../"
       -> "../.."
normalize "./../../."
       -> "../.."
normalize "./../../.."
       -> "../../.."
normalize "./../../a"
       -> "../../a"
normalize "./../a/"
       -> "../a"
normalize "./../a/."
       -> "../a"
normalize "./../a/.."
       -> ".."
normalize "./../a/b"
       -> "../a/b"
normalize "./a//"
       -> "a"
normalize "./a//."
       -> "a"
normalize "./a//.."
       -> ""
normalize "./a//b"
       -> "a/b"
normalize "./a/./"
       -> "a"
normalize "./a/./."
       -> "a"
normalize "./a/./.."
       -> ""
normalize "./a/./b"
       -> "a/b"
normalize "./a/../"
       -> ""
normalize "./a/../."
       -> ""
normalize "./a/../.."
       -> ".."
normalize "./a/../b"
       -> "b"
normalize "./a/b/"
       -> "a/b"
normalize "./a/b/."
       -> "a/b"
normalize "./a/b/.."
       -> "a"
normalize "./a/b/c"
       -> "a/b/c"
normalize "..///"
       -> ".."
normalize "..///."
       -> ".."
normalize "..///.."
       -> "../.."
normalize "..///a"
       -> "../a"
normalize "..//./"
       -> ".."
normalize "..//./."
       -> ".."
normalize "..//./.."
       -> "../.."
normalize "..//./a"
       -> "../a"
normalize "..//../"
       -> "../.."
normalize "..//../."
       -> "../.."
normalize "..//../.."
       -> "../../.."
normalize "..//../a"
       -> "../../a"
normalize "..//a/"
       -> "../a"
normalize "..//a/."
       -> "../a"
normalize "..//a/.."
       -> ".."
normalize "..//a/b"
       -> "../a/b"
normalize ".././/"
       -> ".."
normalize ".././/."
       -> ".."
normalize ".././/.."
       -> "../.."
normalize ".././/a"
       -> "../a"
normalize "../././"
       -> ".."
normalize "../././."
       -> ".."
normalize "../././.."
       -> "../.."
normalize "../././a"
       -> "../a"
normalize ".././../"
       -> "../.."
normalize ".././../."
       -> "../.."
normalize ".././../.."
       -> "../../.."
normalize ".././../a"
       -> "../../a"
normalize ".././a/"
       -> "../a"
normalize ".././a/."
       -> "../a"
normalize ".././a/.."
       -> ".."
normalize ".././a/b"
       -> "../a/b"
normalize "../..//"
       -> "../.."
normalize "../..//."
       -> "../.."
normalize "../..//.."
       -> "../../.."
normalize "../..//a"
       -> "../../a"
normalize "../.././"
       -> "../.."
normalize "../.././."
       -> "../.."
normalize "../.././.."
       -> "../../.."
normalize "../.././a"
       -> "../../a"
normalize "../../../"
       -> "../../.."
normalize "../../../."
       -> "../../.."
normalize "../../../.."
       -> "../../../.."
normalize "../../../a"
       -> "../../../a"
normalize "../../a/"
       -> "../../a"
normalize "../../a/."
       -> "../../a"
normalize "../../a/.."
       -> "../.."
normalize "../../a/b"
       -> "../../a/b"
normalize "../a//"
       -> "../a"
normalize "../a//."
       -> "../a"
normalize "../a//.."
       -> ".."
normalize "../a//b"
       -> "../a/b"
normalize "../a/./"
       -> "../a"
normalize "../a/./."
       -> "../a"
normalize "../a/./.."
       -> ".."
normalize "../a/./b"
       -> "../a/b"
normalize "../a/../"
       -> ".."
normalize "../a/../."
       -> ".."
normalize "../a/../.."
       -> "../.."
normalize "../a/../b"
       -> "../b"
normalize "../a/b/"
       -> "../a/b"
normalize "../a/b/."
       -> "../a/b"
normalize "../a/b/.."
       -> "../a"
normalize "../a/b/c"
       -> "../a/b/c"
normalize "a///"
       -> "a"
normalize "a///."
       -> "a"
normalize "a///.."
       -> ""
normalize "a///b"
       -> "a/b"
normalize "a//./"
       -> "a"
normalize "a//./."
       -> "a"
normalize "a//./.."
       -> ""
normalize "a//./b"
       -> "a/b"
normalize "a//../"
       -> ""
normalize "a//../."
       -> ""
normalize "a//../.."
       -> ".."
normalize "a//../b"
       -> "b"
normalize "a//b/"
       -> "a/b"
normalize "a//b/."
       -> "a/b"
normalize "a//b/.."
       -> "a"
normalize "a//b/c"
       -> "a/b/c"
normalize "a/.//"
       -> "a"
normalize "a/.//."
       -> "a"
normalize "a/.//.."
       -> ""
normalize "a/.//b"
       -> "a/b"
normalize "a/././"
       -> "a"
normalize "a/././."
       -> "a"
normalize "a/././.."
       -> ""
normalize "a/././b"
       -> "a/b"
normalize "a/./../"
       -> ""
normalize "a/./../."
       -> ""
normalize "a/./../.."
       -> ".."
normalize "a/./../b"
       -> "b"
normalize "a/./b/"
       -> "a/b"
normalize "a/./b/."
       -> "a/b"
normalize "a/./b/.."
       -> "a"
normalize "a/./b/c"
       -> "a/b/c"
normalize "a/..//"
       -> ""
normalize "a/..//."
       -> ""
normalize "a/..//.."
       -> ".."
normalize "a/..//b"
       -> "b"
normalize "a/.././"
       -> ""
normalize "a/.././."
       -> ""
normalize "a/.././.."
       -> ".."
normalize "a/.././b"
       -> "b"
normalize "a/../../"
       -> ".."
normalize "a/../../."
       -> ".."
normalize "a/../../.."
       -> "../.."
normalize "a/../../b"
       -> "../b"
normalize "a/../b/"
       -> "b"
normalize "a/../b/."
       -> "b"
normalize "a/../b/.."
       -> ""
normalize "a/../b/c"
       -> "b/c"
normalize "a/b//"
       -> "a/b"
normalize "a/b//."
       -> "a/b"
normalize "a/b//.."
       -> "a"
normalize "a/b//c"
       -> "a/b/c"
normalize "a/b/./"
       -> "a/b"
normalize "a/b/./."
       -> "a/b"
normalize "a/b/./.."
       -> "a"
normalize "a/b/./c"
       -> "a/b/c"
normalize "a/b/../"
       -> "a"
normalize "a/b/../."
       -> "a"
normalize "a/b/../.."
       -> ""
normalize "a/b/../c"
       -> "a/c"
normalize "a/b/c/"
       -> "a/b/c"
normalize "a/b/c/."
       -> "a/b/c"
normalize "a/b/c/.."
       -> "a/b"
normalize "a/b/c/d"
       -> "a/b/c/d"
