join [] -> [||]
join [[||]] -> [||]
join [[||]; [||]] -> [||]
join [[||]; [||]; [||]] -> [||]
join [[|0x0u8|]] -> [|0x0u8|]
join [[|0x0u8|]; [||]] -> [|0x0u8|]
join [[||]; [|0x0u8|]] -> [|0x0u8|]
join [[|0x0u8|]; [|0x1u8|]] -> [|0x0u8; 0x1u8|]
join [[|0x0u8|]; [||]; [||]] -> [|0x0u8|]
join [[||]; [|0x0u8|]; [||]] -> [|0x0u8|]
join [[||]; [||]; [|0x0u8|]] -> [|0x0u8|]
join [[|0x0u8|]; [|0x1u8|]; [||]] -> [|0x0u8; 0x1u8|]
join [[|0x0u8|]; [||]; [|0x1u8|]] -> [|0x0u8; 0x1u8|]
join [[|0x0u8|]; [|0x1u8|]; [|0x2u8|]] -> [|0x0u8; 0x1u8; 0x2u8|]
join ~sep:[|0x3u8|] [] -> [||]
join ~sep:[|0x3u8|] [[||]] -> [||]
join ~sep:[|0x3u8|] [[||]; [||]] -> [|0x3u8|]
join ~sep:[|0x3u8|] [[||]; [||]; [||]] -> [|0x3u8; 0x3u8|]
join ~sep:[|0x3u8|] [[|0x0u8|]] -> [|0x0u8|]
join ~sep:[|0x3u8|] [[|0x0u8|]; [||]] -> [|0x0u8; 0x3u8|]
join ~sep:[|0x3u8|] [[||]; [|0x0u8|]] -> [|0x3u8; 0x0u8|]
join ~sep:[|0x3u8|] [[|0x0u8|]; [|0x1u8|]] -> [|0x0u8; 0x3u8; 0x1u8|]
join ~sep:[|0x3u8|] [[|0x0u8|]; [||]; [||]] -> [|0x0u8; 0x3u8; 0x3u8|]
join ~sep:[|0x3u8|] [[||]; [|0x0u8|]; [||]] -> [|0x3u8; 0x0u8; 0x3u8|]
join ~sep:[|0x3u8|] [[||]; [||]; [|0x0u8|]] -> [|0x3u8; 0x3u8; 0x0u8|]
join ~sep:[|0x3u8|] [[|0x0u8|]; [|0x1u8|]; [||]] -> [|0x0u8; 0x3u8; 0x1u8; 0x3u8|]
join ~sep:[|0x3u8|] [[|0x0u8|]; [||]; [|0x1u8|]] -> [|0x0u8; 0x3u8; 0x3u8; 0x1u8|]
join ~sep:[|0x3u8|] [[|0x0u8|]; [|0x1u8|]; [|0x2u8|]] -> [|0x0u8; 0x3u8; 0x1u8; 0x3u8; 0x2u8|]
