trunc_of_sint 0xffff_ffff_ffff_ffffi -> extend_to_sint 0xffffi16 -> trunc_of_sint -1i -> 0xffffi16
trunc_of_uns 0xffff_ffff_ffff_ffffi -> extend_to_uns 0xffffi16 -> trunc_of_uns 0xffff_ffff_ffff_ffff -> 0xffffi16
trunc_of_sint 0xffff_ffff_ffff_fffei -> extend_to_sint 0xfffei16 -> trunc_of_sint -2i -> 0xfffei16
trunc_of_uns 0xffff_ffff_ffff_fffei -> extend_to_uns 0xfffei16 -> trunc_of_uns 0xffff_ffff_ffff_fffe -> 0xfffei16
trunc_of_sint 0xffff_ffff_ffff_ffffi -> extend_to_sint 0xffffi16 -> trunc_of_sint -1i -> 0xffffi16
trunc_of_uns 0xffff_ffff_ffff_ffffi -> extend_to_uns 0xffffi16 -> trunc_of_uns 0xffff_ffff_ffff_ffff -> 0xffffi16
trunc_of_sint 0x0000_0000_0000_0000i -> extend_to_sint 0x0000i16 -> trunc_of_sint 0i -> 0x0000i16
trunc_of_uns 0x0000_0000_0000_0000i -> extend_to_uns 0x0000i16 -> trunc_of_uns 0x0000_0000_0000_0000 -> 0x0000i16
trunc_of_sint 0x0000_0000_0000_0001i -> extend_to_sint 0x0001i16 -> trunc_of_sint 1i -> 0x0001i16
trunc_of_uns 0x0000_0000_0000_0001i -> extend_to_uns 0x0001i16 -> trunc_of_uns 0x0000_0000_0000_0001 -> 0x0001i16
trunc_of_sint 0x0000_0000_0000_0002i -> extend_to_sint 0x0002i16 -> trunc_of_sint 2i -> 0x0002i16
trunc_of_uns 0x0000_0000_0000_0002i -> extend_to_uns 0x0002i16 -> trunc_of_uns 0x0000_0000_0000_0002 -> 0x0002i16
trunc_of_sint 0x7fff_ffff_ffff_ffffi -> extend_to_sint 0xffffi16 -> trunc_of_sint -1i -> 0xffffi16
trunc_of_uns 0x7fff_ffff_ffff_ffffi -> extend_to_uns 0xffffi16 -> trunc_of_uns 0xffff_ffff_ffff_ffff -> 0xffffi16
