of_real -0x1p+0 -> 0xffffi16; to_real -> -0x1p+0
of_real 0x0p+0 -> 0x0000i16; to_real -> 0x0p+0
of_real 0x1.1p-1 -> 0x0000i16; to_real -> 0x0p+0
of_real 0x1p+0 -> 0x0001i16; to_real -> 0x1p+0
of_real 0x1.fffffffffffffp+48 -> 0x7fffi16; to_real -> 0x1.fffcp+14
of_real 0x1.fffffffffffffp+52 -> 0x7fffi16; to_real -> 0x1.fffcp+14
of_real 0x1.fffffffffffffp+56 -> 0x7ff0i16; to_real -> 0x1.ffcp+14
of_real 0x1.fffffffffffffp+61 -> 0x7e00i16; to_real -> 0x1.f8p+14
of_real 0x1p+14 -> 0x4000i16; to_real -> 0x1p+14
of_real 0x1p+15 -> 0x0000i16; to_real -> 0x0p+0

to_real 0xffffi16 -> -0x1p+0; of_real -> 0xffffi16
to_real 0x0000i16 -> 0x0p+0; of_real -> 0x0000i16
to_real 0x0001i16 -> 0x1p+0; of_real -> 0x0001i16
to_real 0x7fffi16 -> 0x1.fffcp+14; of_real -> 0x7fffi16
