is_sorted [||]: not strict -> true, strict -> true
is_sorted [|0|]: not strict -> true, strict -> true
is_sorted [|0; 0|]: not strict -> true, strict -> false
is_sorted [|0; 1|]: not strict -> true, strict -> true
is_sorted [|1; 0|]: not strict -> false, strict -> false
is_sorted [|0; 1; 1|]: not strict -> true, strict -> false
is_sorted [|0; 1; 2|]: not strict -> true, strict -> true
is_sorted [|0; 2; 1|]: not strict -> false, strict -> false
