[||] [||] -> fold2_map 0 [||] -> foldi2_map 0 [||]
[|1|] [|0|] -> fold2_map 1 [|"(1,0)"|] -> foldi2_map 1 [|"[0]=(1,0)"|]
[|3; 2|] [|1; 0|] -> fold2_map 6 [|"(3,1)"; "(2,0)"|] -> foldi2_map 7 [|"[0]=(3,1)"; "[1]=(2,0)"|]
[|5; 4; 3|] [|2; 1; 0|] -> fold2_map 15 [|"(5,2)"; "(4,1)"; "(3,0)"|] -> foldi2_map 18 [|"[0]=(5,2)"; "[1]=(4,1)"; "[2]=(3,0)"|]
