join [] -> [||]
join [[||]] -> [||]
join [[||]; [||]] -> [||]
join [[||]; [||]; [||]] -> [||]
join [[|0|]] -> [|0|]
join [[|0|]; [||]] -> [|0|]
join [[||]; [|0|]] -> [|0|]
join [[|0|]; [|1|]] -> [|0; 1|]
join [[|0|]; [||]; [||]] -> [|0|]
join [[||]; [|0|]; [||]] -> [|0|]
join [[||]; [||]; [|0|]] -> [|0|]
join [[|0|]; [|1|]; [||]] -> [|0; 1|]
join [[|0|]; [||]; [|1|]] -> [|0; 1|]
join [[|0|]; [|1|]; [|2|]] -> [|0; 1; 2|]
join ~sep:[|3|] [] -> [||]
join ~sep:[|3|] [[||]] -> [||]
join ~sep:[|3|] [[||]; [||]] -> [|3|]
join ~sep:[|3|] [[||]; [||]; [||]] -> [|3; 3|]
join ~sep:[|3|] [[|0|]] -> [|0|]
join ~sep:[|3|] [[|0|]; [||]] -> [|0; 3|]
join ~sep:[|3|] [[||]; [|0|]] -> [|3; 0|]
join ~sep:[|3|] [[|0|]; [|1|]] -> [|0; 3; 1|]
join ~sep:[|3|] [[|0|]; [||]; [||]] -> [|0; 3; 3|]
join ~sep:[|3|] [[||]; [|0|]; [||]] -> [|3; 0; 3|]
join ~sep:[|3|] [[||]; [||]; [|0|]] -> [|3; 3; 0|]
join ~sep:[|3|] [[|0|]; [|1|]; [||]] -> [|0; 3; 1; 3|]
join ~sep:[|3|] [[|0|]; [||]; [|1|]] -> [|0; 3; 3; 1|]
join ~sep:[|3|] [[|0|]; [|1|]; [|2|]] -> [|0; 3; 1; 3; 2|]
