---
source=``x = 42``
first={atok=<Tok_uident (Constant "x")>; source=[1:0..1:1)}
last={atok=<Tok_uident (Constant "x")>; source=[1:0..1:1)}
lookahead=Some (1:6)
ctoks=[
    (0, {atok=<Tok_uident (Constant "x")>; source=[1:0..1:1)})
    (1, {atok=<Tok_whitespace>; source=[1:1..1:2)})
    (2, {atok=<Tok_eq>; source=[1:2..1:3)})
    (3, {atok=<Tok_whitespace>; source=[1:3..1:4)})
    (4, {atok=<Tok_u64 (Constant 42)>; source=[1:4..1:6)})
  ]
context_lookahead=[
    [1:0..1:6): "x = 42"
  ]
context_no_lookahead=[
    [1:0..1:6): "x = 42"
  ]
---
source=``x = 42``
first={atok=<Tok_whitespace>; source=[1:1..1:2)}
last={atok=<Tok_whitespace>; source=[1:1..1:2)}
lookahead=Some (1:6)
ctoks=[
    (0, {atok=<Tok_uident (Constant "x")>; source=[1:0..1:1)})
    (1, {atok=<Tok_whitespace>; source=[1:1..1:2)})
    (2, {atok=<Tok_eq>; source=[1:2..1:3)})
    (3, {atok=<Tok_whitespace>; source=[1:3..1:4)})
    (4, {atok=<Tok_u64 (Constant 42)>; source=[1:4..1:6)})
  ]
context_lookahead=[
    [1:0..1:6): "x = 42"
  ]
context_no_lookahead=[
    [1:0..1:6): "x = 42"
  ]
---
source=``x = 42``
first={atok=<Tok_whitespace>; source=[1:1..1:2)}
last={atok=<Tok_eq>; source=[1:2..1:3)}
lookahead=Some (1:6)
ctoks=[
    (0, {atok=<Tok_uident (Constant "x")>; source=[1:0..1:1)})
    (1, {atok=<Tok_whitespace>; source=[1:1..1:2)})
    (2, {atok=<Tok_eq>; source=[1:2..1:3)})
    (3, {atok=<Tok_whitespace>; source=[1:3..1:4)})
    (4, {atok=<Tok_u64 (Constant 42)>; source=[1:4..1:6)})
  ]
context_lookahead=[
    [1:0..1:6): "x = 42"
  ]
context_no_lookahead=[
    [1:0..1:6): "x = 42"
  ]
---
source=``x = 42``
first={atok=<Tok_u64 (Constant 42)>; source=[1:4..1:6)}
last={atok=<Tok_u64 (Constant 42)>; source=[1:4..1:6)}
lookahead=None
ctoks=[
    (0, {atok=<Tok_uident (Constant "x")>; source=[1:0..1:1)})
    (1, {atok=<Tok_whitespace>; source=[1:1..1:2)})
    (2, {atok=<Tok_eq>; source=[1:2..1:3)})
    (3, {atok=<Tok_whitespace>; source=[1:3..1:4)})
    (4, {atok=<Tok_u64 (Constant 42)>; source=[1:4..1:6)})
  ]
context_lookahead=[
    [1:0..1:6): "x = 42"
  ]
context_no_lookahead=[
    [1:0..1:6): "x = 42"
  ]
---
source=``[:"Foo.hm"]x = 42``
first={atok=<Tok_uident (Constant "x")>; source=["Foo.hm":1:0.."Foo.hm":1:1)}
last={atok=<Tok_uident (Constant "x")>; source=["Foo.hm":1:0.."Foo.hm":1:1)}
lookahead=Some (Foo.hm:1:6)
ctoks=[
    (0, {atok=<Tok_source_directive (Constant {path=Some ("Foo.hm"); line=None; io=None})>; source=[1:0..1:11)})
    (1, {atok=<Tok_uident (Constant "x")>; source=["Foo.hm":1:0.."Foo.hm":1:1)})
    (2, {atok=<Tok_whitespace>; source=["Foo.hm":1:1.."Foo.hm":1:2)})
    (3, {atok=<Tok_eq>; source=["Foo.hm":1:2.."Foo.hm":1:3)})
    (4, {atok=<Tok_whitespace>; source=["Foo.hm":1:3.."Foo.hm":1:4)})
    (5, {atok=<Tok_u64 (Constant 42)>; source=["Foo.hm":1:4.."Foo.hm":1:6)})
  ]
context_lookahead=[
    [1:0..1:11): "[:\"Foo.hm\"]"
    ["Foo.hm":1:0.."Foo.hm":1:6): "x = 42"
  ]
context_no_lookahead=[
    [1:0..1:11): "[:\"Foo.hm\"]"
    ["Foo.hm":1:0.."Foo.hm":1:1): "x"
    [1:12..1:17): " = 42"
  ]
---
source=``[:"Foo.hm"]
x =
    42``
first={atok=<Tok_uident (Constant "x")>; source=["Foo.hm":2:0.."Foo.hm":2:1)}
last={atok=<Tok_uident (Constant "x")>; source=["Foo.hm":2:0.."Foo.hm":2:1)}
lookahead=Some (Foo.hm:3:4)
ctoks=[
    (0, {atok=<Tok_source_directive (Constant {path=Some ("Foo.hm"); line=None; io=None})>; source=[1:0..1:11)})
    (1, {atok=<Tok_whitespace>; source=["Foo.hm":1:0.."Foo.hm":2:0)})
    (2, {atok=<Tok_line_delim>; source=["Foo.hm":2:0.."Foo.hm":2:0)})
    (3, {atok=<Tok_uident (Constant "x")>; source=["Foo.hm":2:0.."Foo.hm":2:1)})
    (4, {atok=<Tok_whitespace>; source=["Foo.hm":2:1.."Foo.hm":2:2)})
    (5, {atok=<Tok_eq>; source=["Foo.hm":2:2.."Foo.hm":2:3)})
    (6, {atok=<Tok_whitespace>; source=["Foo.hm":2:3.."Foo.hm":3:0)})
    (7, {atok=<Tok_whitespace>; source=["Foo.hm":3:0.."Foo.hm":3:4)})
    (8, {atok=<Tok_indent>; source=["Foo.hm":3:4.."Foo.hm":3:4)})
    (9, {atok=<Tok_u64 (Constant 42)>; source=["Foo.hm":3:4.."Foo.hm":3:6)})
    (10, {atok=<Tok_dedent>; source=["Foo.hm":3:6.."Foo.hm":3:6)})
  ]
context_lookahead=[
    ["Foo.hm":2:0.."Foo.hm":2:3): "x ="
  ]
context_no_lookahead=[
    ["Foo.hm":2:0.."Foo.hm":2:1): "x"
    [2:1..2:3): " ="
  ]
---
source=``[:"Foo.hm"]
x =
    42``
first={atok=<Tok_uident (Constant "x")>; source=["Foo.hm":2:0.."Foo.hm":2:1)}
last={atok=<Tok_whitespace>; source=["Foo.hm":2:3.."Foo.hm":3:0)}
lookahead=Some (Foo.hm:3:6)
ctoks=[
    (0, {atok=<Tok_source_directive (Constant {path=Some ("Foo.hm"); line=None; io=None})>; source=[1:0..1:11)})
    (1, {atok=<Tok_whitespace>; source=["Foo.hm":1:0.."Foo.hm":2:0)})
    (2, {atok=<Tok_line_delim>; source=["Foo.hm":2:0.."Foo.hm":2:0)})
    (3, {atok=<Tok_uident (Constant "x")>; source=["Foo.hm":2:0.."Foo.hm":2:1)})
    (4, {atok=<Tok_whitespace>; source=["Foo.hm":2:1.."Foo.hm":2:2)})
    (5, {atok=<Tok_eq>; source=["Foo.hm":2:2.."Foo.hm":2:3)})
    (6, {atok=<Tok_whitespace>; source=["Foo.hm":2:3.."Foo.hm":3:0)})
    (7, {atok=<Tok_whitespace>; source=["Foo.hm":3:0.."Foo.hm":3:4)})
    (8, {atok=<Tok_indent>; source=["Foo.hm":3:4.."Foo.hm":3:4)})
    (9, {atok=<Tok_u64 (Constant 42)>; source=["Foo.hm":3:4.."Foo.hm":3:6)})
    (10, {atok=<Tok_dedent>; source=["Foo.hm":3:6.."Foo.hm":3:6)})
  ]
context_lookahead=[
    ["Foo.hm":2:0.."Foo.hm":3:6): "x =\n    42"
  ]
context_no_lookahead=[
    ["Foo.hm":2:0.."Foo.hm":3:0): "x =\n"
    [3:0..3:6): "    42"
  ]
---
source=``[:"Foo.hm"]
x =[:"Bar.hm"]
    42 + 13``
first={atok=<Tok_uident (Constant "x")>; source=["Foo.hm":2:0.."Foo.hm":2:1)}
last={atok=<Tok_u64 (Constant 42)>; source=["Bar.hm":2:4.."Bar.hm":2:6)}
lookahead=Some (Bar.hm:2:11)
ctoks=[
    (0, {atok=<Tok_source_directive (Constant {path=Some ("Foo.hm"); line=None; io=None})>; source=[1:0..1:11)})
    (1, {atok=<Tok_whitespace>; source=["Foo.hm":1:0.."Foo.hm":2:0)})
    (2, {atok=<Tok_line_delim>; source=["Foo.hm":2:0.."Foo.hm":2:0)})
    (3, {atok=<Tok_uident (Constant "x")>; source=["Foo.hm":2:0.."Foo.hm":2:1)})
    (4, {atok=<Tok_whitespace>; source=["Foo.hm":2:1.."Foo.hm":2:2)})
    (5, {atok=<Tok_eq>; source=["Foo.hm":2:2.."Foo.hm":2:3)})
    (6, {atok=<Tok_source_directive (Constant {path=Some ("Bar.hm"); line=None; io=None})>; source=[2:3..2:14)})
    (7, {atok=<Tok_whitespace>; source=["Bar.hm":1:0.."Bar.hm":2:0)})
    (8, {atok=<Tok_whitespace>; source=["Bar.hm":2:0.."Bar.hm":2:4)})
    (9, {atok=<Tok_indent>; source=["Bar.hm":2:4.."Bar.hm":2:4)})
    (10, {atok=<Tok_u64 (Constant 42)>; source=["Bar.hm":2:4.."Bar.hm":2:6)})
    (11, {atok=<Tok_whitespace>; source=["Bar.hm":2:6.."Bar.hm":2:7)})
    (12, {atok=<Tok_plus_op "+">; source=["Bar.hm":2:7.."Bar.hm":2:8)})
    (13, {atok=<Tok_whitespace>; source=["Bar.hm":2:8.."Bar.hm":2:9)})
    (14, {atok=<Tok_u64 (Constant 13)>; source=["Bar.hm":2:9.."Bar.hm":2:11)})
    (15, {atok=<Tok_dedent>; source=["Bar.hm":2:11.."Bar.hm":2:11)})
  ]
context_lookahead=[
    ["Foo.hm":2:0.."Foo.hm":2:3): "x ="
    [2:3..2:14): "[:\"Bar.hm\"]"
    ["Bar.hm":1:0.."Bar.hm":2:11): "\n    42 + 13"
  ]
context_no_lookahead=[
    ["Foo.hm":2:0.."Foo.hm":2:3): "x ="
    [2:3..2:14): "[:\"Bar.hm\"]"
    ["Bar.hm":1:0.."Bar.hm":2:6): "\n    42"
    [3:6..3:11): " + 13"
  ]
---
source=``# This file was generated by `hocc`; edit "Example.hmhi" rather than "Example.hmi".
[:"Example.hmhi":1]open import Basis

include [:]{
    # Example grammar module signature.
    Spec = {
        # [...]
      }
    Token = {
        # [...]
      }
    # Etc.
  }[:"Example.hmhi":3:0+12]

calculate: string -> zint``
first={atok=<Tok_uident (Constant "string")>; source=["Example.hmhi":5:11.."Example.hmhi":5:17)}
last={atok=<Tok_whitespace>; source=["Example.hmhi":5:17.."Example.hmhi":5:18)}
lookahead=Some (Example.hmhi:5:25)
ctoks=[
    (0, {atok=<Tok_hash_comment>; source=[1:0..2:0)})
    (1, {atok=<Tok_source_directive (Constant {path=Some ("Example.hmhi"); line=Some (1); io=None})>; source=[2:0..2:19)})
    (2, {atok=<Tok_open>; source=["Example.hmhi":1:0.."Example.hmhi":1:4)})
    (3, {atok=<Tok_whitespace>; source=["Example.hmhi":1:4.."Example.hmhi":1:5)})
    (4, {atok=<Tok_import>; source=["Example.hmhi":1:5.."Example.hmhi":1:11)})
    (5, {atok=<Tok_whitespace>; source=["Example.hmhi":1:11.."Example.hmhi":1:12)})
    (6, {atok=<Tok_cident "Basis">; source=["Example.hmhi":1:12.."Example.hmhi":1:17)})
    (7, {atok=<Tok_whitespace>; source=["Example.hmhi":1:17.."Example.hmhi":2:0)})
    (8, {atok=<Tok_whitespace>; source=["Example.hmhi":2:0.."Example.hmhi":3:0)})
    (9, {atok=<Tok_line_delim>; source=["Example.hmhi":3:0.."Example.hmhi":3:0)})
    (10, {atok=<Tok_include>; source=["Example.hmhi":3:0.."Example.hmhi":3:7)})
    (11, {atok=<Tok_whitespace>; source=["Example.hmhi":3:7.."Example.hmhi":3:8)})
    (12, {atok=<Tok_source_directive (Constant {path=None; line=None; io=None})>; source=[4:8..4:11)})
    (13, {atok=<Tok_lcurly>; source=[4:11..4:12)})
    (14, {atok=<Tok_whitespace>; source=[4:12..5:0)})
    (15, {atok=<Tok_whitespace>; source=[5:0..5:4)})
    (16, {atok=<Tok_hash_comment>; source=[5:4..6:0)})
    (17, {atok=<Tok_whitespace>; source=[6:0..6:4)})
    (18, {atok=<Tok_indent>; source=[6:4..6:4)})
    (19, {atok=<Tok_cident "Spec">; source=[6:4..6:8)})
    (20, {atok=<Tok_whitespace>; source=[6:8..6:9)})
    (21, {atok=<Tok_eq>; source=[6:9..6:10)})
    (22, {atok=<Tok_whitespace>; source=[6:10..6:11)})
    (23, {atok=<Tok_lcurly>; source=[6:11..6:12)})
    (24, {atok=<Tok_whitespace>; source=[6:12..7:0)})
    (25, {atok=<Tok_whitespace>; source=[7:0..7:8)})
    (26, {atok=<Tok_hash_comment>; source=[7:8..8:0)})
    (27, {atok=<Tok_whitespace>; source=[8:0..8:6)})
    (28, {atok=<Tok_rcurly>; source=[8:6..8:7)})
    (29, {atok=<Tok_whitespace>; source=[8:7..9:0)})
    (30, {atok=<Tok_whitespace>; source=[9:0..9:4)})
    (31, {atok=<Tok_line_delim>; source=[9:4..9:4)})
    (32, {atok=<Tok_cident "Token">; source=[9:4..9:9)})
    (33, {atok=<Tok_whitespace>; source=[9:9..9:10)})
    (34, {atok=<Tok_eq>; source=[9:10..9:11)})
    (35, {atok=<Tok_whitespace>; source=[9:11..9:12)})
    (36, {atok=<Tok_lcurly>; source=[9:12..9:13)})
    (37, {atok=<Tok_whitespace>; source=[9:13..10:0)})
    (38, {atok=<Tok_whitespace>; source=[10:0..10:8)})
    (39, {atok=<Tok_hash_comment>; source=[10:8..11:0)})
    (40, {atok=<Tok_whitespace>; source=[11:0..11:6)})
    (41, {atok=<Tok_rcurly>; source=[11:6..11:7)})
    (42, {atok=<Tok_whitespace>; source=[11:7..12:0)})
    (43, {atok=<Tok_whitespace>; source=[12:0..12:4)})
    (44, {atok=<Tok_hash_comment>; source=[12:4..13:0)})
    (45, {atok=<Tok_whitespace>; source=[13:0..13:2)})
    (46, {atok=<Tok_dedent>; source=[13:2..13:2)})
    (47, {atok=<Tok_rcurly>; source=[13:2..13:3)})
    (48, {atok=<Tok_source_directive (Constant {path=Some ("Example.hmhi"); line=Some (3); io=Some ({indent=0; omit=12})})>; source=[13:3..13:27)})
    (49, {atok=<Tok_whitespace>; source=["Example.hmhi":3:12.."Example.hmhi":4:0)})
    (50, {atok=<Tok_whitespace>; source=["Example.hmhi":4:0.."Example.hmhi":5:0)})
    (51, {atok=<Tok_line_delim>; source=["Example.hmhi":5:0.."Example.hmhi":5:0)})
    (52, {atok=<Tok_uident (Constant "calculate")>; source=["Example.hmhi":5:0.."Example.hmhi":5:9)})
    (53, {atok=<Tok_colon>; source=["Example.hmhi":5:9.."Example.hmhi":5:10)})
    (54, {atok=<Tok_whitespace>; source=["Example.hmhi":5:10.."Example.hmhi":5:11)})
    (55, {atok=<Tok_uident (Constant "string")>; source=["Example.hmhi":5:11.."Example.hmhi":5:17)})
    (56, {atok=<Tok_whitespace>; source=["Example.hmhi":5:17.."Example.hmhi":5:18)})
    (57, {atok=<Tok_arrow>; source=["Example.hmhi":5:18.."Example.hmhi":5:20)})
    (58, {atok=<Tok_whitespace>; source=["Example.hmhi":5:20.."Example.hmhi":5:21)})
    (59, {atok=<Tok_uident (Constant "zint")>; source=["Example.hmhi":5:21.."Example.hmhi":5:25)})
  ]
context_lookahead=[
    ["Example.hmhi":5:0.."Example.hmhi":5:25): "calculate: string -> zint"
  ]
context_no_lookahead=[
    ["Example.hmhi":5:0.."Example.hmhi":5:18): "calculate: string "
    [15:18..15:25): "-> zint"
  ]
---
source=``[:"Tesseract.hmp":1]open Basis

square [@inline] = (fn x =
    x * x
  )

tesseract x =
    ([:"Tesseract.hmp":3:0+19](fn x =
    x * x
  )[:"Tesseract.hmp":8:4+7] ([:"Tesseract.hmp":3:0+19](fn x =
    x * x
  )[:"Tesseract.hmp":8:4+15] x))``
first={atok=<Tok_at_op "@">; source=["Tesseract.hmp":3:8.."Tesseract.hmp":3:9)}
last={atok=<Tok_uident (Constant "inline")>; source=["Tesseract.hmp":3:9.."Tesseract.hmp":3:15)}
lookahead=Some (Tesseract.hmp:4:4)
ctoks=[
    (0, {atok=<Tok_source_directive (Constant {path=Some ("Tesseract.hmp"); line=Some (1); io=None})>; source=[1:0..1:20)})
    (1, {atok=<Tok_open>; source=["Tesseract.hmp":1:0.."Tesseract.hmp":1:4)})
    (2, {atok=<Tok_whitespace>; source=["Tesseract.hmp":1:4.."Tesseract.hmp":1:5)})
    (3, {atok=<Tok_cident "Basis">; source=["Tesseract.hmp":1:5.."Tesseract.hmp":1:10)})
    (4, {atok=<Tok_whitespace>; source=["Tesseract.hmp":1:10.."Tesseract.hmp":2:0)})
    (5, {atok=<Tok_whitespace>; source=["Tesseract.hmp":2:0.."Tesseract.hmp":3:0)})
    (6, {atok=<Tok_line_delim>; source=["Tesseract.hmp":3:0.."Tesseract.hmp":3:0)})
    (7, {atok=<Tok_uident (Constant "square")>; source=["Tesseract.hmp":3:0.."Tesseract.hmp":3:6)})
    (8, {atok=<Tok_whitespace>; source=["Tesseract.hmp":3:6.."Tesseract.hmp":3:7)})
    (9, {atok=<Tok_lbrack>; source=["Tesseract.hmp":3:7.."Tesseract.hmp":3:8)})
    (10, {atok=<Tok_at_op "@">; source=["Tesseract.hmp":3:8.."Tesseract.hmp":3:9)})
    (11, {atok=<Tok_uident (Constant "inline")>; source=["Tesseract.hmp":3:9.."Tesseract.hmp":3:15)})
    (12, {atok=<Tok_rbrack>; source=["Tesseract.hmp":3:15.."Tesseract.hmp":3:16)})
    (13, {atok=<Tok_whitespace>; source=["Tesseract.hmp":3:16.."Tesseract.hmp":3:17)})
    (14, {atok=<Tok_eq>; source=["Tesseract.hmp":3:17.."Tesseract.hmp":3:18)})
    (15, {atok=<Tok_whitespace>; source=["Tesseract.hmp":3:18.."Tesseract.hmp":3:19)})
    (16, {atok=<Tok_lparen>; source=["Tesseract.hmp":3:19.."Tesseract.hmp":3:20)})
    (17, {atok=<Tok_fn>; source=["Tesseract.hmp":3:20.."Tesseract.hmp":3:22)})
    (18, {atok=<Tok_whitespace>; source=["Tesseract.hmp":3:22.."Tesseract.hmp":3:23)})
    (19, {atok=<Tok_uident (Constant "x")>; source=["Tesseract.hmp":3:23.."Tesseract.hmp":3:24)})
    (20, {atok=<Tok_whitespace>; source=["Tesseract.hmp":3:24.."Tesseract.hmp":3:25)})
    (21, {atok=<Tok_eq>; source=["Tesseract.hmp":3:25.."Tesseract.hmp":3:26)})
    (22, {atok=<Tok_whitespace>; source=["Tesseract.hmp":3:26.."Tesseract.hmp":4:0)})
    (23, {atok=<Tok_whitespace>; source=["Tesseract.hmp":4:0.."Tesseract.hmp":4:4)})
    (24, {atok=<Tok_indent>; source=["Tesseract.hmp":4:4.."Tesseract.hmp":4:4)})
    (25, {atok=<Tok_uident (Constant "x")>; source=["Tesseract.hmp":4:4.."Tesseract.hmp":4:5)})
    (26, {atok=<Tok_whitespace>; source=["Tesseract.hmp":4:5.."Tesseract.hmp":4:6)})
    (27, {atok=<Tok_star_op "*">; source=["Tesseract.hmp":4:6.."Tesseract.hmp":4:7)})
    (28, {atok=<Tok_whitespace>; source=["Tesseract.hmp":4:7.."Tesseract.hmp":4:8)})
    (29, {atok=<Tok_uident (Constant "x")>; source=["Tesseract.hmp":4:8.."Tesseract.hmp":4:9)})
    (30, {atok=<Tok_whitespace>; source=["Tesseract.hmp":4:9.."Tesseract.hmp":5:0)})
    (31, {atok=<Tok_whitespace>; source=["Tesseract.hmp":5:0.."Tesseract.hmp":5:2)})
    (32, {atok=<Tok_dedent>; source=["Tesseract.hmp":5:2.."Tesseract.hmp":5:2)})
    (33, {atok=<Tok_rparen>; source=["Tesseract.hmp":5:2.."Tesseract.hmp":5:3)})
    (34, {atok=<Tok_whitespace>; source=["Tesseract.hmp":5:3.."Tesseract.hmp":6:0)})
    (35, {atok=<Tok_whitespace>; source=["Tesseract.hmp":6:0.."Tesseract.hmp":7:0)})
    (36, {atok=<Tok_line_delim>; source=["Tesseract.hmp":7:0.."Tesseract.hmp":7:0)})
    (37, {atok=<Tok_uident (Constant "tesseract")>; source=["Tesseract.hmp":7:0.."Tesseract.hmp":7:9)})
    (38, {atok=<Tok_whitespace>; source=["Tesseract.hmp":7:9.."Tesseract.hmp":7:10)})
    (39, {atok=<Tok_uident (Constant "x")>; source=["Tesseract.hmp":7:10.."Tesseract.hmp":7:11)})
    (40, {atok=<Tok_whitespace>; source=["Tesseract.hmp":7:11.."Tesseract.hmp":7:12)})
    (41, {atok=<Tok_eq>; source=["Tesseract.hmp":7:12.."Tesseract.hmp":7:13)})
    (42, {atok=<Tok_whitespace>; source=["Tesseract.hmp":7:13.."Tesseract.hmp":8:0)})
    (43, {atok=<Tok_whitespace>; source=["Tesseract.hmp":8:0.."Tesseract.hmp":8:4)})
    (44, {atok=<Tok_indent>; source=["Tesseract.hmp":8:4.."Tesseract.hmp":8:4)})
    (45, {atok=<Tok_lparen>; source=["Tesseract.hmp":8:4.."Tesseract.hmp":8:5)})
    (46, {atok=<Tok_source_directive (Constant {path=Some ("Tesseract.hmp"); line=Some (3); io=Some ({indent=0; omit=19})})>; source=[8:5..8:30)})
    (47, {atok=<Tok_lparen>; source=["Tesseract.hmp":3:19.."Tesseract.hmp":3:20)})
    (48, {atok=<Tok_fn>; source=["Tesseract.hmp":3:20.."Tesseract.hmp":3:22)})
    (49, {atok=<Tok_whitespace>; source=["Tesseract.hmp":3:22.."Tesseract.hmp":3:23)})
    (50, {atok=<Tok_uident (Constant "x")>; source=["Tesseract.hmp":3:23.."Tesseract.hmp":3:24)})
    (51, {atok=<Tok_whitespace>; source=["Tesseract.hmp":3:24.."Tesseract.hmp":3:25)})
    (52, {atok=<Tok_eq>; source=["Tesseract.hmp":3:25.."Tesseract.hmp":3:26)})
    (53, {atok=<Tok_whitespace>; source=["Tesseract.hmp":3:26.."Tesseract.hmp":4:0)})
    (54, {atok=<Tok_whitespace>; source=["Tesseract.hmp":4:0.."Tesseract.hmp":4:4)})
    (55, {atok=<Tok_indent>; source=["Tesseract.hmp":4:4.."Tesseract.hmp":4:4)})
    (56, {atok=<Tok_uident (Constant "x")>; source=["Tesseract.hmp":4:4.."Tesseract.hmp":4:5)})
    (57, {atok=<Tok_whitespace>; source=["Tesseract.hmp":4:5.."Tesseract.hmp":4:6)})
    (58, {atok=<Tok_star_op "*">; source=["Tesseract.hmp":4:6.."Tesseract.hmp":4:7)})
    (59, {atok=<Tok_whitespace>; source=["Tesseract.hmp":4:7.."Tesseract.hmp":4:8)})
    (60, {atok=<Tok_uident (Constant "x")>; source=["Tesseract.hmp":4:8.."Tesseract.hmp":4:9)})
    (61, {atok=<Tok_whitespace>; source=["Tesseract.hmp":4:9.."Tesseract.hmp":5:0)})
    (62, {atok=<Tok_whitespace>; source=["Tesseract.hmp":5:0.."Tesseract.hmp":5:2)})
    (63, {atok=<Tok_dedent>; source=["Tesseract.hmp":5:2.."Tesseract.hmp":5:2)})
    (64, {atok=<Tok_rparen>; source=["Tesseract.hmp":5:2.."Tesseract.hmp":5:3)})
    (65, {atok=<Tok_source_directive (Constant {path=Some ("Tesseract.hmp"); line=Some (8); io=Some ({indent=4; omit=7})})>; source=[10:3..10:27)})
    (66, {atok=<Tok_whitespace>; source=["Tesseract.hmp":8:11.."Tesseract.hmp":8:12)})
    (67, {atok=<Tok_lparen>; source=["Tesseract.hmp":8:12.."Tesseract.hmp":8:13)})
    (68, {atok=<Tok_source_directive (Constant {path=Some ("Tesseract.hmp"); line=Some (3); io=Some ({indent=0; omit=19})})>; source=[10:29..10:54)})
    (69, {atok=<Tok_lparen>; source=["Tesseract.hmp":3:19.."Tesseract.hmp":3:20)})
    (70, {atok=<Tok_fn>; source=["Tesseract.hmp":3:20.."Tesseract.hmp":3:22)})
    (71, {atok=<Tok_whitespace>; source=["Tesseract.hmp":3:22.."Tesseract.hmp":3:23)})
    (72, {atok=<Tok_uident (Constant "x")>; source=["Tesseract.hmp":3:23.."Tesseract.hmp":3:24)})
    (73, {atok=<Tok_whitespace>; source=["Tesseract.hmp":3:24.."Tesseract.hmp":3:25)})
    (74, {atok=<Tok_eq>; source=["Tesseract.hmp":3:25.."Tesseract.hmp":3:26)})
    (75, {atok=<Tok_whitespace>; source=["Tesseract.hmp":3:26.."Tesseract.hmp":4:0)})
    (76, {atok=<Tok_whitespace>; source=["Tesseract.hmp":4:0.."Tesseract.hmp":4:4)})
    (77, {atok=<Tok_indent>; source=["Tesseract.hmp":4:4.."Tesseract.hmp":4:4)})
    (78, {atok=<Tok_uident (Constant "x")>; source=["Tesseract.hmp":4:4.."Tesseract.hmp":4:5)})
    (79, {atok=<Tok_whitespace>; source=["Tesseract.hmp":4:5.."Tesseract.hmp":4:6)})
    (80, {atok=<Tok_star_op "*">; source=["Tesseract.hmp":4:6.."Tesseract.hmp":4:7)})
    (81, {atok=<Tok_whitespace>; source=["Tesseract.hmp":4:7.."Tesseract.hmp":4:8)})
    (82, {atok=<Tok_uident (Constant "x")>; source=["Tesseract.hmp":4:8.."Tesseract.hmp":4:9)})
    (83, {atok=<Tok_whitespace>; source=["Tesseract.hmp":4:9.."Tesseract.hmp":5:0)})
    (84, {atok=<Tok_whitespace>; source=["Tesseract.hmp":5:0.."Tesseract.hmp":5:2)})
    (85, {atok=<Tok_dedent>; source=["Tesseract.hmp":5:2.."Tesseract.hmp":5:2)})
    (86, {atok=<Tok_rparen>; source=["Tesseract.hmp":5:2.."Tesseract.hmp":5:3)})
    (87, {atok=<Tok_source_directive (Constant {path=Some ("Tesseract.hmp"); line=Some (8); io=Some ({indent=4; omit=15})})>; source=[12:3..12:28)})
    (88, {atok=<Tok_whitespace>; source=["Tesseract.hmp":8:19.."Tesseract.hmp":8:20)})
    (89, {atok=<Tok_uident (Constant "x")>; source=["Tesseract.hmp":8:20.."Tesseract.hmp":8:21)})
    (90, {atok=<Tok_rparen>; source=["Tesseract.hmp":8:21.."Tesseract.hmp":8:22)})
    (91, {atok=<Tok_rparen>; source=["Tesseract.hmp":8:22.."Tesseract.hmp":8:23)})
    (92, {atok=<Tok_dedent>; source=["Tesseract.hmp":8:23.."Tesseract.hmp":8:23)})
  ]
context_lookahead=[
    ["Tesseract.hmp":3:0.."Tesseract.hmp":3:26): "square [@inline] = (fn x ="
  ]
context_no_lookahead=[
    ["Tesseract.hmp":3:0.."Tesseract.hmp":3:15): "square [@inline"
    [3:15..3:26): "] = (fn x ="
  ]
