take Nil 0 = Nil
take Nil 1 = Nil
take (0 Nil) 0 = Nil
take (0 Nil) 1 = (0 Nil)
take (0 Nil) 2 = (0 Nil)
take (0 (1 Nil)) 0 = Nil
take (0 (1 Nil)) 1 = (0 Nil)
take (0 (1 Nil)) 2 = (0 (1 Nil))
take (0 (1 Nil)) 3 = (0 (1 Nil))
take (0 (1 (2 Nil))) 0 = Nil
take (0 (1 (2 Nil))) 1 = (0 Nil)
take (0 (1 (2 Nil))) 2 = (0 (1 Nil))
take (0 (1 (2 Nil))) 3 = (0 (1 (2 Nil)))
take (0 (1 (2 Nil))) 4 = (0 (1 (2 Nil)))
