list: "" -> ... -> ""
list_rev: "" -> ... -> ""
list: "a" -> ... -> "a"
list_rev: "a" -> ... -> "a"
list: "ab" -> ... -> "ab"
list_rev: "ba" -> ... -> "ba"
list: "abc" -> ... -> "abc"
list_rev: "cba" -> ... -> "cba"
list: "abcd" -> ... -> "abcd"
list_rev: "dcba" -> ... -> "dcba"
list: "abcde" -> ... -> "abcde"
list_rev: "edcba" -> ... -> "edcba"
