 p={base={string="", bindex=0}, past={string="", bindex=0}}
pi=[]
  in_:"aaaabaabaabaababaaabaababaaaabaaabaababaaaaaabaaaabaaabaababababaababaabaaab"
first: |
first: -|
first: --|
first: ---|
first: ----|
first: -----|
first: ------|
first: -------|
first: --------|
first: ---------|
first: ----------|
first: -----------|
first: ------------|
first: -------------|
first: --------------|
first: ---------------|
first: ----------------|
first: -----------------|
first: ------------------|
first: -------------------|
first: --------------------|
first: ---------------------|
first: ----------------------|
first: -----------------------|
first: ------------------------|
first: -------------------------|
first: --------------------------|
first: ---------------------------|
first: ----------------------------|
first: -----------------------------|
first: ------------------------------|
first: -------------------------------|
first: --------------------------------|
first: ---------------------------------|
first: ----------------------------------|
first: -----------------------------------|
first: ------------------------------------|
first: -------------------------------------|
first: --------------------------------------|
first: ---------------------------------------|
first: ----------------------------------------|
first: -----------------------------------------|
first: ------------------------------------------|
first: -------------------------------------------|
first: --------------------------------------------|
first: ---------------------------------------------|
first: ----------------------------------------------|
first: -----------------------------------------------|
first: ------------------------------------------------|
first: -------------------------------------------------|
first: --------------------------------------------------|
first: ---------------------------------------------------|
first: ----------------------------------------------------|
first: -----------------------------------------------------|
first: ------------------------------------------------------|
first: -------------------------------------------------------|
first: --------------------------------------------------------|
first: ---------------------------------------------------------|
first: ----------------------------------------------------------|
first: -----------------------------------------------------------|
first: ------------------------------------------------------------|
first: -------------------------------------------------------------|
first: --------------------------------------------------------------|
first: ---------------------------------------------------------------|
first: ----------------------------------------------------------------|
first: -----------------------------------------------------------------|
first: ------------------------------------------------------------------|
first: -------------------------------------------------------------------|
first: --------------------------------------------------------------------|
first: ---------------------------------------------------------------------|
first: ----------------------------------------------------------------------|
first: -----------------------------------------------------------------------|
first: ------------------------------------------------------------------------|
first: -------------------------------------------------------------------------|
first: --------------------------------------------------------------------------|
first: ---------------------------------------------------------------------------|
 p={base={string="a", bindex=0}, past={string="a", bindex=1}}
pi=[0]
  in_:"aaaabaabaabaababaaabaababaaaabaaabaababaaaaaabaaaabaaabaababababaababaabaaab"
first: |
first: -|
first: --|
first: ---|
first: ---- |
first: -----|
first: ------|
first: ------- |
first: --------|
first: ---------|
first: ---------- |
first: -----------|
first: ------------|
first: ------------- |
first: --------------|
first: --------------- |
first: ----------------|
first: -----------------|
first: ------------------|
first: ------------------- |
first: --------------------|
first: ---------------------|
first: ---------------------- |
first: -----------------------|
first: ------------------------ |
first: -------------------------|
first: --------------------------|
first: ---------------------------|
first: ----------------------------|
first: ----------------------------- |
first: ------------------------------|
first: -------------------------------|
first: --------------------------------|
first: --------------------------------- |
first: ----------------------------------|
first: -----------------------------------|
first: ------------------------------------ |
first: -------------------------------------|
first: -------------------------------------- |
first: ---------------------------------------|
first: ----------------------------------------|
first: -----------------------------------------|
first: ------------------------------------------|
first: -------------------------------------------|
first: --------------------------------------------|
first: --------------------------------------------- |
first: ----------------------------------------------|
first: -----------------------------------------------|
first: ------------------------------------------------|
first: -------------------------------------------------|
first: -------------------------------------------------- |
first: ---------------------------------------------------|
first: ----------------------------------------------------|
first: -----------------------------------------------------|
first: ------------------------------------------------------ |
first: -------------------------------------------------------|
first: --------------------------------------------------------|
first: --------------------------------------------------------- |
first: ----------------------------------------------------------|
first: ----------------------------------------------------------- |
first: ------------------------------------------------------------|
first: ------------------------------------------------------------- |
first: --------------------------------------------------------------|
first: --------------------------------------------------------------- |
first: ----------------------------------------------------------------|
first: -----------------------------------------------------------------|
first: ------------------------------------------------------------------ |
first: -------------------------------------------------------------------|
first: -------------------------------------------------------------------- |
first: ---------------------------------------------------------------------|
first: ----------------------------------------------------------------------|
first: ----------------------------------------------------------------------- |
first: ------------------------------------------------------------------------|
first: -------------------------------------------------------------------------|
first: --------------------------------------------------------------------------|
first: ---------------------------------------------------------------------------
 p={base={string="aa", bindex=0}, past={string="aa", bindex=2}}
pi=[01]
  in_:"aaaabaabaabaababaaabaababaaaabaaabaababaaaaaabaaaabaaabaababababaababaabaaab"
first: |
first: -|
first: --|
first: ---  |
first: ---- |
first: -----|
first: ------  |
first: ------- |
first: --------|
first: ---------  |
first: ---------- |
first: -----------|
first: ------------    |
first: -------------   |
first: --------------  |
first: --------------- |
first: ----------------|
first: -----------------|
first: ------------------  |
first: ------------------- |
first: --------------------|
first: ---------------------    |
first: ----------------------   |
first: -----------------------  |
first: ------------------------ |
first: -------------------------|
first: --------------------------|
first: ---------------------------|
first: ----------------------------  |
first: ----------------------------- |
first: ------------------------------|
first: -------------------------------|
first: --------------------------------  |
first: --------------------------------- |
first: ----------------------------------|
first: -----------------------------------    |
first: ------------------------------------   |
first: -------------------------------------  |
first: -------------------------------------- |
first: ---------------------------------------|
first: ----------------------------------------|
first: -----------------------------------------|
first: ------------------------------------------|
first: -------------------------------------------|
first: --------------------------------------------  |
first: --------------------------------------------- |
first: ----------------------------------------------|
first: -----------------------------------------------|
first: ------------------------------------------------|
first: -------------------------------------------------  |
first: -------------------------------------------------- |
first: ---------------------------------------------------|
first: ----------------------------------------------------|
first: -----------------------------------------------------  |
first: ------------------------------------------------------ |
first: -------------------------------------------------------|
first: --------------------------------------------------------        |
first: ---------------------------------------------------------       |
first: ----------------------------------------------------------      |
first: -----------------------------------------------------------     |
first: ------------------------------------------------------------    |
first: -------------------------------------------------------------   |
first: --------------------------------------------------------------  |
first: --------------------------------------------------------------- |
first: ----------------------------------------------------------------|
first: -----------------------------------------------------------------    |
first: ------------------------------------------------------------------   |
first: -------------------------------------------------------------------  |
first: -------------------------------------------------------------------- |
first: ---------------------------------------------------------------------|
first: ----------------------------------------------------------------------  |
first: ----------------------------------------------------------------------- |
first: ------------------------------------------------------------------------|
first: -------------------------------------------------------------------------|
first: --------------------------------------------------------------------------
first: ---------------------------------------------------------------------------
 p={base={string="aba", bindex=0}, past={string="aba", bindex=3}}
pi=[001]
  in_:"aaaabaabaabaababaaabaababaaaabaaabaababaaaaaabaaaabaaabaababababaababaabaaab"
first:    |
first: -  |
first: -- |
first: ---|
first: ----  |
first: ----- |
first: ------|
first: -------  |
first: -------- |
first: ---------|
first: ----------  |
first: ----------- |
first: ------------|
first: ------------- |
first: --------------|
first: ---------------   |
first: ----------------  |
first: ----------------- |
first: ------------------|
first: -------------------  |
first: -------------------- |
first: ---------------------|
first: ---------------------- |
first: -----------------------|
first: ------------------------    |
first: -------------------------   |
first: --------------------------  |
first: --------------------------- |
first: ----------------------------|
first: -----------------------------   |
first: ------------------------------  |
first: ------------------------------- |
first: --------------------------------|
first: ---------------------------------  |
first: ---------------------------------- |
first: -----------------------------------|
first: ------------------------------------ |
first: -------------------------------------|
first: --------------------------------------      |
first: ---------------------------------------     |
first: ----------------------------------------    |
first: -----------------------------------------   |
first: ------------------------------------------  |
first: ------------------------------------------- |
first: --------------------------------------------|
first: ---------------------------------------------    |
first: ----------------------------------------------   |
first: -----------------------------------------------  |
first: ------------------------------------------------ |
first: -------------------------------------------------|
first: --------------------------------------------------   |
first: ---------------------------------------------------  |
first: ---------------------------------------------------- |
first: -----------------------------------------------------|
first: ------------------------------------------------------  |
first: ------------------------------------------------------- |
first: --------------------------------------------------------|
first: --------------------------------------------------------- |
first: ----------------------------------------------------------|
first: ----------------------------------------------------------- |
first: ------------------------------------------------------------|
first: ------------------------------------------------------------- |
first: --------------------------------------------------------------|
first: ---------------------------------------------------------------  |
first: ---------------------------------------------------------------- |
first: -----------------------------------------------------------------|
first: ------------------------------------------------------------------ |
first: -------------------------------------------------------------------|
first: --------------------------------------------------------------------  |
first: --------------------------------------------------------------------- |
first: ----------------------------------------------------------------------|
first: -----------------------------------------------------------------------
first: ------------------------------------------------------------------------
first: -------------------------------------------------------------------------
first: --------------------------------------------------------------------------
first: ---------------------------------------------------------------------------
 p={base={string="ab", bindex=0}, past={string="ab", bindex=2}}
pi=[00]
  in_:"aaaabaabaabaababaaabaababaaaabaaabaababaaaaaabaaaabaaabaababababaababaabaaab"
first:    |
first: -  |
first: -- |
first: ---|
first: ----  |
first: ----- |
first: ------|
first: -------  |
first: -------- |
first: ---------|
first: ----------  |
first: ----------- |
first: ------------|
first: ------------- |
first: --------------|
first: ---------------   |
first: ----------------  |
first: ----------------- |
first: ------------------|
first: -------------------  |
first: -------------------- |
first: ---------------------|
first: ---------------------- |
first: -----------------------|
first: ------------------------    |
first: -------------------------   |
first: --------------------------  |
first: --------------------------- |
first: ----------------------------|
first: -----------------------------   |
first: ------------------------------  |
first: ------------------------------- |
first: --------------------------------|
first: ---------------------------------  |
first: ---------------------------------- |
first: -----------------------------------|
first: ------------------------------------ |
first: -------------------------------------|
first: --------------------------------------      |
first: ---------------------------------------     |
first: ----------------------------------------    |
first: -----------------------------------------   |
first: ------------------------------------------  |
first: ------------------------------------------- |
first: --------------------------------------------|
first: ---------------------------------------------    |
first: ----------------------------------------------   |
first: -----------------------------------------------  |
first: ------------------------------------------------ |
first: -------------------------------------------------|
first: --------------------------------------------------   |
first: ---------------------------------------------------  |
first: ---------------------------------------------------- |
first: -----------------------------------------------------|
first: ------------------------------------------------------  |
first: ------------------------------------------------------- |
first: --------------------------------------------------------|
first: --------------------------------------------------------- |
first: ----------------------------------------------------------|
first: ----------------------------------------------------------- |
first: ------------------------------------------------------------|
first: ------------------------------------------------------------- |
first: --------------------------------------------------------------|
first: ---------------------------------------------------------------  |
first: ---------------------------------------------------------------- |
first: -----------------------------------------------------------------|
first: ------------------------------------------------------------------ |
first: -------------------------------------------------------------------|
first: --------------------------------------------------------------------  |
first: --------------------------------------------------------------------- |
first: ----------------------------------------------------------------------|
first: -----------------------------------------------------------------------   |
first: ------------------------------------------------------------------------  |
first: ------------------------------------------------------------------------- |
first: --------------------------------------------------------------------------|
first: ---------------------------------------------------------------------------
 p={base={string="aab", bindex=0}, past={string="aab", bindex=3}}
pi=[010]
  in_:"aaaabaabaabaababaaabaababaaaabaaabaababaaaaaabaaaabaaabaababababaababaabaaab"
first:   |
first: - |
first: --|
first: ---  |
first: ---- |
first: -----|
first: ------  |
first: ------- |
first: --------|
first: ---------  |
first: ---------- |
first: -----------|
first: ------------     |
first: -------------    |
first: --------------   |
first: ---------------  |
first: ---------------- |
first: -----------------|
first: ------------------  |
first: ------------------- |
first: --------------------|
first: ---------------------      |
first: ----------------------     |
first: -----------------------    |
first: ------------------------   |
first: -------------------------  |
first: -------------------------- |
first: ---------------------------|
first: ----------------------------   |
first: -----------------------------  |
first: ------------------------------ |
first: -------------------------------|
first: --------------------------------  |
first: --------------------------------- |
first: ----------------------------------|
first: -----------------------------------        |
first: ------------------------------------       |
first: -------------------------------------      |
first: --------------------------------------     |
first: ---------------------------------------    |
first: ----------------------------------------   |
first: -----------------------------------------  |
first: ------------------------------------------ |
first: -------------------------------------------|
first: --------------------------------------------    |
first: ---------------------------------------------   |
first: ----------------------------------------------  |
first: ----------------------------------------------- |
first: ------------------------------------------------|
first: -------------------------------------------------   |
first: --------------------------------------------------  |
first: --------------------------------------------------- |
first: ----------------------------------------------------|
first: -----------------------------------------------------  |
first: ------------------------------------------------------ |
first: -------------------------------------------------------|
first: --------------------------------------------------------        |
first: ---------------------------------------------------------       |
first: ----------------------------------------------------------      |
first: -----------------------------------------------------------     |
first: ------------------------------------------------------------    |
first: -------------------------------------------------------------   |
first: --------------------------------------------------------------  |
first: --------------------------------------------------------------- |
first: ----------------------------------------------------------------|
first: -----------------------------------------------------------------    |
first: ------------------------------------------------------------------   |
first: -------------------------------------------------------------------  |
first: -------------------------------------------------------------------- |
first: ---------------------------------------------------------------------|
first: ----------------------------------------------------------------------   |
first: -----------------------------------------------------------------------  |
first: ------------------------------------------------------------------------ |
first: -------------------------------------------------------------------------|
first: --------------------------------------------------------------------------
first: ---------------------------------------------------------------------------
 p={base={string="aabab", bindex=0}, past={string="aabab", bindex=5}}
pi=[01010]
  in_:"aaaabaabaabaababaaabaababaaaabaaabaababaaaaaabaaaabaaabaababababaababaabaaab"
first:            |
first: -          |
first: --         |
first: ---        |
first: ----       |
first: -----      |
first: ------     |
first: -------    |
first: --------   |
first: ---------  |
first: ---------- |
first: -----------|
first: ------------        |
first: -------------       |
first: --------------      |
first: ---------------     |
first: ----------------    |
first: -----------------   |
first: ------------------  |
first: ------------------- |
first: --------------------|
first: ---------------------             |
first: ----------------------            |
first: -----------------------           |
first: ------------------------          |
first: -------------------------         |
first: --------------------------        |
first: ---------------------------       |
first: ----------------------------      |
first: -----------------------------     |
first: ------------------------------    |
first: -------------------------------   |
first: --------------------------------  |
first: --------------------------------- |
first: ----------------------------------|
first: -----------------------------------                    |
first: ------------------------------------                   |
first: -------------------------------------                  |
first: --------------------------------------                 |
first: ---------------------------------------                |
first: ----------------------------------------               |
first: -----------------------------------------              |
first: ------------------------------------------             |
first: -------------------------------------------            |
first: --------------------------------------------           |
first: ---------------------------------------------          |
first: ----------------------------------------------         |
first: -----------------------------------------------        |
first: ------------------------------------------------       |
first: -------------------------------------------------      |
first: --------------------------------------------------     |
first: ---------------------------------------------------    |
first: ----------------------------------------------------   |
first: -----------------------------------------------------  |
first: ------------------------------------------------------ |
first: -------------------------------------------------------|
first: --------------------------------------------------------        |
first: ---------------------------------------------------------       |
first: ----------------------------------------------------------      |
first: -----------------------------------------------------------     |
first: ------------------------------------------------------------    |
first: -------------------------------------------------------------   |
first: --------------------------------------------------------------  |
first: --------------------------------------------------------------- |
first: ----------------------------------------------------------------|
first: -----------------------------------------------------------------
first: ------------------------------------------------------------------
first: -------------------------------------------------------------------
first: --------------------------------------------------------------------
first: ---------------------------------------------------------------------
first: ----------------------------------------------------------------------
first: -----------------------------------------------------------------------
first: ------------------------------------------------------------------------
first: -------------------------------------------------------------------------
first: --------------------------------------------------------------------------
first: ---------------------------------------------------------------------------
 p={base={string="aaabaabab", bindex=0}, past={string="aaabaabab", bindex=9}}
pi=[012012010]
  in_:"aaaabaabaabaababaaabaababaaaabaaabaababaaaaaabaaaabaaabaababababaababaabaaab"
first:                 |
first: -               |
first: --              |
first: ---             |
first: ----            |
first: -----           |
first: ------          |
first: -------         |
first: --------        |
first: ---------       |
first: ----------      |
first: -----------     |
first: ------------    |
first: -------------   |
first: --------------  |
first: --------------- |
first: ----------------|
first: -----------------             |
first: ------------------            |
first: -------------------           |
first: --------------------          |
first: ---------------------         |
first: ----------------------        |
first: -----------------------       |
first: ------------------------      |
first: -------------------------     |
first: --------------------------    |
first: ---------------------------   |
first: ----------------------------  |
first: ----------------------------- |
first: ------------------------------|
first: -------------------------------                    |
first: --------------------------------                   |
first: ---------------------------------                  |
first: ----------------------------------                 |
first: -----------------------------------                |
first: ------------------------------------               |
first: -------------------------------------              |
first: --------------------------------------             |
first: ---------------------------------------            |
first: ----------------------------------------           |
first: -----------------------------------------          |
first: ------------------------------------------         |
first: -------------------------------------------        |
first: --------------------------------------------       |
first: ---------------------------------------------      |
first: ----------------------------------------------     |
first: -----------------------------------------------    |
first: ------------------------------------------------   |
first: -------------------------------------------------  |
first: -------------------------------------------------- |
first: ---------------------------------------------------|
first: ----------------------------------------------------
first: -----------------------------------------------------
first: ------------------------------------------------------
first: -------------------------------------------------------
first: --------------------------------------------------------
first: ---------------------------------------------------------
first: ----------------------------------------------------------
first: -----------------------------------------------------------
first: ------------------------------------------------------------
first: -------------------------------------------------------------
first: --------------------------------------------------------------
first: ---------------------------------------------------------------
first: ----------------------------------------------------------------
first: -----------------------------------------------------------------
first: ------------------------------------------------------------------
first: -------------------------------------------------------------------
first: --------------------------------------------------------------------
first: ---------------------------------------------------------------------
first: ----------------------------------------------------------------------
first: -----------------------------------------------------------------------
first: ------------------------------------------------------------------------
first: -------------------------------------------------------------------------
first: --------------------------------------------------------------------------
first: ---------------------------------------------------------------------------
 p={base={string="aaaabaaabaabab", bindex=0}, past={string="aaaabaaabaabab", bindex=14}}
pi=[01230123012010]
  in_:"aaaabaabaabaababaaabaababaaaabaaabaababaaaaaabaaaabaaabaababababaababaabaaab"
first:                          |
first: -                        |
first: --                       |
first: ---                      |
first: ----                     |
first: -----                    |
first: ------                   |
first: -------                  |
first: --------                 |
first: ---------                |
first: ----------               |
first: -----------              |
first: ------------             |
first: -------------            |
first: --------------           |
first: ---------------          |
first: ----------------         |
first: -----------------        |
first: ------------------       |
first: -------------------      |
first: --------------------     |
first: ---------------------    |
first: ----------------------   |
first: -----------------------  |
first: ------------------------ |
first: -------------------------|
first: --------------------------                    |
first: ---------------------------                   |
first: ----------------------------                  |
first: -----------------------------                 |
first: ------------------------------                |
first: -------------------------------               |
first: --------------------------------              |
first: ---------------------------------             |
first: ----------------------------------            |
first: -----------------------------------           |
first: ------------------------------------          |
first: -------------------------------------         |
first: --------------------------------------        |
first: ---------------------------------------       |
first: ----------------------------------------      |
first: -----------------------------------------     |
first: ------------------------------------------    |
first: -------------------------------------------   |
first: --------------------------------------------  |
first: --------------------------------------------- |
first: ----------------------------------------------|
first: -----------------------------------------------
first: ------------------------------------------------
first: -------------------------------------------------
first: --------------------------------------------------
first: ---------------------------------------------------
first: ----------------------------------------------------
first: -----------------------------------------------------
first: ------------------------------------------------------
first: -------------------------------------------------------
first: --------------------------------------------------------
first: ---------------------------------------------------------
first: ----------------------------------------------------------
first: -----------------------------------------------------------
first: ------------------------------------------------------------
first: -------------------------------------------------------------
first: --------------------------------------------------------------
first: ---------------------------------------------------------------
first: ----------------------------------------------------------------
first: -----------------------------------------------------------------
first: ------------------------------------------------------------------
first: -------------------------------------------------------------------
first: --------------------------------------------------------------------
first: ---------------------------------------------------------------------
first: ----------------------------------------------------------------------
first: -----------------------------------------------------------------------
first: ------------------------------------------------------------------------
first: -------------------------------------------------------------------------
first: --------------------------------------------------------------------------
first: ---------------------------------------------------------------------------
 p={base={string="aaaaaabaaaabaaabaabab", bindex=0}, past={string="aaaaaabaaaabaaabaabab", bindex=21}}
pi=[012345012340123012010]
  in_:"aaaabaabaabaababaaabaababaaaabaaabaababaaaaaabaaaabaaabaababababaababaabaaab"
first:                                        |
first: -                                      |
first: --                                     |
first: ---                                    |
first: ----                                   |
first: -----                                  |
first: ------                                 |
first: -------                                |
first: --------                               |
first: ---------                              |
first: ----------                             |
first: -----------                            |
first: ------------                           |
first: -------------                          |
first: --------------                         |
first: ---------------                        |
first: ----------------                       |
first: -----------------                      |
first: ------------------                     |
first: -------------------                    |
first: --------------------                   |
first: ---------------------                  |
first: ----------------------                 |
first: -----------------------                |
first: ------------------------               |
first: -------------------------              |
first: --------------------------             |
first: ---------------------------            |
first: ----------------------------           |
first: -----------------------------          |
first: ------------------------------         |
first: -------------------------------        |
first: --------------------------------       |
first: ---------------------------------      |
first: ----------------------------------     |
first: -----------------------------------    |
first: ------------------------------------   |
first: -------------------------------------  |
first: -------------------------------------- |
first: ---------------------------------------|
first: ----------------------------------------
first: -----------------------------------------
first: ------------------------------------------
first: -------------------------------------------
first: --------------------------------------------
first: ---------------------------------------------
first: ----------------------------------------------
first: -----------------------------------------------
first: ------------------------------------------------
first: -------------------------------------------------
first: --------------------------------------------------
first: ---------------------------------------------------
first: ----------------------------------------------------
first: -----------------------------------------------------
first: ------------------------------------------------------
first: -------------------------------------------------------
first: --------------------------------------------------------
first: ---------------------------------------------------------
first: ----------------------------------------------------------
first: -----------------------------------------------------------
first: ------------------------------------------------------------
first: -------------------------------------------------------------
first: --------------------------------------------------------------
first: ---------------------------------------------------------------
first: ----------------------------------------------------------------
first: -----------------------------------------------------------------
first: ------------------------------------------------------------------
first: -------------------------------------------------------------------
first: --------------------------------------------------------------------
first: ---------------------------------------------------------------------
first: ----------------------------------------------------------------------
first: -----------------------------------------------------------------------
first: ------------------------------------------------------------------------
first: -------------------------------------------------------------------------
first: --------------------------------------------------------------------------
first: ---------------------------------------------------------------------------
 p={base={string="ab", bindex=0}, past={string="ab", bindex=2}}
pi=[00]
  in_:"aaaabaabaabaababaaabaababaaaabaaabaababaaaaaabaaaabaaabaababababaababaabaaab"
first:    |
first: -  |
first: -- |
first: ---|
first: ----  |
first: ----- |
first: ------|
first: -------  |
first: -------- |
first: ---------|
first: ----------  |
first: ----------- |
first: ------------|
first: ------------- |
first: --------------|
first: ---------------   |
first: ----------------  |
first: ----------------- |
first: ------------------|
first: -------------------  |
first: -------------------- |
first: ---------------------|
first: ---------------------- |
first: -----------------------|
first: ------------------------    |
first: -------------------------   |
first: --------------------------  |
first: --------------------------- |
first: ----------------------------|
first: -----------------------------   |
first: ------------------------------  |
first: ------------------------------- |
first: --------------------------------|
first: ---------------------------------  |
first: ---------------------------------- |
first: -----------------------------------|
first: ------------------------------------ |
first: -------------------------------------|
first: --------------------------------------      |
first: ---------------------------------------     |
first: ----------------------------------------    |
first: -----------------------------------------   |
first: ------------------------------------------  |
first: ------------------------------------------- |
first: --------------------------------------------|
first: ---------------------------------------------    |
first: ----------------------------------------------   |
first: -----------------------------------------------  |
first: ------------------------------------------------ |
first: -------------------------------------------------|
first: --------------------------------------------------   |
first: ---------------------------------------------------  |
first: ---------------------------------------------------- |
first: -----------------------------------------------------|
first: ------------------------------------------------------  |
first: ------------------------------------------------------- |
first: --------------------------------------------------------|
first: --------------------------------------------------------- |
first: ----------------------------------------------------------|
first: ----------------------------------------------------------- |
first: ------------------------------------------------------------|
first: ------------------------------------------------------------- |
first: --------------------------------------------------------------|
first: ---------------------------------------------------------------  |
first: ---------------------------------------------------------------- |
first: -----------------------------------------------------------------|
first: ------------------------------------------------------------------ |
first: -------------------------------------------------------------------|
first: --------------------------------------------------------------------  |
first: --------------------------------------------------------------------- |
first: ----------------------------------------------------------------------|
first: -----------------------------------------------------------------------   |
first: ------------------------------------------------------------------------  |
first: ------------------------------------------------------------------------- |
first: --------------------------------------------------------------------------|
first: ---------------------------------------------------------------------------
 p={base={string="abaab", bindex=0}, past={string="abaab", bindex=5}}
pi=[00112]
  in_:"aaaabaabaabaababaaabaababaaaabaaabaababaaaaaabaaaabaaabaababababaababaabaaab"
first:    |
first: -  |
first: -- |
first: ---|
first: ----  |
first: ----- |
first: ------|
first: -------  |
first: -------- |
first: ---------|
first: ----------        |
first: -----------       |
first: ------------      |
first: -------------     |
first: --------------    |
first: ---------------   |
first: ----------------  |
first: ----------------- |
first: ------------------|
first: -------------------             |
first: --------------------            |
first: ---------------------           |
first: ----------------------          |
first: -----------------------         |
first: ------------------------        |
first: -------------------------       |
first: --------------------------      |
first: ---------------------------     |
first: ----------------------------    |
first: -----------------------------   |
first: ------------------------------  |
first: ------------------------------- |
first: --------------------------------|
first: ---------------------------------                    |
first: ----------------------------------                   |
first: -----------------------------------                  |
first: ------------------------------------                 |
first: -------------------------------------                |
first: --------------------------------------               |
first: ---------------------------------------              |
first: ----------------------------------------             |
first: -----------------------------------------            |
first: ------------------------------------------           |
first: -------------------------------------------          |
first: --------------------------------------------         |
first: ---------------------------------------------        |
first: ----------------------------------------------       |
first: -----------------------------------------------      |
first: ------------------------------------------------     |
first: -------------------------------------------------    |
first: --------------------------------------------------   |
first: ---------------------------------------------------  |
first: ---------------------------------------------------- |
first: -----------------------------------------------------|
first: ------------------------------------------------------        |
first: -------------------------------------------------------       |
first: --------------------------------------------------------      |
first: ---------------------------------------------------------     |
first: ----------------------------------------------------------    |
first: -----------------------------------------------------------   |
first: ------------------------------------------------------------  |
first: ------------------------------------------------------------- |
first: --------------------------------------------------------------|
first: ---------------------------------------------------------------    |
first: ----------------------------------------------------------------   |
first: -----------------------------------------------------------------  |
first: ------------------------------------------------------------------ |
first: -------------------------------------------------------------------|
first: --------------------------------------------------------------------
first: ---------------------------------------------------------------------
first: ----------------------------------------------------------------------
first: -----------------------------------------------------------------------
first: ------------------------------------------------------------------------
first: -------------------------------------------------------------------------
first: --------------------------------------------------------------------------
first: ---------------------------------------------------------------------------
 p={base={string="abaabaaab", bindex=0}, past={string="abaabaaab", bindex=9}}
pi=[001123412]
  in_:"aaaabaabaabaababaaabaababaaaabaaabaababaaaaaabaaaabaaabaababababaababaabaaab"
first:                                                                    |
first: -                                                                  |
first: --                                                                 |
first: ---                                                                |
first: ----                                                               |
first: -----                                                              |
first: ------                                                             |
first: -------                                                            |
first: --------                                                           |
first: ---------                                                          |
first: ----------                                                         |
first: -----------                                                        |
first: ------------                                                       |
first: -------------                                                      |
first: --------------                                                     |
first: ---------------                                                    |
first: ----------------                                                   |
first: -----------------                                                  |
first: ------------------                                                 |
first: -------------------                                                |
first: --------------------                                               |
first: ---------------------                                              |
first: ----------------------                                             |
first: -----------------------                                            |
first: ------------------------                                           |
first: -------------------------                                          |
first: --------------------------                                         |
first: ---------------------------                                        |
first: ----------------------------                                       |
first: -----------------------------                                      |
first: ------------------------------                                     |
first: -------------------------------                                    |
first: --------------------------------                                   |
first: ---------------------------------                                  |
first: ----------------------------------                                 |
first: -----------------------------------                                |
first: ------------------------------------                               |
first: -------------------------------------                              |
first: --------------------------------------                             |
first: ---------------------------------------                            |
first: ----------------------------------------                           |
first: -----------------------------------------                          |
first: ------------------------------------------                         |
first: -------------------------------------------                        |
first: --------------------------------------------                       |
first: ---------------------------------------------                      |
first: ----------------------------------------------                     |
first: -----------------------------------------------                    |
first: ------------------------------------------------                   |
first: -------------------------------------------------                  |
first: --------------------------------------------------                 |
first: ---------------------------------------------------                |
first: ----------------------------------------------------               |
first: -----------------------------------------------------              |
first: ------------------------------------------------------             |
first: -------------------------------------------------------            |
first: --------------------------------------------------------           |
first: ---------------------------------------------------------          |
first: ----------------------------------------------------------         |
first: -----------------------------------------------------------        |
first: ------------------------------------------------------------       |
first: -------------------------------------------------------------      |
first: --------------------------------------------------------------     |
first: ---------------------------------------------------------------    |
first: ----------------------------------------------------------------   |
first: -----------------------------------------------------------------  |
first: ------------------------------------------------------------------ |
first: -------------------------------------------------------------------|
first: --------------------------------------------------------------------
first: ---------------------------------------------------------------------
first: ----------------------------------------------------------------------
first: -----------------------------------------------------------------------
first: ------------------------------------------------------------------------
first: -------------------------------------------------------------------------
first: --------------------------------------------------------------------------
first: ---------------------------------------------------------------------------
