fmt
"pp"
"pp \n escaped"
"fmt pretty"
``fmt alt pretty``
``fmt alt pretty
 not escaped``
``

fmt alt pretty multi-line

``
fmt alt pretty "\n":
``


``
fmt alt pretty "\n\n":
``



``
``...``
``...`...``
`_`...``...`_`
`_``...`_`
`_`...``_`
`__`...``...`_`...`__`
`__`_`...``...`__`
`__`...``...`_`__`
`_c_`...``...`_`...`__`...`_c_`
`_a_`__`...``...`_`...`_a_`
`_f_`...``...`_`...`__`_f_`
`_2b_`...``...`_`...`__`...`__`_0_`_1_`_2_`_3_`_4_`_5_`_6_`_7_`_8_`_9_`_a_`_b_`_c_`_d_`_e_`_f_...`_2b_`
