"" |slice| -> ""
"<_>" |slice| -> "<_>"
"<_>" .|slice| -> "_>"
"<_>" |slice|. -> "<_"
"<_>" .|slice|. -> "_"
"«»" |slice| -> "«»"
"«»" .|slice| -> "»"
"«»" |slice|. -> "«"
"«»" .|slice|. -> ""
"‡" |slice| -> "‡"
"‡" .|slice| -> ""
"‡" |slice|. -> ""
"𐆗" |slice| -> "𐆗"
"𐆗" .|slice| -> ""
"𐆗" |slice|. -> ""
