hocc: Parsing "./Example_rno.hmh"
hocc: Generating APLR(1) specification
hocc: 2 precedences, 8 tokens, 5 non-terminals (1 start), 9 productions
hocc: LR(1) item set compatibility: lr
hocc: Generating LR(1) item set closures (workq/total) 0/14
hocc: Generating 14 LR(1) states
hocc: Tracing automaton (.+=actions[+gotos])+.+.+.++
hocc: 0 unreachable states
hocc: State subgraph remerging disabled due to unresolvable conflicts
hocc: Explicitly enable remerging (-remerge yes) to override
hocc: 8 conflicts in 2 states (0 ⊥, 8 shift-reduce, 0 reduce-reduce) (conflict resolution disabled)
hocc: Searching for unused precedences/associativities/tokens/non-terminals/productions
hocc: 2 unused precedence set associativities:
hocc:    left mul
hocc:    left add < mul
hocc: 4 unused token precedences:
hocc:    token STAR "*" prec mul
hocc:    token SLASH "/" prec mul
hocc:    token PLUS "+" prec add
hocc:    token MINUS "-" prec add
hocc: 2 unused production precedences:
hocc:    Expr ::= Expr MulOp Expr prec mul
hocc:    Expr ::= Expr AddOp Expr prec add
hocc: Generating text report
hocc: Writing "./hocc/Example_rno.txt"
