hocc: Parsing "./Gawk.hmh"
hocc: Generating IELR(1) specification
hocc: 19 precedences, 60 tokens, 46 non-terminals (1 start), 164 productions
hocc: Generating LALR(1) specification as IELR(1) prerequisite
hocc: LR(1) item set compatibility: lalr1
hocc: Generating LR(1) item set closures (+^.=add/split/merge)++++++++++++++++++++++++++++++++++++++++++++++..+..+...............++......+..+.......+++++++++..++++++++++++++++++++++++++++++++++++++[62/100]+++++++++++.++++++++.................++.................................++++++++++++++............++.........+++.++++++++++++++++................+...........................................++++++++++++++...+++++++++.++...+........++++++.+...................................+.++.+++.+......................+++[67/200]+++..+++++++++..........+..............++++++++++++.++.+++++++++++++++++++++++++.+++++++++.+.+++++++++++++...+......++++++++++++......+........++++............+...........................................................++++.++[14/300]+++.+++..+.+++++.++++++++
hocc: Generating 320 LR(1) states
hocc: 447 conflicts in 77 states (37 ⊥, 410 shift-reduce, 0 reduce-reduce) (conflict resolution disabled)
hocc: Gathering IELR(1) conflict attributions..............................................
hocc: Filtering useless IELR(1) conflict attributions
hocc: LR(1) item set compatibility: ielr1
hocc: Generating LR(1) item set closures (+^.=add/split/merge)++++++++++++++++++++++++++++++++++++++++++++++.^+.+^^^^^.^^..^^^^.++^.^.+..+.......+++++++++..++++^++++.+++++++++++++++[66/100]++++++++++++++++++++++++++.++++++++.................++..................................+++++++++...^..^..........^.^^^^^^^.+++++.^^^^^^.^^^^+^^^^^^..^+.........+++^++^^^^^++++++++++[104/200]++++................+.................................................++++++++++++++^^+++++.++++.++^^^+.^^.....++++++.+..........+^+++++^+^.....................+...........^^^^^^.+++++^^^^^^^^^^^^^^^^..+.++++++++..........+..............++++++^[83/300]^^^+^++.+++..^..^......+^...^^.+.............................++++++++++++++^^^^^^+.++^.^++++^+..^^+++.++++^^^^+++++.......^++++++++++++++.........+.................^^^^^^++++^++++^^^[39/400]++++^......+........++++^..^.^......+...........................................++^^^++.++++^^^+^^^.+++..+.^^^^+^^++++^^^^^+^^++^^^^^++^.^^^^++^^^^^+^.^^.^^^^^..
hocc: Generating 485 LR(1) states
hocc: 124 unresolvable conflicts in 81 states (38 ⊥, 86 shift-reduce, 0 reduce-reduce)
hocc: 0 unreachable states
hocc: 25 remergeable states
hocc: Reindexing 460 LR(1) states
hocc: Searching for unused precedences/tokens/non-terminals/productions
