hocc: Parsing "./Gawk.hmh"
hocc: Generating IELR(1) specification
hocc: 19 precedences, 60 tokens, 46 non-terminals (1 start), 164 productions
hocc: Generating LALR(1) specification as IELR(1) prerequisite
hocc: LR(1) item set compatibility: lalr
hocc: Generating LR(1) item set closures (+^.=add/split/merge)++++++++++++++++++++++++++++++++++++++++++++++..+..+...............++......+..+.......+++++++++..++++++++++++++++++++++++++++++++++++++[62/100]+++++++++++.++++++++.................++.................................++++++++++++++............++.........+++.++++++++++++++++................+...........................................++++++++++++++...+++++++++.++...+........++++++.+...................................+.++.+++.+......................+++[67/200]+++..+++++++++..........+..............++++++++++++.++.+++++++++++++++++++++++++.+++++++++.+.+++++++++++++...+......++++++++++++......+........++++............+...........................................................++++.++[14/300]+++.+++..+.+++++.++++++++
hocc: Generating 320 LR(1) states
hocc: 447 conflicts in 77 states (37 ⊥, 410 shift-reduce, 0 reduce-reduce) (conflict resolution disabled)
hocc: Gathering IELR(1) conflict attributions
hocc: Filtering useless IELR(1) conflict attributions
hocc: LR(1) item set compatibility: ielr
hocc: Generating LR(1) item set closures (+^.=add/split/merge)++++++++++++++++++++++++++++++++++++++++++++++.^+.+^^^^^.^^..^^^^.++^.^.+..+.......+++++++++..++++^++++.+++++++++++++++[66/100]++++++++++++++++++++++++++.++++++++.................++..................................+++++++++...^..^..........^.^^^^^^^.+++++.^^^^^^.^^^^+^^^^^^..^+.........+++^++^^^^^++++++++++[104/200]++++................+.................................................++++++++++++++^^+++++.++++.++^^^+.^^.....++++++.+..........+^+++++^+^.....................+...........^^^^^^.+++++^^^^^^^^^^^^^^^^..+.++++++++..........+..............++++++^[83/300]^^^+^++.+++..^..^......+^...^^.+.............................++++++++++++++^^^^^^+.++^.^++++^+..^^+++.++++^^^^+++++.......^++++++++++++++.........+.................^^^^^^++++^++++^^^[39/400]++++^......+........++++^..^.^......+...........................................++^^^++.++++^^^+^^^.+++..+.^^^^+^^++++^^^^^+^^++^^^^^++^.^^^^++^^^^^+^.^^.^^^^^..
hocc: Generating 485 LR(1) states
hocc: Tracing automaton.....................
hocc: 0 unreachable states
hocc: Searching for remergeable state subgraphs.+1+18+6+6+12+1+14+1+25..+2+2+2+2+2+2..+2..+5+16...+1+2+2+2......+1.........................................
hocc: 127 remergeable states
hocc: Reindexing 358 LR(1) states
hocc: 104 unresolvable conflicts in 66 states (38 ⊥, 66 shift-reduce, 0 reduce-reduce)
hocc: Searching for unused precedences/tokens/non-terminals/productions
