hocc: Invalid command line parameter: "-no-such-option"
hocc usage: hocc <parameters>

Parameters:
              -h[elp] : Print command usage and exit.
           -v[erbose] : Print progress information during parser generation.
         -txt | -text : Write a detailed automaton description in plain text
                        format to "<dstdir>/hocc/<module>.txt".
         -hmh | -hocc : Write a complete grammar specification in hocc format to
                        "<dstdir>/hocc/<module>.hmh", but with all non-terminal
                        types and reduction code omitted.
   -a[lgorithm] <alg> : Use the specified <alg>orithm for generating an
                        automaton. Defaults to lr1.
                        - lr1: Canonical LR(1) automaton.
                        - ielr1: Compact LR(1) automaton that recognizes valid
                          inputs identically to lr1 automatons, even in the
                          presence of precedence-resolved ambiguities.
                        - pgm1: Compact LR(1) automaton that recognizes valid
                          inputs identically to lr1 automatons, provided there
                          were no precedence-resolved ambiguities in the grammar
                          specification.
                        - lalr1: LALR(1) automaton.
  -r[esolve] (yes|no) : Control whether conflict resolution is enabled. Defaults
                        to yes.
-[re]m[erge] (yes|no) : Control whether remerging equivalent split states is
                        enabled. Defaults to yes.
       -hm | -hemlock : Generate a Hemlock-based parser implementation and write
                        it to "<dstdir>/<module>.hm[i]".
         -ml | -ocaml : Generate an OCaml-based parser implementation and write
                        it to "<dstdir>/<module>.ml[i]". This is brittle
                        functionality intended only for Hemlock bootstrapping.
         -s[rc] <src> : Path and module name of input source, where inputs match
                        "<src>.hmh[i]" and "<src>" comprises the source
                        directory and module name, "[<srcdir>/]<module>".
   -d[stdir] <dstdir> : Path to directory in which to place generated output,
                        such that output file paths match
                        "<dstdir>/[hocc/]<module>.*". Defaults to "<srcdir>".
