hocc: Parsing "./IelrFig3_rno.hmh"
hocc: Generating IELR(1) specification
hocc: 3 precedences, 4 tokens, 5 non-terminals (1 start), 10 productions
hocc: Generating LALR(1) specification as IELR(1) prerequisite
hocc: LR(1) item set compatibility: lalr1
hocc: Generating LR(1) item set closures (+^.=add/split/merge)+++++++.+++++++++++
hocc: Generating 19 LR(1) states
hocc: 1 conflict in 1 state (0 ⊥, 0 shift-reduce, 1 reduce-reduce) (conflict resolution disabled)
hocc: Gathering IELR(1) conflict attributions.
hocc: LR(1) item set compatibility: ielr1
hocc: Generating LR(1) item set closures (+^.=add/split/merge)+++++++.+++++++++++
hocc: Generating 19 LR(1) states
hocc: 1 conflict in 1 state (0 ⊥, 0 shift-reduce, 1 reduce-reduce) (conflict resolution disabled)
hocc: 0 unreachable states
hocc: 0 remergeable states
hocc: Searching for unused precedences/tokens/non-terminals/productions
hocc: Generating text report
hocc: Generating hocc report
hocc: Writing "./hocc/IelrFig3_rno.txt"
hocc: Writing "./hocc/IelrFig3_rno.hmh"
