hocc: Parsing "./IelrRemergeable_aaplr.hmh"
hocc: Generating APLR(1) specification
hocc: 6 precedences, 13 tokens, 5 non-terminals (1 start), 15 productions
hocc: LR(1) item set compatibility: lr
hocc: Generating LR(1) item set closures (workq/total) 0/268
hocc: Generating 268 LR(1) states
hocc: Tracing automaton (.+=actions[+gotos])+..+...+..+.+...+..+..+..+..+.+.+
hocc: 4 unreachable states
hocc: Reindexing 264 LR(1) states
hocc: Searching for remergeable state subgraphs (mergeable/max[worklst]) 0/219[259] 219/219[0]
hocc: Remerging 219 LR(1) states
hocc: Reindexing 45 LR(1) states
hocc: 0 unresolvable conflicts in 0 states
hocc: Searching for unused precedences/associativities/tokens/non-terminals/productions
hocc: 4 unused precedence set associativities:
hocc:    left p1 < p0
hocc:    left p2 < p1
hocc:    left p4 < p3
hocc:    left p5 < p4
hocc: 3 unused token precedences:
hocc:    token MAX "max" prec p1
hocc:    token VAR "var" prec p5
hocc:    token LPAREN "(" prec p5
hocc: Generating text report
hocc: Writing "./hocc/IelrRemergeable_aaplr.txt"
