hocc: Parsing "./IelrRemergeable_aaplr_gpost.hmh"
hocc: Generating APLR(1) specification
hocc: 5 precedences, 13 tokens, 5 non-terminals (1 start), 15 productions
hocc: LR(1) item set compatibility: lr
hocc: Generating LR(1) item set closures (workq/total) 0/268
hocc: Generating 268 LR(1) states
hocc: Searching for remergeable state subgraphs (mergeable/max[worklst]) 0/223[263] 223/223[0]
hocc: Remerging 223 LR(1) states
hocc: Reindexing 45 LR(1) states
hocc: Tracing automaton (.+=actions[+gotos])+.+..+.+.+..+.+.+.+
hocc: 0 unreachable states
hocc: 0 unresolvable conflicts in 0 states
hocc: Searching for unused precedences/associativities/tokens/non-terminals/productions
hocc: Generating text report
hocc: Writing "./hocc/IelrRemergeable_aaplr_gpost.txt"
