hocc: Parsing "./Menhir21Shorter.hmh"
hocc: Generating PGM LR(1) specification
hocc: 0 precedences, 8 tokens, 4 non-terminals (1 start), 8 productions
hocc: LR(1) item set compatibility: weak
hocc: Generating LR(1) item set closures (workq/total) 0/22
hocc: Generating 22 LR(1) states
hocc: Tracing automaton (.+=actions[+gotos])+...+.+.+
hocc: 0 unreachable states
hocc: Searching for remergeable states: 0/1
hocc: 0 remergeable states
hocc: 0 conflicts
hocc: Generating text report
hocc: Generating Hocc report
hocc: Writing "./hocc/Menhir21Shorter.txt"
hocc: Writing "./hocc/Menhir21Shorter.hmh"
