hocc: Parsing "./OCaml.hmh"
hocc: Generating LALR(1) specification
hocc: 71 precedences, 126 tokens, 223 non-terminals (15 starts), 867 productions
hocc: LR(1) item set compatibility: lalr
hocc: Generating LR(1) item set closures (workq/total) 230/1_000 0/1_878
hocc: Generating 1_878 LR(1) states
hocc: 0 unresolvable conflicts in 0 states
hocc: Searching for unused precedences/tokens/non-terminals/productions
hocc: 4 unused tokens:
hocc:    token COMMENT
hocc:    token DOCSTRING
hocc:    token EOL
hocc:    token GREATERRBRACKET ">]"
