hocc: Parsing "./Parse_b.hmhi"
hocc: Parsing "./Parse_b.hmh"
hocc: Generating LR(1) specification
hocc: 1 precedence, 3 tokens, 2 non-terminals (1 start), 2 productions
hocc: LR(1) item set compatibility: lr1
hocc: Generating LR(1) item set closures (+^.=add/split/merge)++
hocc: Generating 3 LR(1) states
hocc: 0 unresolvable conflicts in 0 states
hocc: 0 unreachable states
hocc: 0 remergeable states
hocc: Searching for unused precedences/tokens/non-terminals/productions
hocc: 1 unused precedence:
hocc:    neutral p
hocc: 1 unused token:
hocc:    token T
