hocc: Parsing "./Parse_error_delimited_rbrack.hmh"
hocc: At ["./Parse_error_delimited_rbrack.hmh":4:0.."./Parse_error_delimited_rbrack.hmh":4:0): Unexpected token not in {⸱hocc⸱nonterm⸱epsilon⸱start⸱token⸱neutral⸱left⸱right⸱nonassoc⸱prec⸱UIDENT⸱CIDENT⸱_⸱ISTRING⸱::=⸱of⸱:⸱.⸱->⸱<⸱=⸱,⸱as⸱INDENT⸱(⸱(|⸱[⸱]⸱[|⸱{⸱OTHER_TOKEN⸱}
