--- Member, length 1 -> 0. ---
remove_hlt 0
Map {
    length=1
    root={
        present_kv=0x20
        present_child=0x0
        elms_kv=[|
            (0, "0")
          |]
        elms_child=[||]
      }
  } ->
Map {
    length=0
    root={
        present_kv=0x0
        present_child=0x0
        elms_kv=[|
          |]
        elms_child=[||]
      }
  }
--- Member, length 2 -> 1. ---
remove_hlt 1
Map {
    length=2
    root={
        present_kv=0x1020
        present_child=0x0
        elms_kv=[|
            (0, "0")
            (1, "1")
          |]
        elms_child=[||]
      }
  } ->
Map {
    length=1
    root={
        present_kv=0x20
        present_child=0x0
        elms_kv=[|
            (0, "0")
          |]
        elms_child=[||]
      }
  }
--- Member, length 3 -> 2. ---
remove_hlt 2
Map {
    length=3
    root={
        present_kv=0x2_0000_1020
        present_child=0x0
        elms_kv=[|
            (0, "0")
            (1, "1")
            (2, "2")
          |]
        elms_child=[||]
      }
  } ->
Map {
    length=2
    root={
        present_kv=0x1020
        present_child=0x0
        elms_kv=[|
            (0, "0")
            (1, "1")
          |]
        elms_child=[||]
      }
  }
