of_alist []; to_alist -> []
of_alist [(0, "0")]; to_alist -> [(0, "0")]
of_alist [(0, "0"); (1, "1")]; to_alist -> [(1, "1"); (0, "0")]
of_alist [(0, "0"); (1, "1"); (2, "2")]; to_alist -> [(2, "2"); (1, "1"); (0, "0")]
of_alist [(0, "0"); (1, "1"); (66, "66")]; to_alist -> [(1, "1"); (66, "66"); (0, "0")]
of_alist [(0, "0"); (1, "1"); (66, "66"); (91, "91")]; to_alist -> [(91, "91"); (1, "1"); (66, "66"); (0, "0")]
