cmp 0x00i8 0x80i8 -> Gt
0x00i8 >= 0x80i8 -> true
0x00i8 <= 0x80i8 -> false
0x00i8 = 0x80i8 -> false
0x00i8 > 0x80i8 -> true
0x00i8 < 0x80i8 -> false
0x00i8 <> 0x80i8 -> true
ascending 0x00i8 0x80i8 -> Gt
descending 0x00i8 0x80i8 -> Lt

cmp 0x00i8 0xffi8 -> Gt
0x00i8 >= 0xffi8 -> true
0x00i8 <= 0xffi8 -> false
0x00i8 = 0xffi8 -> false
0x00i8 > 0xffi8 -> true
0x00i8 < 0xffi8 -> false
0x00i8 <> 0xffi8 -> true
ascending 0x00i8 0xffi8 -> Gt
descending 0x00i8 0xffi8 -> Lt

cmp 0x80i8 0xffi8 -> Lt
0x80i8 >= 0xffi8 -> false
0x80i8 <= 0xffi8 -> true
0x80i8 = 0xffi8 -> false
0x80i8 > 0xffi8 -> false
0x80i8 < 0xffi8 -> true
0x80i8 <> 0xffi8 -> true
ascending 0x80i8 0xffi8 -> Lt
descending 0x80i8 0xffi8 -> Gt

clamp ~min:0xffi8 ~max:0x00i8 0xfei8 -> 0xffi8
between ~low:0xffi8 ~high:0x00i8 0xfei8 -> false

clamp ~min:0xffi8 ~max:0x00i8 0xffi8 -> 0xffi8
between ~low:0xffi8 ~high:0x00i8 0xffi8 -> true

clamp ~min:0xffi8 ~max:0x00i8 0x00i8 -> 0x00i8
between ~low:0xffi8 ~high:0x00i8 0x00i8 -> true

clamp ~min:0xffi8 ~max:0x00i8 0x01i8 -> 0x00i8
between ~low:0xffi8 ~high:0x00i8 0x01i8 -> false
