[||] -> [||] / [||]
[|0|] -> [|(0, "1")|] / [||]
[|0; 1|] -> [|(0, "1")|] / [|(1, 0x2)|]
[|0; 1; 2|] -> [|(0, "1"); (2, "4")|] / [|(1, 0x2)|]
[|0; 1; 2; 3|] -> [|(0, "1"); (2, "4")|] / [|(1, 0x2); (3, 0x8)|]
[|0; 1; 2; 3; 4|] -> [|(0, "1"); (2, "4"); (4, "16")|] / [|(1, 0x2); (3, 0x8)|]
[|0; 1; 2; 3; 4; 5|] -> [|(0, "1"); (2, "4"); (4, "16")|] / [|(1, 0x2); (3, 0x8); (5, 0x20)|]
