``ABCDEFGHIJKLMNOPQRSTUVWXYZabcdefghijklmnopqrstuvwxyz0123456789_'``
  (Tok_cident {source=[1:0..1:64); cident="ABCDEFGHIJKLMNOPQRSTUVWXYZabcdefghijklmnopqrstuvwxyz0123456789_'"})
  (Tok_end_of_input {source=[1:64..1:64)})
``A B C D E F G H I J K L M N O P Q R S T U V W X Y Z``
  (Tok_cident {source=[1:0..1:1); cident="A"})
  (Tok_whitespace {source=[1:1..1:2)})
  (Tok_cident {source=[1:2..1:3); cident="B"})
  (Tok_whitespace {source=[1:3..1:4)})
  (Tok_cident {source=[1:4..1:5); cident="C"})
  (Tok_whitespace {source=[1:5..1:6)})
  (Tok_cident {source=[1:6..1:7); cident="D"})
  (Tok_whitespace {source=[1:7..1:8)})
  (Tok_cident {source=[1:8..1:9); cident="E"})
  (Tok_whitespace {source=[1:9..1:10)})
  (Tok_cident {source=[1:10..1:11); cident="F"})
  (Tok_whitespace {source=[1:11..1:12)})
  (Tok_cident {source=[1:12..1:13); cident="G"})
  (Tok_whitespace {source=[1:13..1:14)})
  (Tok_cident {source=[1:14..1:15); cident="H"})
  (Tok_whitespace {source=[1:15..1:16)})
  (Tok_cident {source=[1:16..1:17); cident="I"})
  (Tok_whitespace {source=[1:17..1:18)})
  (Tok_cident {source=[1:18..1:19); cident="J"})
  (Tok_whitespace {source=[1:19..1:20)})
  (Tok_cident {source=[1:20..1:21); cident="K"})
  (Tok_whitespace {source=[1:21..1:22)})
  (Tok_cident {source=[1:22..1:23); cident="L"})
  (Tok_whitespace {source=[1:23..1:24)})
  (Tok_cident {source=[1:24..1:25); cident="M"})
  (Tok_whitespace {source=[1:25..1:26)})
  (Tok_cident {source=[1:26..1:27); cident="N"})
  (Tok_whitespace {source=[1:27..1:28)})
  (Tok_cident {source=[1:28..1:29); cident="O"})
  (Tok_whitespace {source=[1:29..1:30)})
  (Tok_cident {source=[1:30..1:31); cident="P"})
  (Tok_whitespace {source=[1:31..1:32)})
  (Tok_cident {source=[1:32..1:33); cident="Q"})
  (Tok_whitespace {source=[1:33..1:34)})
  (Tok_cident {source=[1:34..1:35); cident="R"})
  (Tok_whitespace {source=[1:35..1:36)})
  (Tok_cident {source=[1:36..1:37); cident="S"})
  (Tok_whitespace {source=[1:37..1:38)})
  (Tok_cident {source=[1:38..1:39); cident="T"})
  (Tok_whitespace {source=[1:39..1:40)})
  (Tok_cident {source=[1:40..1:41); cident="U"})
  (Tok_whitespace {source=[1:41..1:42)})
  (Tok_cident {source=[1:42..1:43); cident="V"})
  (Tok_whitespace {source=[1:43..1:44)})
  (Tok_cident {source=[1:44..1:45); cident="W"})
  (Tok_whitespace {source=[1:45..1:46)})
  (Tok_cident {source=[1:46..1:47); cident="X"})
  (Tok_whitespace {source=[1:47..1:48)})
  (Tok_cident {source=[1:48..1:49); cident="Y"})
  (Tok_whitespace {source=[1:49..1:50)})
  (Tok_cident {source=[1:50..1:51); cident="Z"})
  (Tok_end_of_input {source=[1:51..1:51)})
