``0.``
  [1:0..1:2) : <Tok_r64=Constant 0x0p0>
  [1:2..1:2) : <Tok_end_of_input>
``0.0``
  [1:0..1:3) : <Tok_r64=Constant 0x0p0>
  [1:3..1:3) : <Tok_end_of_input>
``00.0``
  [1:0..1:4) : <Tok_r64=Constant 0x0p0>
  [1:4..1:4) : <Tok_end_of_input>
``00.00``
  [1:0..1:5) : <Tok_r64=Constant 0x0p0>
  [1:5..1:5) : <Tok_end_of_input>
``0e0``
  [1:0..1:3) : <Tok_r64=Constant 0x0p0>
  [1:3..1:3) : <Tok_end_of_input>
``0e-0``
  [1:0..1:4) : <Tok_r64=Constant 0x0p0>
  [1:4..1:4) : <Tok_end_of_input>
``0e+0``
  [1:0..1:4) : <Tok_r64=Constant 0x0p0>
  [1:4..1:4) : <Tok_end_of_input>
``0e00``
  [1:0..1:4) : <Tok_r64=Constant 0x0p0>
  [1:4..1:4) : <Tok_end_of_input>
``0r``
  [1:0..1:2) : <Tok_r64=Constant 0x0p0>
  [1:2..1:2) : <Tok_end_of_input>
``0r64``
  [1:0..1:4) : <Tok_r64=Constant 0x0p0>
  [1:4..1:4) : <Tok_end_of_input>
``0r32``
  [1:0..1:4) : <Tok_r32=Constant 0x0p0>
  [1:4..1:4) : <Tok_end_of_input>
``1.0``
  [1:0..1:3) : <Tok_r64=Constant 0x1p0>
  [1:3..1:3) : <Tok_end_of_input>
``1_000_000.0``
  [1:0..1:11) : <Tok_r64=Constant 0x1.e848p19>
  [1:11..1:11) : <Tok_end_of_input>
``42.e44``
  [1:0..1:6) : <Tok_r64=Constant 0x1.78ab_455e_0547_3p151>
  [1:6..1:6) : <Tok_end_of_input>
``42.3e-78``
  [1:0..1:8) : <Tok_r64=Constant 0x1.3978_eb89_0893_1p-254>
  [1:8..1:8) : <Tok_end_of_input>
``1.5r32``
  [1:0..1:6) : <Tok_r32=Constant 0x1.8p0>
  [1:6..1:6) : <Tok_end_of_input>
``1.234_567_e_+89_r32``
  [1:0..1:19) : <Tok_r32=Constant 0x1.f07c_18p295>
  [1:19..1:19) : <Tok_end_of_input>
``0x0r``
  [1:0..1:4) : <Tok_r64=Constant 0x0p0>
  [1:4..1:4) : <Tok_end_of_input>
``0x1r``
  [1:0..1:4) : <Tok_r64=Constant 0x1p0>
  [1:4..1:4) : <Tok_end_of_input>
``0x3r``
  [1:0..1:4) : <Tok_r64=Constant 0x1.8p1>
  [1:4..1:4) : <Tok_end_of_input>
``0xffr``
  [1:0..1:5) : <Tok_r64=Constant 0x1.fep7>
  [1:5..1:5) : <Tok_end_of_input>
``0x1p42``
  [1:0..1:6) : <Tok_r64=Constant 0x1p42>
  [1:6..1:6) : <Tok_end_of_input>
``0x0.1p42``
  [1:0..1:8) : <Tok_r64=Constant 0x1p38>
  [1:8..1:8) : <Tok_end_of_input>
``0x0.01p42``
  [1:0..1:9) : <Tok_r64=Constant 0x1p34>
  [1:9..1:9) : <Tok_end_of_input>
``0x0.001p42``
  [1:0..1:10) : <Tok_r64=Constant 0x1p30>
  [1:10..1:10) : <Tok_end_of_input>
``0x0.0001p42``
  [1:0..1:11) : <Tok_r64=Constant 0x1p26>
  [1:11..1:11) : <Tok_end_of_input>
``0x0.1``
  [1:0..1:5) : <Tok_r64=Constant 0x1p-4>
  [1:5..1:5) : <Tok_end_of_input>
``0x0.01``
  [1:0..1:6) : <Tok_r64=Constant 0x1p-8>
  [1:6..1:6) : <Tok_end_of_input>
``0x00.001``
  [1:0..1:8) : <Tok_r64=Constant 0x1p-12>
  [1:8..1:8) : <Tok_end_of_input>
``0x00.0001``
  [1:0..1:9) : <Tok_r64=Constant 0x1p-16>
  [1:9..1:9) : <Tok_end_of_input>
``0b1.101p42``
  [1:0..1:10) : <Tok_r64=Constant 0x1.ap42>
  [1:10..1:10) : <Tok_end_of_input>
``0o7.406p42``
  [1:0..1:10) : <Tok_r64=Constant 0x1.e0cp44>
  [1:10..1:10) : <Tok_end_of_input>
``0x4.a3``
  [1:0..1:6) : <Tok_r64=Constant 0x1.28cp2>
  [1:6..1:6) : <Tok_end_of_input>
``0x4a.3d2p+42``
  [1:0..1:12) : <Tok_r64=Constant 0x1.28f4_8p48>
  [1:12..1:12) : <Tok_end_of_input>
``0x4a.3d2p+42_r32``
  [1:0..1:16) : <Tok_r32=Constant 0x1.28f4_8p48>
  [1:16..1:16) : <Tok_end_of_input>
``0x4a.3d2p0``
  [1:0..1:10) : <Tok_r64=Constant 0x1.28f4_8p6>
  [1:10..1:10) : <Tok_end_of_input>
``0x4a.3d2p-42``
  [1:0..1:12) : <Tok_r64=Constant 0x1.28f4_8p-36>
  [1:12..1:12) : <Tok_end_of_input>
``0x0p0``
  [1:0..1:5) : <Tok_r64=Constant 0x0p0>
  [1:5..1:5) : <Tok_end_of_input>
``0x0p-0``
  [1:0..1:6) : <Tok_r64=Constant 0x0p0>
  [1:6..1:6) : <Tok_end_of_input>
``0x0p1``
  [1:0..1:5) : <Tok_r64=Constant 0x0p0>
  [1:5..1:5) : <Tok_end_of_input>
``0x1.z``
  [1:0..1:5) : <Tok_r64=Malformed ["[1:4..1:5): Invalid codepoint in numerical constant"]>
  [1:5..1:5) : <Tok_end_of_input>
``0x1px5``
  [1:0..1:6) : <Tok_r64=Malformed ["[1:4..1:5): Invalid codepoint in numerical constant"]>
  [1:6..1:6) : <Tok_end_of_input>
``0x1p0x5``
  [1:0..1:7) : <Tok_r64=Malformed ["[1:5..1:6): Invalid codepoint in numerical constant"]>
  [1:7..1:7) : <Tok_end_of_input>
``0x1p0x5y``
  [1:0..1:8) : <Tok_r64=Malformed ["[1:5..1:6): Invalid codepoint in numerical constant"; "[1:7..1:8): Invalid codepoint in numerical constant"]>
  [1:8..1:8) : <Tok_end_of_input>
``0r42``
  [1:0..1:4) : <Tok_r64=Malformed ["[1:1..1:4): Unsupported bitwidth in numerical constant"]>
  [1:4..1:4) : <Tok_end_of_input>
``0r032``
  [1:0..1:5) : <Tok_r32=Malformed ["[1:2..1:3): Leading zero in numerical constant type suffix"]>
  [1:5..1:5) : <Tok_end_of_input>
``0r3x2``
  [1:0..1:5) : <Tok_r32=Malformed ["[1:3..1:4): Invalid codepoint in numerical constant"]>
  [1:5..1:5) : <Tok_end_of_input>
``0x1.zpxyr042``
  [1:0..1:12) : <Tok_r64=Malformed ["[1:4..1:5): Invalid codepoint in numerical constant"; "[1:6..1:7): Invalid codepoint in numerical constant"; "[1:7..1:8): Invalid codepoint in numerical constant"; "[1:8..1:12): Unsupported bitwidth in numerical constant"; "[1:9..1:10): Leading zero in numerical constant type suffix"]>
  [1:12..1:12) : <Tok_end_of_input>
``0x3.f_ffff_ffff_ffff``
  [1:0..1:20) : <Tok_r64=Malformed ["[1:0..1:20): Numerical constant cannot be precisely represented"]>
  [1:20..1:20) : <Tok_end_of_input>
``0x1p-1023``
  [1:0..1:9) : <Tok_r64=Malformed ["[1:0..1:9): Numerical constant cannot be precisely represented"]>
  [1:9..1:9) : <Tok_end_of_input>
``0x1p1024``
  [1:0..1:8) : <Tok_r64=Malformed ["[1:0..1:8): Numerical constant cannot be precisely represented"]>
  [1:8..1:8) : <Tok_end_of_input>
``0x3.f_ffff_e_r32``
  [1:0..1:16) : <Tok_r32=Malformed ["[1:0..1:16): Numerical constant cannot be precisely represented"]>
  [1:16..1:16) : <Tok_end_of_input>
``0x1p-127_r32``
  [1:0..1:12) : <Tok_r32=Malformed ["[1:0..1:12): Numerical constant cannot be precisely represented"]>
  [1:12..1:12) : <Tok_end_of_input>
``0x1p128_r32``
  [1:0..1:11) : <Tok_r32=Malformed ["[1:0..1:11): Numerical constant cannot be precisely represented"]>
  [1:11..1:11) : <Tok_end_of_input>
