``ABCDEFGHIJKLMNOPQRSTUVWXYZabcdefghijklmnopqrstuvwxyz0123456789_'``
  [1:0..1:64) : <Tok_cident "ABCDEFGHIJKLMNOPQRSTUVWXYZabcdefghijklmnopqrstuvwxyz0123456789_'">
  [1:64..1:64) : <Tok_end_of_input>
``A B C D E F G H I J K L M N O P Q R S T U V W X Y Z``
  [1:0..1:1) : <Tok_cident "A">
  [1:1..1:2) : <Tok_whitespace>
  [1:2..1:3) : <Tok_cident "B">
  [1:3..1:4) : <Tok_whitespace>
  [1:4..1:5) : <Tok_cident "C">
  [1:5..1:6) : <Tok_whitespace>
  [1:6..1:7) : <Tok_cident "D">
  [1:7..1:8) : <Tok_whitespace>
  [1:8..1:9) : <Tok_cident "E">
  [1:9..1:10) : <Tok_whitespace>
  [1:10..1:11) : <Tok_cident "F">
  [1:11..1:12) : <Tok_whitespace>
  [1:12..1:13) : <Tok_cident "G">
  [1:13..1:14) : <Tok_whitespace>
  [1:14..1:15) : <Tok_cident "H">
  [1:15..1:16) : <Tok_whitespace>
  [1:16..1:17) : <Tok_cident "I">
  [1:17..1:18) : <Tok_whitespace>
  [1:18..1:19) : <Tok_cident "J">
  [1:19..1:20) : <Tok_whitespace>
  [1:20..1:21) : <Tok_cident "K">
  [1:21..1:22) : <Tok_whitespace>
  [1:22..1:23) : <Tok_cident "L">
  [1:23..1:24) : <Tok_whitespace>
  [1:24..1:25) : <Tok_cident "M">
  [1:25..1:26) : <Tok_whitespace>
  [1:26..1:27) : <Tok_cident "N">
  [1:27..1:28) : <Tok_whitespace>
  [1:28..1:29) : <Tok_cident "O">
  [1:29..1:30) : <Tok_whitespace>
  [1:30..1:31) : <Tok_cident "P">
  [1:31..1:32) : <Tok_whitespace>
  [1:32..1:33) : <Tok_cident "Q">
  [1:33..1:34) : <Tok_whitespace>
  [1:34..1:35) : <Tok_cident "R">
  [1:35..1:36) : <Tok_whitespace>
  [1:36..1:37) : <Tok_cident "S">
  [1:37..1:38) : <Tok_whitespace>
  [1:38..1:39) : <Tok_cident "T">
  [1:39..1:40) : <Tok_whitespace>
  [1:40..1:41) : <Tok_cident "U">
  [1:41..1:42) : <Tok_whitespace>
  [1:42..1:43) : <Tok_cident "V">
  [1:43..1:44) : <Tok_whitespace>
  [1:44..1:45) : <Tok_cident "W">
  [1:45..1:46) : <Tok_whitespace>
  [1:46..1:47) : <Tok_cident "X">
  [1:47..1:48) : <Tok_whitespace>
  [1:48..1:49) : <Tok_cident "Y">
  [1:49..1:50) : <Tok_whitespace>
  [1:50..1:51) : <Tok_cident "Z">
  [1:51..1:51) : <Tok_end_of_input>
