``~ ~-+*/%@^$<=>|:.~?``
  [1:0..1:1) : <Tok_tilde>
  [1:1..1:2) : <Tok_whitespace>
  [1:2..1:19) : <Tok_tilde_op="~-+*/\%@^$<=>|:.~?">
  [1:19..1:19) : <Tok_end_of_input>
``? ?-+*/%@^$<=>|:.~?``
  [1:0..1:1) : <Tok_qmark>
  [1:1..1:2) : <Tok_whitespace>
  [1:2..1:19) : <Tok_qmark_op="?-+*/\%@^$<=>|:.~?">
  [1:19..1:19) : <Tok_end_of_input>
``* *-+*/%@^$<=>|:.~?``
  [1:0..1:1) : <Tok_star_op="*">
  [1:1..1:2) : <Tok_whitespace>
  [1:2..1:19) : <Tok_star_op="*-+*/\%@^$<=>|:.~?">
  [1:19..1:19) : <Tok_end_of_input>
``** **-+*/%@^$<=>|:.~?``
  [1:0..1:2) : <Tok_star_star_op="**">
  [1:2..1:3) : <Tok_whitespace>
  [1:3..1:21) : <Tok_star_star_op="**-+*/\%@^$<=>|:.~?">
  [1:21..1:21) : <Tok_end_of_input>
``% %-+*/%@^$<=>|:.~?``
  [1:0..1:1) : <Tok_pct_op="\%">
  [1:1..1:2) : <Tok_whitespace>
  [1:2..1:19) : <Tok_pct_op="\%-+*/\%@^$<=>|:.~?">
  [1:19..1:19) : <Tok_end_of_input>
``+ +-+*/%@^$<=>|:.~?``
  [1:0..1:1) : <Tok_plus_op="+">
  [1:1..1:2) : <Tok_whitespace>
  [1:2..1:19) : <Tok_plus_op="+-+*/\%@^$<=>|:.~?">
  [1:19..1:19) : <Tok_end_of_input>
``- --+*/%@^$<=>|:.~?``
  [1:0..1:1) : <Tok_minus>
  [1:1..1:2) : <Tok_whitespace>
  [1:2..1:19) : <Tok_minus_op="--+*/\%@^$<=>|:.~?">
  [1:19..1:19) : <Tok_end_of_input>
``@ @-+*/%@^$<=>|:.~?``
  [1:0..1:1) : <Tok_at_op="@">
  [1:1..1:2) : <Tok_whitespace>
  [1:2..1:19) : <Tok_at_op="@-+*/\%@^$<=>|:.~?">
  [1:19..1:19) : <Tok_end_of_input>
``^ ^-+*/%@^$<=>|:.~? ^)``
  [1:0..1:1) : <Tok_caret>
  [1:1..1:2) : <Tok_whitespace>
  [1:2..1:19) : <Tok_caret_op="^-+*/\%@^$<=>|:.~?">
  [1:19..1:20) : <Tok_whitespace>
  [1:20..1:21) : <Tok_caret>
  [1:21..1:22) : <Tok_rparen>
  [1:22..1:22) : <Tok_end_of_input>
``$ $-+*/%@^$<=>|:.~?``
  [1:0..1:1) : <Tok_dollar_op="$">
  [1:1..1:2) : <Tok_whitespace>
  [1:2..1:19) : <Tok_dollar_op="$-+*/\%@^$<=>|:.~?">
  [1:19..1:19) : <Tok_end_of_input>
``< <-+*/%@^$<=>|:.~?``
  [1:0..1:1) : <Tok_lt>
  [1:1..1:2) : <Tok_whitespace>
  [1:2..1:19) : <Tok_lt_op="<-+*/\%@^$<=>|:.~?">
  [1:19..1:19) : <Tok_end_of_input>
``= =-+*/%@^$<=>|:.~?``
  [1:0..1:1) : <Tok_eq>
  [1:1..1:2) : <Tok_whitespace>
  [1:2..1:19) : <Tok_eq_op="=-+*/\%@^$<=>|:.~?">
  [1:19..1:19) : <Tok_end_of_input>
``> >-+*/%@^$<=>|:.~?``
  [1:0..1:1) : <Tok_gt>
  [1:1..1:2) : <Tok_whitespace>
  [1:2..1:19) : <Tok_gt_op=">-+*/\%@^$<=>|:.~?">
  [1:19..1:19) : <Tok_end_of_input>
``| |-+*/%@^$<=>|:.~?``
  [1:0..1:1) : <Tok_bar>
  [1:1..1:2) : <Tok_whitespace>
  [1:2..1:19) : <Tok_bar_op="|-+*/\%@^$<=>|:.~?">
  [1:19..1:19) : <Tok_end_of_input>
``; : :-+*/%@^$<=>|:.~?``
  [1:0..1:1) : <Tok_semi>
  [1:1..1:2) : <Tok_whitespace>
  [1:2..1:3) : <Tok_colon>
  [1:3..1:4) : <Tok_whitespace>
  [1:4..1:21) : <Tok_colon_op=":-+*/\%@^$<=>|:.~?">
  [1:21..1:21) : <Tok_end_of_input>
``. .-+*/%@^$<=>|:.~?``
  [1:0..1:1) : <Tok_dot>
  [1:1..1:2) : <Tok_whitespace>
  [1:2..1:19) : <Tok_dot_op=".-+*/\%@^$<=>|:.~?">
  [1:19..1:19) : <Tok_end_of_input>
