``0``
  (Tok_u64 {source=[1:0..1:1); u64=(Constant 0)})
  (Tok_end_of_input {source=[1:1..1:1)})
``00_``
  (Tok_u64 {source=[1:0..1:3); u64=(Constant 0)})
  (Tok_end_of_input {source=[1:3..1:3)})
``01234567890_``
  (Tok_u64 {source=[1:0..1:12); u64=(Constant 1_234_567_890)})
  (Tok_end_of_input {source=[1:12..1:12)})
``11``
  (Tok_u64 {source=[1:0..1:2); u64=(Constant 11)})
  (Tok_end_of_input {source=[1:2..1:2)})
``22``
  (Tok_u64 {source=[1:0..1:2); u64=(Constant 22)})
  (Tok_end_of_input {source=[1:2..1:2)})
``33``
  (Tok_u64 {source=[1:0..1:2); u64=(Constant 33)})
  (Tok_end_of_input {source=[1:2..1:2)})
``44``
  (Tok_u64 {source=[1:0..1:2); u64=(Constant 44)})
  (Tok_end_of_input {source=[1:2..1:2)})
``55``
  (Tok_u64 {source=[1:0..1:2); u64=(Constant 55)})
  (Tok_end_of_input {source=[1:2..1:2)})
``66``
  (Tok_u64 {source=[1:0..1:2); u64=(Constant 66)})
  (Tok_end_of_input {source=[1:2..1:2)})
``77``
  (Tok_u64 {source=[1:0..1:2); u64=(Constant 77)})
  (Tok_end_of_input {source=[1:2..1:2)})
``88``
  (Tok_u64 {source=[1:0..1:2); u64=(Constant 88)})
  (Tok_end_of_input {source=[1:2..1:2)})
``99``
  (Tok_u64 {source=[1:0..1:2); u64=(Constant 99)})
  (Tok_end_of_input {source=[1:2..1:2)})
``0b_01_01``
  (Tok_u64 {source=[1:0..1:8); u64=(Constant 5)})
  (Tok_end_of_input {source=[1:8..1:8)})
``0o_0123_4567``
  (Tok_u64 {source=[1:0..1:12); u64=(Constant 342_391)})
  (Tok_end_of_input {source=[1:12..1:12)})
``0x_0123_4567_89ab_cdef``
  (Tok_u64 {source=[1:0..1:22); u64=(Constant 81_985_529_216_486_895)})
  (Tok_end_of_input {source=[1:22..1:22)})
``0b10u8 0b10u16 0b10u32 0b10 0b10u 0b10u64 0b10u128 0b10u256 0b10u512 0b10n``
  (Tok_u8 {source=[1:0..1:6); u8=(Constant 2u8)})
  (Tok_whitespace {source=[1:6..1:7)})
  (Tok_u16 {source=[1:7..1:14); u16=(Constant 2u16)})
  (Tok_whitespace {source=[1:14..1:15)})
  (Tok_u32 {source=[1:15..1:22); u32=(Constant 2u32)})
  (Tok_whitespace {source=[1:22..1:23)})
  (Tok_u64 {source=[1:23..1:27); u64=(Constant 2)})
  (Tok_whitespace {source=[1:27..1:28)})
  (Tok_u64 {source=[1:28..1:33); u64=(Constant 2)})
  (Tok_whitespace {source=[1:33..1:34)})
  (Tok_u64 {source=[1:34..1:41); u64=(Constant 2)})
  (Tok_whitespace {source=[1:41..1:42)})
  (Tok_u128 {source=[1:42..1:50); u128=(Constant 2u128)})
  (Tok_whitespace {source=[1:50..1:51)})
  (Tok_u256 {source=[1:51..1:59); u256=(Constant 2u256)})
  (Tok_whitespace {source=[1:59..1:60)})
  (Tok_u512 {source=[1:60..1:68); u512=(Constant 2u512)})
  (Tok_whitespace {source=[1:68..1:69)})
  (Tok_nat {source=[1:69..1:74); nat=(Constant 2n)})
  (Tok_end_of_input {source=[1:74..1:74)})
``0b10i8 0b10i16 0b10i32 0b10i 0b10i64 0b10i128 0b10i256 0b10i512 0b10z``
  (Tok_i8 {source=[1:0..1:6); i8=(Constant 2i8)})
  (Tok_whitespace {source=[1:6..1:7)})
  (Tok_i16 {source=[1:7..1:14); i16=(Constant 2i16)})
  (Tok_whitespace {source=[1:14..1:15)})
  (Tok_i32 {source=[1:15..1:22); i32=(Constant 2i32)})
  (Tok_whitespace {source=[1:22..1:23)})
  (Tok_i64 {source=[1:23..1:28); i64=(Constant 2i)})
  (Tok_whitespace {source=[1:28..1:29)})
  (Tok_i64 {source=[1:29..1:36); i64=(Constant 2i)})
  (Tok_whitespace {source=[1:36..1:37)})
  (Tok_i128 {source=[1:37..1:45); i128=(Constant 2i128)})
  (Tok_whitespace {source=[1:45..1:46)})
  (Tok_i256 {source=[1:46..1:54); i256=(Constant 2i256)})
  (Tok_whitespace {source=[1:54..1:55)})
  (Tok_i512 {source=[1:55..1:63); i512=(Constant 2i512)})
  (Tok_whitespace {source=[1:63..1:64)})
  (Tok_zint {source=[1:64..1:69); zint=(Constant 2z)})
  (Tok_end_of_input {source=[1:69..1:69)})
``0o76u8 0o76u16 0o76u32 0o76 0o76u 0o76u64 0o76u128 0o76u256 0o76u512 0o76n``
  (Tok_u8 {source=[1:0..1:6); u8=(Constant 62u8)})
  (Tok_whitespace {source=[1:6..1:7)})
  (Tok_u16 {source=[1:7..1:14); u16=(Constant 62u16)})
  (Tok_whitespace {source=[1:14..1:15)})
  (Tok_u32 {source=[1:15..1:22); u32=(Constant 62u32)})
  (Tok_whitespace {source=[1:22..1:23)})
  (Tok_u64 {source=[1:23..1:27); u64=(Constant 62)})
  (Tok_whitespace {source=[1:27..1:28)})
  (Tok_u64 {source=[1:28..1:33); u64=(Constant 62)})
  (Tok_whitespace {source=[1:33..1:34)})
  (Tok_u64 {source=[1:34..1:41); u64=(Constant 62)})
  (Tok_whitespace {source=[1:41..1:42)})
  (Tok_u128 {source=[1:42..1:50); u128=(Constant 62u128)})
  (Tok_whitespace {source=[1:50..1:51)})
  (Tok_u256 {source=[1:51..1:59); u256=(Constant 62u256)})
  (Tok_whitespace {source=[1:59..1:60)})
  (Tok_u512 {source=[1:60..1:68); u512=(Constant 62u512)})
  (Tok_whitespace {source=[1:68..1:69)})
  (Tok_nat {source=[1:69..1:74); nat=(Constant 62n)})
  (Tok_end_of_input {source=[1:74..1:74)})
``0o76i8 0o76i16 0o76i32 0o76i 0o76i64 0o76i128 0o76i256 0o76i512 0o76z``
  (Tok_i8 {source=[1:0..1:6); i8=(Constant 62i8)})
  (Tok_whitespace {source=[1:6..1:7)})
  (Tok_i16 {source=[1:7..1:14); i16=(Constant 62i16)})
  (Tok_whitespace {source=[1:14..1:15)})
  (Tok_i32 {source=[1:15..1:22); i32=(Constant 62i32)})
  (Tok_whitespace {source=[1:22..1:23)})
  (Tok_i64 {source=[1:23..1:28); i64=(Constant 62i)})
  (Tok_whitespace {source=[1:28..1:29)})
  (Tok_i64 {source=[1:29..1:36); i64=(Constant 62i)})
  (Tok_whitespace {source=[1:36..1:37)})
  (Tok_i128 {source=[1:37..1:45); i128=(Constant 62i128)})
  (Tok_whitespace {source=[1:45..1:46)})
  (Tok_i256 {source=[1:46..1:54); i256=(Constant 62i256)})
  (Tok_whitespace {source=[1:54..1:55)})
  (Tok_i512 {source=[1:55..1:63); i512=(Constant 62i512)})
  (Tok_whitespace {source=[1:63..1:64)})
  (Tok_zint {source=[1:64..1:69); zint=(Constant 62z)})
  (Tok_end_of_input {source=[1:69..1:69)})
``98u8 98u16 98u32 98 98u 98u64 98u128 98u256 98u512 98n``
  (Tok_u8 {source=[1:0..1:4); u8=(Constant 98u8)})
  (Tok_whitespace {source=[1:4..1:5)})
  (Tok_u16 {source=[1:5..1:10); u16=(Constant 98u16)})
  (Tok_whitespace {source=[1:10..1:11)})
  (Tok_u32 {source=[1:11..1:16); u32=(Constant 98u32)})
  (Tok_whitespace {source=[1:16..1:17)})
  (Tok_u64 {source=[1:17..1:19); u64=(Constant 98)})
  (Tok_whitespace {source=[1:19..1:20)})
  (Tok_u64 {source=[1:20..1:23); u64=(Constant 98)})
  (Tok_whitespace {source=[1:23..1:24)})
  (Tok_u64 {source=[1:24..1:29); u64=(Constant 98)})
  (Tok_whitespace {source=[1:29..1:30)})
  (Tok_u128 {source=[1:30..1:36); u128=(Constant 98u128)})
  (Tok_whitespace {source=[1:36..1:37)})
  (Tok_u256 {source=[1:37..1:43); u256=(Constant 98u256)})
  (Tok_whitespace {source=[1:43..1:44)})
  (Tok_u512 {source=[1:44..1:50); u512=(Constant 98u512)})
  (Tok_whitespace {source=[1:50..1:51)})
  (Tok_nat {source=[1:51..1:54); nat=(Constant 98n)})
  (Tok_end_of_input {source=[1:54..1:54)})
``98i8 98i16 98i32 98i 98i64 98i128 98i256 98i512 98z``
  (Tok_i8 {source=[1:0..1:4); i8=(Constant 98i8)})
  (Tok_whitespace {source=[1:4..1:5)})
  (Tok_i16 {source=[1:5..1:10); i16=(Constant 98i16)})
  (Tok_whitespace {source=[1:10..1:11)})
  (Tok_i32 {source=[1:11..1:16); i32=(Constant 98i32)})
  (Tok_whitespace {source=[1:16..1:17)})
  (Tok_i64 {source=[1:17..1:20); i64=(Constant 98i)})
  (Tok_whitespace {source=[1:20..1:21)})
  (Tok_i64 {source=[1:21..1:26); i64=(Constant 98i)})
  (Tok_whitespace {source=[1:26..1:27)})
  (Tok_i128 {source=[1:27..1:33); i128=(Constant 98i128)})
  (Tok_whitespace {source=[1:33..1:34)})
  (Tok_i256 {source=[1:34..1:40); i256=(Constant 98i256)})
  (Tok_whitespace {source=[1:40..1:41)})
  (Tok_i512 {source=[1:41..1:47); i512=(Constant 98i512)})
  (Tok_whitespace {source=[1:47..1:48)})
  (Tok_zint {source=[1:48..1:51); zint=(Constant 98z)})
  (Tok_end_of_input {source=[1:51..1:51)})
``0xfeu8 0xfeu16 0xfeu32 0xfe 0xfeu 0xfeu64 0xfeu128 0xfeu256 0xfeu512 0xfen``
  (Tok_u8 {source=[1:0..1:6); u8=(Constant 254u8)})
  (Tok_whitespace {source=[1:6..1:7)})
  (Tok_u16 {source=[1:7..1:14); u16=(Constant 254u16)})
  (Tok_whitespace {source=[1:14..1:15)})
  (Tok_u32 {source=[1:15..1:22); u32=(Constant 254u32)})
  (Tok_whitespace {source=[1:22..1:23)})
  (Tok_u64 {source=[1:23..1:27); u64=(Constant 254)})
  (Tok_whitespace {source=[1:27..1:28)})
  (Tok_u64 {source=[1:28..1:33); u64=(Constant 254)})
  (Tok_whitespace {source=[1:33..1:34)})
  (Tok_u64 {source=[1:34..1:41); u64=(Constant 254)})
  (Tok_whitespace {source=[1:41..1:42)})
  (Tok_u128 {source=[1:42..1:50); u128=(Constant 254u128)})
  (Tok_whitespace {source=[1:50..1:51)})
  (Tok_u256 {source=[1:51..1:59); u256=(Constant 254u256)})
  (Tok_whitespace {source=[1:59..1:60)})
  (Tok_u512 {source=[1:60..1:68); u512=(Constant 254u512)})
  (Tok_whitespace {source=[1:68..1:69)})
  (Tok_nat {source=[1:69..1:74); nat=(Constant 254n)})
  (Tok_end_of_input {source=[1:74..1:74)})
``0xfei8 0xfei16 0xfei32 0xfei 0xfei64 0xfei128 0xfei256 0xfei512 0xfez``
  (Tok_i8 {source=[1:0..1:6); i8=(Malformed ["[1:0..1:6): Numerical constant exceeds 0x80"])})
  (Tok_whitespace {source=[1:6..1:7)})
  (Tok_i16 {source=[1:7..1:14); i16=(Constant 254i16)})
  (Tok_whitespace {source=[1:14..1:15)})
  (Tok_i32 {source=[1:15..1:22); i32=(Constant 254i32)})
  (Tok_whitespace {source=[1:22..1:23)})
  (Tok_i64 {source=[1:23..1:28); i64=(Constant 254i)})
  (Tok_whitespace {source=[1:28..1:29)})
  (Tok_i64 {source=[1:29..1:36); i64=(Constant 254i)})
  (Tok_whitespace {source=[1:36..1:37)})
  (Tok_i128 {source=[1:37..1:45); i128=(Constant 254i128)})
  (Tok_whitespace {source=[1:45..1:46)})
  (Tok_i256 {source=[1:46..1:54); i256=(Constant 254i256)})
  (Tok_whitespace {source=[1:54..1:55)})
  (Tok_i512 {source=[1:55..1:63); i512=(Constant 254i512)})
  (Tok_whitespace {source=[1:63..1:64)})
  (Tok_zint {source=[1:64..1:69); zint=(Constant 254z)})
  (Tok_end_of_input {source=[1:69..1:69)})
``0L``
  (Tok_long {source=[1:0..1:2); long=(Constant 0)})
  (Tok_end_of_input {source=[1:2..1:2)})
``0u``
  (Tok_u64 {source=[1:0..1:2); u64=(Constant 0)})
  (Tok_end_of_input {source=[1:2..1:2)})
``0i``
  (Tok_i64 {source=[1:0..1:2); i64=(Constant 0i)})
  (Tok_end_of_input {source=[1:2..1:2)})
``0u8``
  (Tok_u8 {source=[1:0..1:3); u8=(Constant 0u8)})
  (Tok_end_of_input {source=[1:3..1:3)})
``0i8``
  (Tok_i8 {source=[1:0..1:3); i8=(Constant 0i8)})
  (Tok_end_of_input {source=[1:3..1:3)})
``0n``
  (Tok_nat {source=[1:0..1:2); nat=(Constant 0n)})
  (Tok_end_of_input {source=[1:2..1:2)})
``0z``
  (Tok_zint {source=[1:0..1:2); zint=(Constant 0z)})
  (Tok_end_of_input {source=[1:2..1:2)})
``42L``
  (Tok_long {source=[1:0..1:3); long=(Constant 42)})
  (Tok_end_of_input {source=[1:3..1:3)})
``42u``
  (Tok_u64 {source=[1:0..1:3); u64=(Constant 42)})
  (Tok_end_of_input {source=[1:3..1:3)})
``42i``
  (Tok_i64 {source=[1:0..1:3); i64=(Constant 42i)})
  (Tok_end_of_input {source=[1:3..1:3)})
``42u8``
  (Tok_u8 {source=[1:0..1:4); u8=(Constant 42u8)})
  (Tok_end_of_input {source=[1:4..1:4)})
``42i8``
  (Tok_i8 {source=[1:0..1:4); i8=(Constant 42i8)})
  (Tok_end_of_input {source=[1:4..1:4)})
``0xffu8``
  (Tok_u8 {source=[1:0..1:6); u8=(Constant 255u8)})
  (Tok_end_of_input {source=[1:6..1:6)})
``0x80i8``
  (Tok_i8 {source=[1:0..1:6); i8=(Constant -128i8)})
  (Tok_end_of_input {source=[1:6..1:6)})
``0a``
  (Tok_u64 {source=[1:0..1:2); u64=(Malformed ["[1:0..1:2): Invalid numerical constant"])})
  (Tok_end_of_input {source=[1:2..1:2)})
``0AB42CD77``
  (Tok_u64 {source=[1:0..1:9); u64=(Malformed ["[1:0..1:9): Invalid numerical constant"])})
  (Tok_end_of_input {source=[1:9..1:9)})
``0AB42CD77i``
  (Tok_u64 {source=[1:0..1:10); u64=(Malformed ["[1:0..1:10): Invalid numerical constant"])})
  (Tok_end_of_input {source=[1:10..1:10)})
``0b2``
  (Tok_u64 {source=[1:0..1:3); u64=(Malformed ["[1:0..1:3): Invalid numerical constant"])})
  (Tok_end_of_input {source=[1:3..1:3)})
``0o8``
  (Tok_u64 {source=[1:0..1:3); u64=(Malformed ["[1:0..1:3): Invalid numerical constant"])})
  (Tok_end_of_input {source=[1:3..1:3)})
``0xg``
  (Tok_u64 {source=[1:0..1:3); u64=(Malformed ["[1:0..1:3): Invalid numerical constant"])})
  (Tok_end_of_input {source=[1:3..1:3)})
``0L1``
  (Tok_u64 {source=[1:0..1:3); u64=(Malformed ["[1:0..1:3): Invalid numerical constant"])})
  (Tok_end_of_input {source=[1:3..1:3)})
``0u7``
  (Tok_u64 {source=[1:0..1:3); u64=(Malformed ["[1:0..1:3): Unsupported bitwidth"])})
  (Tok_end_of_input {source=[1:3..1:3)})
``0n1``
  (Tok_u64 {source=[1:0..1:3); u64=(Malformed ["[1:0..1:3): Invalid numerical constant"])})
  (Tok_end_of_input {source=[1:3..1:3)})
``0z1``
  (Tok_u64 {source=[1:0..1:3); u64=(Malformed ["[1:0..1:3): Invalid numerical constant"])})
  (Tok_end_of_input {source=[1:3..1:3)})
``0x100u8``
  (Tok_u8 {source=[1:0..1:7); u8=(Malformed ["[1:0..1:7): Numerical constant exceeds 0xff"])})
  (Tok_end_of_input {source=[1:7..1:7)})
``0x81i8``
  (Tok_i8 {source=[1:0..1:6); i8=(Malformed ["[1:0..1:6): Numerical constant exceeds 0x80"])})
  (Tok_end_of_input {source=[1:6..1:6)})
``0b``
  (Tok_u64 {source=[1:0..1:2); u64=(Malformed ["[1:0..1:2): Invalid numerical constant"])})
  (Tok_end_of_input {source=[1:2..1:2)})
``0o``
  (Tok_u64 {source=[1:0..1:2); u64=(Malformed ["[1:0..1:2): Invalid numerical constant"])})
  (Tok_end_of_input {source=[1:2..1:2)})
``0x``
  (Tok_u64 {source=[1:0..1:2); u64=(Malformed ["[1:0..1:2): Invalid numerical constant"])})
  (Tok_end_of_input {source=[1:2..1:2)})
``0``
  (Tok_u64 {source=[1:0..1:1); u64=(Constant 0)})
  (Tok_end_of_input {source=[1:1..1:1)})
``1``
  (Tok_u64 {source=[1:0..1:1); u64=(Constant 1)})
  (Tok_end_of_input {source=[1:1..1:1)})
``-1``
  (Tok_minus {source=[1:0..1:1)})
  (Tok_u64 {source=[1:1..1:2); u64=(Constant 1)})
  (Tok_end_of_input {source=[1:2..1:2)})
``42``
  (Tok_u64 {source=[1:0..1:2); u64=(Constant 42)})
  (Tok_end_of_input {source=[1:2..1:2)})
``0b1010_1011u8``
  (Tok_u8 {source=[1:0..1:13); u8=(Constant 171u8)})
  (Tok_end_of_input {source=[1:13..1:13)})
``0o253u8``
  (Tok_u8 {source=[1:0..1:7); u8=(Constant 171u8)})
  (Tok_end_of_input {source=[1:7..1:7)})
``0xabu8``
  (Tok_u8 {source=[1:0..1:6); u8=(Constant 171u8)})
  (Tok_end_of_input {source=[1:6..1:6)})
``0x15L``
  (Tok_long {source=[1:0..1:5); long=(Constant 21)})
  (Tok_end_of_input {source=[1:5..1:5)})
``15L``
  (Tok_long {source=[1:0..1:3); long=(Constant 15)})
  (Tok_end_of_input {source=[1:3..1:3)})
``15u``
  (Tok_u64 {source=[1:0..1:3); u64=(Constant 15)})
  (Tok_end_of_input {source=[1:3..1:3)})
``17u64``
  (Tok_u64 {source=[1:0..1:5); u64=(Constant 17)})
  (Tok_end_of_input {source=[1:5..1:5)})
``0x0123_4567_89ab_cdef``
  (Tok_u64 {source=[1:0..1:21); u64=(Constant 81_985_529_216_486_895)})
  (Tok_end_of_input {source=[1:21..1:21)})
``0o660``
  (Tok_u64 {source=[1:0..1:5); u64=(Constant 432)})
  (Tok_end_of_input {source=[1:5..1:5)})
``0b10_0001``
  (Tok_u64 {source=[1:0..1:9); u64=(Constant 33)})
  (Tok_end_of_input {source=[1:9..1:9)})
``0b0100_0001``
  (Tok_u64 {source=[1:0..1:11); u64=(Constant 65)})
  (Tok_end_of_input {source=[1:11..1:11)})
``1_000_000``
  (Tok_u64 {source=[1:0..1:9); u64=(Constant 1_000_000)})
  (Tok_end_of_input {source=[1:9..1:9)})
``0x___1_fffd``
  (Tok_u64 {source=[1:0..1:11); u64=(Constant 131_069)})
  (Tok_end_of_input {source=[1:11..1:11)})
``17i64``
  (Tok_i64 {source=[1:0..1:5); i64=(Constant 17i)})
  (Tok_end_of_input {source=[1:5..1:5)})
``0x_ab__c_i``
  (Tok_i64 {source=[1:0..1:10); i64=(Constant 2_748i)})
  (Tok_end_of_input {source=[1:10..1:10)})
``0o777``
  (Tok_u64 {source=[1:0..1:5); u64=(Constant 511)})
  (Tok_end_of_input {source=[1:5..1:5)})
