````
  [1:0..1:0) : <Tok_end_of_input>
``a``
  [1:0..1:1) : <Tok_uident=Constant "a">
  [1:1..1:1) : <Tok_end_of_input>
``


``
  [1:0..2:0) : <Tok_whitespace>
  [2:0..2:0) : <Tok_end_of_input>
``    a``
  [1:0..1:4) : <Tok_whitespace>
  [1:4..1:4) : <Tok_indent=Malformed ["[1:4..1:4): Missing indent"]>
  [1:4..1:5) : <Tok_uident=Constant "a">
  [1:5..1:5) : <Tok_dedent>
  [1:5..1:5) : <Tok_end_of_input>
``    a

``
  [1:0..1:4) : <Tok_whitespace>
  [1:4..1:4) : <Tok_indent=Malformed ["[1:4..1:4): Missing indent"]>
  [1:4..1:5) : <Tok_uident=Constant "a">
  [1:5..2:0) : <Tok_whitespace>
  [2:0..2:0) : <Tok_dedent>
  [2:0..2:0) : <Tok_end_of_input>
``    a
b

``
  [1:0..1:4) : <Tok_whitespace>
  [1:4..1:4) : <Tok_indent=Malformed ["[1:4..1:4): Missing indent"]>
  [1:4..1:5) : <Tok_uident=Constant "a">
  [1:5..2:0) : <Tok_whitespace>
  [2:0..2:0) : <Tok_dedent>
  [2:0..2:0) : <Tok_line_delim>
  [2:0..2:1) : <Tok_uident=Constant "b">
  [2:1..3:0) : <Tok_whitespace>
  [3:0..3:0) : <Tok_end_of_input>
``a
b
c
    d
    e
    f
g
h
i

``
  [1:0..1:1) : <Tok_uident=Constant "a">
  [1:1..2:0) : <Tok_whitespace>
  [2:0..2:0) : <Tok_line_delim>
  [2:0..2:1) : <Tok_uident=Constant "b">
  [2:1..3:0) : <Tok_whitespace>
  [3:0..3:0) : <Tok_line_delim>
  [3:0..3:1) : <Tok_uident=Constant "c">
  [3:1..4:0) : <Tok_whitespace>
  [4:0..4:4) : <Tok_whitespace>
  [4:4..4:4) : <Tok_indent>
  [4:4..4:5) : <Tok_uident=Constant "d">
  [4:5..5:0) : <Tok_whitespace>
  [5:0..5:4) : <Tok_whitespace>
  [5:4..5:4) : <Tok_line_delim>
  [5:4..5:5) : <Tok_uident=Constant "e">
  [5:5..6:0) : <Tok_whitespace>
  [6:0..6:4) : <Tok_whitespace>
  [6:4..6:4) : <Tok_line_delim>
  [6:4..6:5) : <Tok_uident=Constant "f">
  [6:5..7:0) : <Tok_whitespace>
  [7:0..7:0) : <Tok_dedent>
  [7:0..7:0) : <Tok_line_delim>
  [7:0..7:1) : <Tok_uident=Constant "g">
  [7:1..8:0) : <Tok_whitespace>
  [8:0..8:0) : <Tok_line_delim>
  [8:0..8:1) : <Tok_uident=Constant "h">
  [8:1..9:0) : <Tok_whitespace>
  [9:0..9:0) : <Tok_line_delim>
  [9:0..9:1) : <Tok_uident=Constant "i">
  [9:1..10:0) : <Tok_whitespace>
  [10:0..10:0) : <Tok_end_of_input>
``a
    b
      c
    d
e

``
  [1:0..1:1) : <Tok_uident=Constant "a">
  [1:1..2:0) : <Tok_whitespace>
  [2:0..2:4) : <Tok_whitespace>
  [2:4..2:4) : <Tok_indent>
  [2:4..2:5) : <Tok_uident=Constant "b">
  [2:5..3:0) : <Tok_whitespace>
  [3:0..3:6) : <Tok_whitespace>
  [3:6..3:7) : <Tok_uident=Constant "c">
  [3:7..4:0) : <Tok_whitespace>
  [4:0..4:4) : <Tok_whitespace>
  [4:4..4:4) : <Tok_line_delim>
  [4:4..4:5) : <Tok_uident=Constant "d">
  [4:5..5:0) : <Tok_whitespace>
  [5:0..5:0) : <Tok_dedent>
  [5:0..5:0) : <Tok_line_delim>
  [5:0..5:1) : <Tok_uident=Constant "e">
  [5:1..6:0) : <Tok_whitespace>
  [6:0..6:0) : <Tok_end_of_input>
``

a
b
    c
d

``
  [1:0..2:0) : <Tok_whitespace>
  [2:0..2:1) : <Tok_uident=Constant "a">
  [2:1..3:0) : <Tok_whitespace>
  [3:0..3:0) : <Tok_line_delim>
  [3:0..3:1) : <Tok_uident=Constant "b">
  [3:1..4:0) : <Tok_whitespace>
  [4:0..4:4) : <Tok_whitespace>
  [4:4..4:4) : <Tok_indent>
  [4:4..4:5) : <Tok_uident=Constant "c">
  [4:5..5:0) : <Tok_whitespace>
  [5:0..5:0) : <Tok_dedent>
  [5:0..5:0) : <Tok_line_delim>
  [5:0..5:1) : <Tok_uident=Constant "d">
  [5:1..6:0) : <Tok_whitespace>
  [6:0..6:0) : <Tok_end_of_input>
``

a
    b
  c
    d

``
  [1:0..2:0) : <Tok_whitespace>
  [2:0..2:1) : <Tok_uident=Constant "a">
  [2:1..3:0) : <Tok_whitespace>
  [3:0..3:4) : <Tok_whitespace>
  [3:4..3:4) : <Tok_indent>
  [3:4..3:5) : <Tok_uident=Constant "b">
  [3:5..4:0) : <Tok_whitespace>
  [4:0..4:2) : <Tok_whitespace>
  [4:2..4:2) : <Tok_dedent>
  [4:2..4:3) : <Tok_uident=Constant "c">
  [4:3..5:0) : <Tok_whitespace>
  [5:0..5:4) : <Tok_whitespace>
  [5:4..5:4) : <Tok_indent>
  [5:4..5:5) : <Tok_uident=Constant "d">
  [5:5..6:0) : <Tok_whitespace>
  [6:0..6:0) : <Tok_dedent>
  [6:0..6:0) : <Tok_end_of_input>
``  a
  b
      c
      d

``
  [1:0..1:2) : <Tok_whitespace>
  [1:2..1:2) : <Tok_misaligned>
  [1:2..1:3) : <Tok_uident=Constant "a">
  [1:3..2:0) : <Tok_whitespace>
  [2:0..2:2) : <Tok_whitespace>
  [2:2..2:3) : <Tok_uident=Constant "b">
  [2:3..3:0) : <Tok_whitespace>
  [3:0..3:6) : <Tok_whitespace>
  [3:6..3:6) : <Tok_indent=Malformed ["[3:6..3:6): Missing indent"]>
  [3:6..3:7) : <Tok_uident=Constant "c">
  [3:7..4:0) : <Tok_whitespace>
  [4:0..4:6) : <Tok_whitespace>
  [4:6..4:7) : <Tok_uident=Constant "d">
  [4:7..5:0) : <Tok_whitespace>
  [5:0..5:0) : <Tok_dedent>
  [5:0..5:0) : <Tok_end_of_input>
``a
    b
    c

    d
        e
        f``
  [1:0..1:1) : <Tok_uident=Constant "a">
  [1:1..2:0) : <Tok_whitespace>
  [2:0..2:4) : <Tok_whitespace>
  [2:4..2:4) : <Tok_indent>
  [2:4..2:5) : <Tok_uident=Constant "b">
  [2:5..3:0) : <Tok_whitespace>
  [3:0..3:4) : <Tok_whitespace>
  [3:4..3:4) : <Tok_line_delim>
  [3:4..3:5) : <Tok_uident=Constant "c">
  [3:5..4:0) : <Tok_whitespace>
  [4:0..5:0) : <Tok_whitespace>
  [5:0..5:4) : <Tok_whitespace>
  [5:4..5:4) : <Tok_line_delim>
  [5:4..5:5) : <Tok_uident=Constant "d">
  [5:5..6:0) : <Tok_whitespace>
  [6:0..6:8) : <Tok_whitespace>
  [6:8..6:8) : <Tok_indent>
  [6:8..6:9) : <Tok_uident=Constant "e">
  [6:9..7:0) : <Tok_whitespace>
  [7:0..7:8) : <Tok_whitespace>
  [7:8..7:8) : <Tok_line_delim>
  [7:8..7:9) : <Tok_uident=Constant "f">
  [7:9..7:9) : <Tok_dedent>
  [7:9..7:9) : <Tok_dedent>
  [7:9..7:9) : <Tok_end_of_input>
``a
    b
    c``
  [1:0..1:1) : <Tok_uident=Constant "a">
  [1:1..2:0) : <Tok_whitespace>
  [2:0..2:4) : <Tok_whitespace>
  [2:4..2:4) : <Tok_indent>
  [2:4..2:5) : <Tok_uident=Constant "b">
  [2:5..3:0) : <Tok_whitespace>
  [3:0..3:4) : <Tok_whitespace>
  [3:4..3:4) : <Tok_line_delim>
  [3:4..3:5) : <Tok_uident=Constant "c">
  [3:5..3:5) : <Tok_dedent>
  [3:5..3:5) : <Tok_end_of_input>
``a
    b
    c d``
  [1:0..1:1) : <Tok_uident=Constant "a">
  [1:1..2:0) : <Tok_whitespace>
  [2:0..2:4) : <Tok_whitespace>
  [2:4..2:4) : <Tok_indent>
  [2:4..2:5) : <Tok_uident=Constant "b">
  [2:5..3:0) : <Tok_whitespace>
  [3:0..3:4) : <Tok_whitespace>
  [3:4..3:4) : <Tok_line_delim>
  [3:4..3:5) : <Tok_uident=Constant "c">
  [3:5..3:6) : <Tok_whitespace>
  [3:6..3:7) : <Tok_uident=Constant "d">
  [3:7..3:7) : <Tok_dedent>
  [3:7..3:7) : <Tok_end_of_input>
``a b c
    d``
  [1:0..1:1) : <Tok_uident=Constant "a">
  [1:1..1:2) : <Tok_whitespace>
  [1:2..1:3) : <Tok_uident=Constant "b">
  [1:3..1:4) : <Tok_whitespace>
  [1:4..1:5) : <Tok_uident=Constant "c">
  [1:5..2:0) : <Tok_whitespace>
  [2:0..2:4) : <Tok_whitespace>
  [2:4..2:4) : <Tok_indent>
  [2:4..2:5) : <Tok_uident=Constant "d">
  [2:5..2:5) : <Tok_dedent>
  [2:5..2:5) : <Tok_end_of_input>
``	|``
  [1:0..1:8) : <Tok_error>
  [1:8..1:9) : <Tok_bar>
  [1:9..1:9) : <Tok_end_of_input>
``  ``
  [1:0..1:2) : <Tok_whitespace>
  [1:2..1:2) : <Tok_end_of_input>
``

  

``
  [1:0..2:0) : <Tok_whitespace>
  [2:0..3:0) : <Tok_whitespace>
  [3:0..3:0) : <Tok_end_of_input>
``# a
b
    c
    # d
# e
    f
g

``
  [1:0..2:0) : <Tok_hash_comment>
  [2:0..2:1) : <Tok_uident=Constant "b">
  [2:1..3:0) : <Tok_whitespace>
  [3:0..3:4) : <Tok_whitespace>
  [3:4..3:4) : <Tok_indent>
  [3:4..3:5) : <Tok_uident=Constant "c">
  [3:5..4:0) : <Tok_whitespace>
  [4:0..4:4) : <Tok_whitespace>
  [4:4..5:0) : <Tok_hash_comment>
  [5:0..6:0) : <Tok_hash_comment>
  [6:0..6:4) : <Tok_whitespace>
  [6:4..6:4) : <Tok_line_delim>
  [6:4..6:5) : <Tok_uident=Constant "f">
  [6:5..7:0) : <Tok_whitespace>
  [7:0..7:0) : <Tok_dedent>
  [7:0..7:0) : <Tok_line_delim>
  [7:0..7:1) : <Tok_uident=Constant "g">
  [7:1..8:0) : <Tok_whitespace>
  [8:0..8:0) : <Tok_end_of_input>
``a
  
  
b``
  [1:0..1:1) : <Tok_uident=Constant "a">
  [1:1..2:0) : <Tok_whitespace>
  [2:0..3:0) : <Tok_whitespace>
  [3:0..4:0) : <Tok_whitespace>
  [4:0..4:0) : <Tok_line_delim>
  [4:0..4:1) : <Tok_uident=Constant "b">
  [4:1..4:1) : <Tok_end_of_input>
``a
    b
(* Ignore. *)
    c

``
  [1:0..1:1) : <Tok_uident=Constant "a">
  [1:1..2:0) : <Tok_whitespace>
  [2:0..2:4) : <Tok_whitespace>
  [2:4..2:4) : <Tok_indent>
  [2:4..2:5) : <Tok_uident=Constant "b">
  [2:5..3:0) : <Tok_whitespace>
  [3:0..3:13) : <Tok_paren_comment>
  [3:13..4:0) : <Tok_whitespace>
  [4:0..4:4) : <Tok_whitespace>
  [4:4..4:4) : <Tok_line_delim>
  [4:4..4:5) : <Tok_uident=Constant "c">
  [4:5..5:0) : <Tok_whitespace>
  [5:0..5:0) : <Tok_dedent>
  [5:0..5:0) : <Tok_end_of_input>
``a
    b
(* Ignore. *) (* ... *) # ...
    c
 (* Ignore. *) (* ... *) # ...
    d
  (* Ignore. *) (* ... *) # ...
    e
   (* Ignore. *) (* ... *) # ...
    f
    (* Ignore. *) (* ... *) # ...
    g
     (* Ignore. *) (* ... *) # ...
        h
            (* Ignore. *) (* ... *) # ...
        i

``
  [1:0..1:1) : <Tok_uident=Constant "a">
  [1:1..2:0) : <Tok_whitespace>
  [2:0..2:4) : <Tok_whitespace>
  [2:4..2:4) : <Tok_indent>
  [2:4..2:5) : <Tok_uident=Constant "b">
  [2:5..3:0) : <Tok_whitespace>
  [3:0..3:13) : <Tok_paren_comment>
  [3:13..3:14) : <Tok_whitespace>
  [3:14..3:23) : <Tok_paren_comment>
  [3:23..3:24) : <Tok_whitespace>
  [3:24..4:0) : <Tok_hash_comment>
  [4:0..4:4) : <Tok_whitespace>
  [4:4..4:4) : <Tok_line_delim>
  [4:4..4:5) : <Tok_uident=Constant "c">
  [4:5..5:0) : <Tok_whitespace>
  [5:0..5:1) : <Tok_whitespace>
  [5:1..5:14) : <Tok_paren_comment>
  [5:14..5:15) : <Tok_whitespace>
  [5:15..5:24) : <Tok_paren_comment>
  [5:24..5:25) : <Tok_whitespace>
  [5:25..6:0) : <Tok_hash_comment>
  [6:0..6:4) : <Tok_whitespace>
  [6:4..6:4) : <Tok_line_delim>
  [6:4..6:5) : <Tok_uident=Constant "d">
  [6:5..7:0) : <Tok_whitespace>
  [7:0..7:2) : <Tok_whitespace>
  [7:2..7:15) : <Tok_paren_comment>
  [7:15..7:16) : <Tok_whitespace>
  [7:16..7:25) : <Tok_paren_comment>
  [7:25..7:26) : <Tok_whitespace>
  [7:26..8:0) : <Tok_hash_comment>
  [8:0..8:4) : <Tok_whitespace>
  [8:4..8:4) : <Tok_line_delim>
  [8:4..8:5) : <Tok_uident=Constant "e">
  [8:5..9:0) : <Tok_whitespace>
  [9:0..9:3) : <Tok_whitespace>
  [9:3..9:16) : <Tok_paren_comment>
  [9:16..9:17) : <Tok_whitespace>
  [9:17..9:26) : <Tok_paren_comment>
  [9:26..9:27) : <Tok_whitespace>
  [9:27..10:0) : <Tok_hash_comment>
  [10:0..10:4) : <Tok_whitespace>
  [10:4..10:4) : <Tok_line_delim>
  [10:4..10:5) : <Tok_uident=Constant "f">
  [10:5..11:0) : <Tok_whitespace>
  [11:0..11:4) : <Tok_whitespace>
  [11:4..11:17) : <Tok_paren_comment>
  [11:17..11:18) : <Tok_whitespace>
  [11:18..11:27) : <Tok_paren_comment>
  [11:27..11:28) : <Tok_whitespace>
  [11:28..12:0) : <Tok_hash_comment>
  [12:0..12:4) : <Tok_whitespace>
  [12:4..12:4) : <Tok_line_delim>
  [12:4..12:5) : <Tok_uident=Constant "g">
  [12:5..13:0) : <Tok_whitespace>
  [13:0..13:5) : <Tok_whitespace>
  [13:5..13:18) : <Tok_paren_comment>
  [13:18..13:19) : <Tok_whitespace>
  [13:19..13:28) : <Tok_paren_comment>
  [13:28..13:29) : <Tok_whitespace>
  [13:29..14:0) : <Tok_hash_comment>
  [14:0..14:8) : <Tok_whitespace>
  [14:8..14:8) : <Tok_indent>
  [14:8..14:9) : <Tok_uident=Constant "h">
  [14:9..15:0) : <Tok_whitespace>
  [15:0..15:12) : <Tok_whitespace>
  [15:12..15:25) : <Tok_paren_comment>
  [15:25..15:26) : <Tok_whitespace>
  [15:26..15:35) : <Tok_paren_comment>
  [15:35..15:36) : <Tok_whitespace>
  [15:36..16:0) : <Tok_hash_comment>
  [16:0..16:8) : <Tok_whitespace>
  [16:8..16:8) : <Tok_line_delim>
  [16:8..16:9) : <Tok_uident=Constant "i">
  [16:9..17:0) : <Tok_whitespace>
  [17:0..17:0) : <Tok_dedent>
  [17:0..17:0) : <Tok_dedent>
  [17:0..17:0) : <Tok_end_of_input>
``a
    b
(* Ignore. *) (* ... *) # ...
    c

``
  [1:0..1:1) : <Tok_uident=Constant "a">
  [1:1..2:0) : <Tok_whitespace>
  [2:0..2:4) : <Tok_whitespace>
  [2:4..2:4) : <Tok_indent>
  [2:4..2:5) : <Tok_uident=Constant "b">
  [2:5..3:0) : <Tok_whitespace>
  [3:0..3:13) : <Tok_paren_comment>
  [3:13..3:14) : <Tok_whitespace>
  [3:14..3:23) : <Tok_paren_comment>
  [3:23..3:24) : <Tok_whitespace>
  [3:24..4:0) : <Tok_hash_comment>
  [4:0..4:4) : <Tok_whitespace>
  [4:4..4:4) : <Tok_line_delim>
  [4:4..4:5) : <Tok_uident=Constant "c">
  [4:5..5:0) : <Tok_whitespace>
  [5:0..5:0) : <Tok_dedent>
  [5:0..5:0) : <Tok_end_of_input>
``a
    b
(* Ignore. *) (*
 ... *) # ...
    c

``
  [1:0..1:1) : <Tok_uident=Constant "a">
  [1:1..2:0) : <Tok_whitespace>
  [2:0..2:4) : <Tok_whitespace>
  [2:4..2:4) : <Tok_indent>
  [2:4..2:5) : <Tok_uident=Constant "b">
  [2:5..3:0) : <Tok_whitespace>
  [3:0..3:13) : <Tok_paren_comment>
  [3:13..3:14) : <Tok_whitespace>
  [3:14..4:7) : <Tok_paren_comment>
  [4:7..4:8) : <Tok_whitespace>
  [4:8..5:0) : <Tok_hash_comment>
  [5:0..5:4) : <Tok_whitespace>
  [5:4..5:4) : <Tok_line_delim>
  [5:4..5:5) : <Tok_uident=Constant "c">
  [5:5..6:0) : <Tok_whitespace>
  [6:0..6:0) : <Tok_dedent>
  [6:0..6:0) : <Tok_end_of_input>
``a
    b
(* Don't ignore. *) true
    c

``
  [1:0..1:1) : <Tok_uident=Constant "a">
  [1:1..2:0) : <Tok_whitespace>
  [2:0..2:4) : <Tok_whitespace>
  [2:4..2:4) : <Tok_indent>
  [2:4..2:5) : <Tok_uident=Constant "b">
  [2:5..3:0) : <Tok_whitespace>
  [3:0..3:19) : <Tok_paren_comment>
  [3:19..3:20) : <Tok_whitespace>
  [3:20..3:20) : <Tok_dedent>
  [3:20..3:20) : <Tok_line_delim>
  [3:20..3:24) : <Tok_true>
  [3:24..4:0) : <Tok_whitespace>
  [4:0..4:4) : <Tok_whitespace>
  [4:4..4:4) : <Tok_indent>
  [4:4..4:5) : <Tok_uident=Constant "c">
  [4:5..5:0) : <Tok_whitespace>
  [5:0..5:0) : <Tok_dedent>
  [5:0..5:0) : <Tok_end_of_input>
``a
    b
(* Don't ignore. *) (* ...
 *) true
    c

``
  [1:0..1:1) : <Tok_uident=Constant "a">
  [1:1..2:0) : <Tok_whitespace>
  [2:0..2:4) : <Tok_whitespace>
  [2:4..2:4) : <Tok_indent>
  [2:4..2:5) : <Tok_uident=Constant "b">
  [2:5..3:0) : <Tok_whitespace>
  [3:0..3:19) : <Tok_paren_comment>
  [3:19..3:20) : <Tok_whitespace>
  [3:20..4:3) : <Tok_paren_comment>
  [4:3..4:4) : <Tok_whitespace>
  [4:4..4:4) : <Tok_dedent>
  [4:4..4:4) : <Tok_line_delim>
  [4:4..4:8) : <Tok_true>
  [4:8..5:0) : <Tok_whitespace>
  [5:0..5:4) : <Tok_whitespace>
  [5:4..5:4) : <Tok_indent>
  [5:4..5:5) : <Tok_uident=Constant "c">
  [5:5..6:0) : <Tok_whitespace>
  [6:0..6:0) : <Tok_dedent>
  [6:0..6:0) : <Tok_end_of_input>
``a
    b
(* Don't ignore. *) (*
 ... *) true
    c

``
  [1:0..1:1) : <Tok_uident=Constant "a">
  [1:1..2:0) : <Tok_whitespace>
  [2:0..2:4) : <Tok_whitespace>
  [2:4..2:4) : <Tok_indent>
  [2:4..2:5) : <Tok_uident=Constant "b">
  [2:5..3:0) : <Tok_whitespace>
  [3:0..3:19) : <Tok_paren_comment>
  [3:19..3:20) : <Tok_whitespace>
  [3:20..4:7) : <Tok_paren_comment>
  [4:7..4:8) : <Tok_whitespace>
  [4:8..4:8) : <Tok_dedent>
  [4:8..4:8) : <Tok_line_delim>
  [4:8..4:12) : <Tok_true>
  [4:12..5:0) : <Tok_whitespace>
  [5:0..5:4) : <Tok_whitespace>
  [5:4..5:4) : <Tok_indent>
  [5:4..5:5) : <Tok_uident=Constant "c">
  [5:5..6:0) : <Tok_whitespace>
  [6:0..6:0) : <Tok_dedent>
  [6:0..6:0) : <Tok_end_of_input>
``a
    b
        c
            d
    e

``
  [1:0..1:1) : <Tok_uident=Constant "a">
  [1:1..2:0) : <Tok_whitespace>
  [2:0..2:4) : <Tok_whitespace>
  [2:4..2:4) : <Tok_indent>
  [2:4..2:5) : <Tok_uident=Constant "b">
  [2:5..3:0) : <Tok_whitespace>
  [3:0..3:8) : <Tok_whitespace>
  [3:8..3:8) : <Tok_indent>
  [3:8..3:9) : <Tok_uident=Constant "c">
  [3:9..4:0) : <Tok_whitespace>
  [4:0..4:12) : <Tok_whitespace>
  [4:12..4:12) : <Tok_indent>
  [4:12..4:13) : <Tok_uident=Constant "d">
  [4:13..5:0) : <Tok_whitespace>
  [5:0..5:4) : <Tok_whitespace>
  [5:4..5:4) : <Tok_dedent>
  [5:4..5:4) : <Tok_dedent>
  [5:4..5:4) : <Tok_line_delim>
  [5:4..5:5) : <Tok_uident=Constant "e">
  [5:5..6:0) : <Tok_whitespace>
  [6:0..6:0) : <Tok_dedent>
  [6:0..6:0) : <Tok_end_of_input>
``a
    b
        c
            d
      e
    f

``
  [1:0..1:1) : <Tok_uident=Constant "a">
  [1:1..2:0) : <Tok_whitespace>
  [2:0..2:4) : <Tok_whitespace>
  [2:4..2:4) : <Tok_indent>
  [2:4..2:5) : <Tok_uident=Constant "b">
  [2:5..3:0) : <Tok_whitespace>
  [3:0..3:8) : <Tok_whitespace>
  [3:8..3:8) : <Tok_indent>
  [3:8..3:9) : <Tok_uident=Constant "c">
  [3:9..4:0) : <Tok_whitespace>
  [4:0..4:12) : <Tok_whitespace>
  [4:12..4:12) : <Tok_indent>
  [4:12..4:13) : <Tok_uident=Constant "d">
  [4:13..5:0) : <Tok_whitespace>
  [5:0..5:6) : <Tok_whitespace>
  [5:6..5:6) : <Tok_dedent>
  [5:6..5:6) : <Tok_dedent>
  [5:6..5:7) : <Tok_uident=Constant "e">
  [5:7..6:0) : <Tok_whitespace>
  [6:0..6:4) : <Tok_whitespace>
  [6:4..6:4) : <Tok_line_delim>
  [6:4..6:5) : <Tok_uident=Constant "f">
  [6:5..7:0) : <Tok_whitespace>
  [7:0..7:0) : <Tok_dedent>
  [7:0..7:0) : <Tok_end_of_input>
``a
    b
    c
  d
    e
        f
      g
        h
    i

``
  [1:0..1:1) : <Tok_uident=Constant "a">
  [1:1..2:0) : <Tok_whitespace>
  [2:0..2:4) : <Tok_whitespace>
  [2:4..2:4) : <Tok_indent>
  [2:4..2:5) : <Tok_uident=Constant "b">
  [2:5..3:0) : <Tok_whitespace>
  [3:0..3:4) : <Tok_whitespace>
  [3:4..3:4) : <Tok_line_delim>
  [3:4..3:5) : <Tok_uident=Constant "c">
  [3:5..4:0) : <Tok_whitespace>
  [4:0..4:2) : <Tok_whitespace>
  [4:2..4:2) : <Tok_dedent>
  [4:2..4:3) : <Tok_uident=Constant "d">
  [4:3..5:0) : <Tok_whitespace>
  [5:0..5:4) : <Tok_whitespace>
  [5:4..5:4) : <Tok_indent>
  [5:4..5:5) : <Tok_uident=Constant "e">
  [5:5..6:0) : <Tok_whitespace>
  [6:0..6:8) : <Tok_whitespace>
  [6:8..6:8) : <Tok_indent>
  [6:8..6:9) : <Tok_uident=Constant "f">
  [6:9..7:0) : <Tok_whitespace>
  [7:0..7:6) : <Tok_whitespace>
  [7:6..7:6) : <Tok_dedent>
  [7:6..7:7) : <Tok_uident=Constant "g">
  [7:7..8:0) : <Tok_whitespace>
  [8:0..8:8) : <Tok_whitespace>
  [8:8..8:8) : <Tok_indent>
  [8:8..8:9) : <Tok_uident=Constant "h">
  [8:9..9:0) : <Tok_whitespace>
  [9:0..9:4) : <Tok_whitespace>
  [9:4..9:4) : <Tok_dedent>
  [9:4..9:4) : <Tok_line_delim>
  [9:4..9:5) : <Tok_uident=Constant "i">
  [9:5..10:0) : <Tok_whitespace>
  [10:0..10:0) : <Tok_dedent>
  [10:0..10:0) : <Tok_end_of_input>
``a
  b
  c
d

``
  [1:0..1:1) : <Tok_uident=Constant "a">
  [1:1..2:0) : <Tok_whitespace>
  [2:0..2:2) : <Tok_whitespace>
  [2:2..2:3) : <Tok_uident=Constant "b">
  [2:3..3:0) : <Tok_whitespace>
  [3:0..3:2) : <Tok_whitespace>
  [3:2..3:3) : <Tok_uident=Constant "c">
  [3:3..4:0) : <Tok_whitespace>
  [4:0..4:0) : <Tok_line_delim>
  [4:0..4:1) : <Tok_uident=Constant "d">
  [4:1..5:0) : <Tok_whitespace>
  [5:0..5:0) : <Tok_end_of_input>
``a
        b

``
  [1:0..1:1) : <Tok_uident=Constant "a">
  [1:1..2:0) : <Tok_whitespace>
  [2:0..2:8) : <Tok_whitespace>
  [2:8..2:8) : <Tok_indent=Malformed ["[2:8..2:8): Missing indent"]>
  [2:8..2:8) : <Tok_indent>
  [2:8..2:9) : <Tok_uident=Constant "b">
  [2:9..3:0) : <Tok_whitespace>
  [3:0..3:0) : <Tok_dedent>
  [3:0..3:0) : <Tok_dedent>
  [3:0..3:0) : <Tok_end_of_input>
``a
    b
        c
d

``
  [1:0..1:1) : <Tok_uident=Constant "a">
  [1:1..2:0) : <Tok_whitespace>
  [2:0..2:4) : <Tok_whitespace>
  [2:4..2:4) : <Tok_indent>
  [2:4..2:5) : <Tok_uident=Constant "b">
  [2:5..3:0) : <Tok_whitespace>
  [3:0..3:8) : <Tok_whitespace>
  [3:8..3:8) : <Tok_indent>
  [3:8..3:9) : <Tok_uident=Constant "c">
  [3:9..4:0) : <Tok_whitespace>
  [4:0..4:0) : <Tok_dedent>
  [4:0..4:0) : <Tok_dedent>
  [4:0..4:0) : <Tok_line_delim>
  [4:0..4:1) : <Tok_uident=Constant "d">
  [4:1..5:0) : <Tok_whitespace>
  [5:0..5:0) : <Tok_end_of_input>
``

# : | : | : | : | : | : |
a
    b
        c
            d
a2

``
  [1:0..2:0) : <Tok_whitespace>
  [2:0..3:0) : <Tok_hash_comment>
  [3:0..3:1) : <Tok_uident=Constant "a">
  [3:1..4:0) : <Tok_whitespace>
  [4:0..4:4) : <Tok_whitespace>
  [4:4..4:4) : <Tok_indent>
  [4:4..4:5) : <Tok_uident=Constant "b">
  [4:5..5:0) : <Tok_whitespace>
  [5:0..5:8) : <Tok_whitespace>
  [5:8..5:8) : <Tok_indent>
  [5:8..5:9) : <Tok_uident=Constant "c">
  [5:9..6:0) : <Tok_whitespace>
  [6:0..6:12) : <Tok_whitespace>
  [6:12..6:12) : <Tok_indent>
  [6:12..6:13) : <Tok_uident=Constant "d">
  [6:13..7:0) : <Tok_whitespace>
  [7:0..7:0) : <Tok_dedent>
  [7:0..7:0) : <Tok_dedent>
  [7:0..7:0) : <Tok_dedent>
  [7:0..7:0) : <Tok_line_delim>
  [7:0..7:2) : <Tok_uident=Constant "a2">
  [7:2..8:0) : <Tok_whitespace>
  [8:0..8:0) : <Tok_end_of_input>
``

# : | : | : | : | : | : |
a
    b
        c
            d
 x

``
  [1:0..2:0) : <Tok_whitespace>
  [2:0..3:0) : <Tok_hash_comment>
  [3:0..3:1) : <Tok_uident=Constant "a">
  [3:1..4:0) : <Tok_whitespace>
  [4:0..4:4) : <Tok_whitespace>
  [4:4..4:4) : <Tok_indent>
  [4:4..4:5) : <Tok_uident=Constant "b">
  [4:5..5:0) : <Tok_whitespace>
  [5:0..5:8) : <Tok_whitespace>
  [5:8..5:8) : <Tok_indent>
  [5:8..5:9) : <Tok_uident=Constant "c">
  [5:9..6:0) : <Tok_whitespace>
  [6:0..6:12) : <Tok_whitespace>
  [6:12..6:12) : <Tok_indent>
  [6:12..6:13) : <Tok_uident=Constant "d">
  [6:13..7:0) : <Tok_whitespace>
  [7:0..7:1) : <Tok_whitespace>
  [7:1..7:1) : <Tok_dedent=Malformed ["[7:1..7:1): Missing dedent"]>
  [7:1..7:1) : <Tok_dedent=Malformed ["[7:1..7:1): Missing dedent"]>
  [7:1..7:1) : <Tok_dedent=Malformed ["[7:1..7:1): Missing dedent"]>
  [7:1..7:1) : <Tok_misaligned>
  [7:1..7:2) : <Tok_uident=Constant "x">
  [7:2..8:0) : <Tok_whitespace>
  [8:0..8:0) : <Tok_end_of_input>
``

# : | : | : | : | : | : |
a
    b
        c
            d
  a'

``
  [1:0..2:0) : <Tok_whitespace>
  [2:0..3:0) : <Tok_hash_comment>
  [3:0..3:1) : <Tok_uident=Constant "a">
  [3:1..4:0) : <Tok_whitespace>
  [4:0..4:4) : <Tok_whitespace>
  [4:4..4:4) : <Tok_indent>
  [4:4..4:5) : <Tok_uident=Constant "b">
  [4:5..5:0) : <Tok_whitespace>
  [5:0..5:8) : <Tok_whitespace>
  [5:8..5:8) : <Tok_indent>
  [5:8..5:9) : <Tok_uident=Constant "c">
  [5:9..6:0) : <Tok_whitespace>
  [6:0..6:12) : <Tok_whitespace>
  [6:12..6:12) : <Tok_indent>
  [6:12..6:13) : <Tok_uident=Constant "d">
  [6:13..7:0) : <Tok_whitespace>
  [7:0..7:2) : <Tok_whitespace>
  [7:2..7:2) : <Tok_dedent>
  [7:2..7:2) : <Tok_dedent>
  [7:2..7:2) : <Tok_dedent>
  [7:2..7:4) : <Tok_uident=Constant "a'">
  [7:4..8:0) : <Tok_whitespace>
  [8:0..8:0) : <Tok_end_of_input>
``

# : | : | : | : | : | : |
a
    b
        c
            d
   x

``
  [1:0..2:0) : <Tok_whitespace>
  [2:0..3:0) : <Tok_hash_comment>
  [3:0..3:1) : <Tok_uident=Constant "a">
  [3:1..4:0) : <Tok_whitespace>
  [4:0..4:4) : <Tok_whitespace>
  [4:4..4:4) : <Tok_indent>
  [4:4..4:5) : <Tok_uident=Constant "b">
  [4:5..5:0) : <Tok_whitespace>
  [5:0..5:8) : <Tok_whitespace>
  [5:8..5:8) : <Tok_indent>
  [5:8..5:9) : <Tok_uident=Constant "c">
  [5:9..6:0) : <Tok_whitespace>
  [6:0..6:12) : <Tok_whitespace>
  [6:12..6:12) : <Tok_indent>
  [6:12..6:13) : <Tok_uident=Constant "d">
  [6:13..7:0) : <Tok_whitespace>
  [7:0..7:3) : <Tok_whitespace>
  [7:3..7:3) : <Tok_dedent=Malformed ["[7:3..7:3): Missing dedent"]>
  [7:3..7:3) : <Tok_dedent=Malformed ["[7:3..7:3): Missing dedent"]>
  [7:3..7:3) : <Tok_misaligned>
  [7:3..7:4) : <Tok_uident=Constant "x">
  [7:4..8:0) : <Tok_whitespace>
  [8:0..8:0) : <Tok_dedent>
  [8:0..8:0) : <Tok_end_of_input>
``

# : | : | : | : | : | : |
a
    b
        c
            d
    b2

``
  [1:0..2:0) : <Tok_whitespace>
  [2:0..3:0) : <Tok_hash_comment>
  [3:0..3:1) : <Tok_uident=Constant "a">
  [3:1..4:0) : <Tok_whitespace>
  [4:0..4:4) : <Tok_whitespace>
  [4:4..4:4) : <Tok_indent>
  [4:4..4:5) : <Tok_uident=Constant "b">
  [4:5..5:0) : <Tok_whitespace>
  [5:0..5:8) : <Tok_whitespace>
  [5:8..5:8) : <Tok_indent>
  [5:8..5:9) : <Tok_uident=Constant "c">
  [5:9..6:0) : <Tok_whitespace>
  [6:0..6:12) : <Tok_whitespace>
  [6:12..6:12) : <Tok_indent>
  [6:12..6:13) : <Tok_uident=Constant "d">
  [6:13..7:0) : <Tok_whitespace>
  [7:0..7:4) : <Tok_whitespace>
  [7:4..7:4) : <Tok_dedent>
  [7:4..7:4) : <Tok_dedent>
  [7:4..7:4) : <Tok_line_delim>
  [7:4..7:6) : <Tok_uident=Constant "b2">
  [7:6..8:0) : <Tok_whitespace>
  [8:0..8:0) : <Tok_dedent>
  [8:0..8:0) : <Tok_end_of_input>
``

# : | : | : | : | : | : |
a
    b
        c
            d
     x

``
  [1:0..2:0) : <Tok_whitespace>
  [2:0..3:0) : <Tok_hash_comment>
  [3:0..3:1) : <Tok_uident=Constant "a">
  [3:1..4:0) : <Tok_whitespace>
  [4:0..4:4) : <Tok_whitespace>
  [4:4..4:4) : <Tok_indent>
  [4:4..4:5) : <Tok_uident=Constant "b">
  [4:5..5:0) : <Tok_whitespace>
  [5:0..5:8) : <Tok_whitespace>
  [5:8..5:8) : <Tok_indent>
  [5:8..5:9) : <Tok_uident=Constant "c">
  [5:9..6:0) : <Tok_whitespace>
  [6:0..6:12) : <Tok_whitespace>
  [6:12..6:12) : <Tok_indent>
  [6:12..6:13) : <Tok_uident=Constant "d">
  [6:13..7:0) : <Tok_whitespace>
  [7:0..7:5) : <Tok_whitespace>
  [7:5..7:5) : <Tok_dedent=Malformed ["[7:5..7:5): Missing dedent"]>
  [7:5..7:5) : <Tok_dedent=Malformed ["[7:5..7:5): Missing dedent"]>
  [7:5..7:5) : <Tok_misaligned>
  [7:5..7:6) : <Tok_uident=Constant "x">
  [7:6..8:0) : <Tok_whitespace>
  [8:0..8:0) : <Tok_dedent>
  [8:0..8:0) : <Tok_end_of_input>
``

# : | : | : | : | : | : |
a
    b
        c
            d
      b'

``
  [1:0..2:0) : <Tok_whitespace>
  [2:0..3:0) : <Tok_hash_comment>
  [3:0..3:1) : <Tok_uident=Constant "a">
  [3:1..4:0) : <Tok_whitespace>
  [4:0..4:4) : <Tok_whitespace>
  [4:4..4:4) : <Tok_indent>
  [4:4..4:5) : <Tok_uident=Constant "b">
  [4:5..5:0) : <Tok_whitespace>
  [5:0..5:8) : <Tok_whitespace>
  [5:8..5:8) : <Tok_indent>
  [5:8..5:9) : <Tok_uident=Constant "c">
  [5:9..6:0) : <Tok_whitespace>
  [6:0..6:12) : <Tok_whitespace>
  [6:12..6:12) : <Tok_indent>
  [6:12..6:13) : <Tok_uident=Constant "d">
  [6:13..7:0) : <Tok_whitespace>
  [7:0..7:6) : <Tok_whitespace>
  [7:6..7:6) : <Tok_dedent>
  [7:6..7:6) : <Tok_dedent>
  [7:6..7:8) : <Tok_uident=Constant "b'">
  [7:8..8:0) : <Tok_whitespace>
  [8:0..8:0) : <Tok_dedent>
  [8:0..8:0) : <Tok_end_of_input>
``

# : | : | : | : | : | : |
a
    b
        c
            d
       x

``
  [1:0..2:0) : <Tok_whitespace>
  [2:0..3:0) : <Tok_hash_comment>
  [3:0..3:1) : <Tok_uident=Constant "a">
  [3:1..4:0) : <Tok_whitespace>
  [4:0..4:4) : <Tok_whitespace>
  [4:4..4:4) : <Tok_indent>
  [4:4..4:5) : <Tok_uident=Constant "b">
  [4:5..5:0) : <Tok_whitespace>
  [5:0..5:8) : <Tok_whitespace>
  [5:8..5:8) : <Tok_indent>
  [5:8..5:9) : <Tok_uident=Constant "c">
  [5:9..6:0) : <Tok_whitespace>
  [6:0..6:12) : <Tok_whitespace>
  [6:12..6:12) : <Tok_indent>
  [6:12..6:13) : <Tok_uident=Constant "d">
  [6:13..7:0) : <Tok_whitespace>
  [7:0..7:7) : <Tok_whitespace>
  [7:7..7:7) : <Tok_dedent=Malformed ["[7:7..7:7): Missing dedent"]>
  [7:7..7:7) : <Tok_misaligned>
  [7:7..7:8) : <Tok_uident=Constant "x">
  [7:8..8:0) : <Tok_whitespace>
  [8:0..8:0) : <Tok_dedent>
  [8:0..8:0) : <Tok_dedent>
  [8:0..8:0) : <Tok_end_of_input>
``

# : | : | : | : | : | : |
a
    b
        c
            d
        c2

``
  [1:0..2:0) : <Tok_whitespace>
  [2:0..3:0) : <Tok_hash_comment>
  [3:0..3:1) : <Tok_uident=Constant "a">
  [3:1..4:0) : <Tok_whitespace>
  [4:0..4:4) : <Tok_whitespace>
  [4:4..4:4) : <Tok_indent>
  [4:4..4:5) : <Tok_uident=Constant "b">
  [4:5..5:0) : <Tok_whitespace>
  [5:0..5:8) : <Tok_whitespace>
  [5:8..5:8) : <Tok_indent>
  [5:8..5:9) : <Tok_uident=Constant "c">
  [5:9..6:0) : <Tok_whitespace>
  [6:0..6:12) : <Tok_whitespace>
  [6:12..6:12) : <Tok_indent>
  [6:12..6:13) : <Tok_uident=Constant "d">
  [6:13..7:0) : <Tok_whitespace>
  [7:0..7:8) : <Tok_whitespace>
  [7:8..7:8) : <Tok_dedent>
  [7:8..7:8) : <Tok_line_delim>
  [7:8..7:10) : <Tok_uident=Constant "c2">
  [7:10..8:0) : <Tok_whitespace>
  [8:0..8:0) : <Tok_dedent>
  [8:0..8:0) : <Tok_dedent>
  [8:0..8:0) : <Tok_end_of_input>
``

# : | : | : | : | : | : |
a
    b
        c
            d
         x

``
  [1:0..2:0) : <Tok_whitespace>
  [2:0..3:0) : <Tok_hash_comment>
  [3:0..3:1) : <Tok_uident=Constant "a">
  [3:1..4:0) : <Tok_whitespace>
  [4:0..4:4) : <Tok_whitespace>
  [4:4..4:4) : <Tok_indent>
  [4:4..4:5) : <Tok_uident=Constant "b">
  [4:5..5:0) : <Tok_whitespace>
  [5:0..5:8) : <Tok_whitespace>
  [5:8..5:8) : <Tok_indent>
  [5:8..5:9) : <Tok_uident=Constant "c">
  [5:9..6:0) : <Tok_whitespace>
  [6:0..6:12) : <Tok_whitespace>
  [6:12..6:12) : <Tok_indent>
  [6:12..6:13) : <Tok_uident=Constant "d">
  [6:13..7:0) : <Tok_whitespace>
  [7:0..7:9) : <Tok_whitespace>
  [7:9..7:9) : <Tok_dedent=Malformed ["[7:9..7:9): Missing dedent"]>
  [7:9..7:9) : <Tok_misaligned>
  [7:9..7:10) : <Tok_uident=Constant "x">
  [7:10..8:0) : <Tok_whitespace>
  [8:0..8:0) : <Tok_dedent>
  [8:0..8:0) : <Tok_dedent>
  [8:0..8:0) : <Tok_end_of_input>
``

# : | : | : | : | : | : |
a
    b
        c
            d
          c'

``
  [1:0..2:0) : <Tok_whitespace>
  [2:0..3:0) : <Tok_hash_comment>
  [3:0..3:1) : <Tok_uident=Constant "a">
  [3:1..4:0) : <Tok_whitespace>
  [4:0..4:4) : <Tok_whitespace>
  [4:4..4:4) : <Tok_indent>
  [4:4..4:5) : <Tok_uident=Constant "b">
  [4:5..5:0) : <Tok_whitespace>
  [5:0..5:8) : <Tok_whitespace>
  [5:8..5:8) : <Tok_indent>
  [5:8..5:9) : <Tok_uident=Constant "c">
  [5:9..6:0) : <Tok_whitespace>
  [6:0..6:12) : <Tok_whitespace>
  [6:12..6:12) : <Tok_indent>
  [6:12..6:13) : <Tok_uident=Constant "d">
  [6:13..7:0) : <Tok_whitespace>
  [7:0..7:10) : <Tok_whitespace>
  [7:10..7:10) : <Tok_dedent>
  [7:10..7:12) : <Tok_uident=Constant "c'">
  [7:12..8:0) : <Tok_whitespace>
  [8:0..8:0) : <Tok_dedent>
  [8:0..8:0) : <Tok_dedent>
  [8:0..8:0) : <Tok_end_of_input>
``

# : | : | : | : | : | : |
a
    b
        c
            d
           x

``
  [1:0..2:0) : <Tok_whitespace>
  [2:0..3:0) : <Tok_hash_comment>
  [3:0..3:1) : <Tok_uident=Constant "a">
  [3:1..4:0) : <Tok_whitespace>
  [4:0..4:4) : <Tok_whitespace>
  [4:4..4:4) : <Tok_indent>
  [4:4..4:5) : <Tok_uident=Constant "b">
  [4:5..5:0) : <Tok_whitespace>
  [5:0..5:8) : <Tok_whitespace>
  [5:8..5:8) : <Tok_indent>
  [5:8..5:9) : <Tok_uident=Constant "c">
  [5:9..6:0) : <Tok_whitespace>
  [6:0..6:12) : <Tok_whitespace>
  [6:12..6:12) : <Tok_indent>
  [6:12..6:13) : <Tok_uident=Constant "d">
  [6:13..7:0) : <Tok_whitespace>
  [7:0..7:11) : <Tok_whitespace>
  [7:11..7:11) : <Tok_misaligned>
  [7:11..7:12) : <Tok_uident=Constant "x">
  [7:12..8:0) : <Tok_whitespace>
  [8:0..8:0) : <Tok_dedent>
  [8:0..8:0) : <Tok_dedent>
  [8:0..8:0) : <Tok_dedent>
  [8:0..8:0) : <Tok_end_of_input>
``

# : | : | : | : | : | : |
a
    b
        c
            d
            d2

``
  [1:0..2:0) : <Tok_whitespace>
  [2:0..3:0) : <Tok_hash_comment>
  [3:0..3:1) : <Tok_uident=Constant "a">
  [3:1..4:0) : <Tok_whitespace>
  [4:0..4:4) : <Tok_whitespace>
  [4:4..4:4) : <Tok_indent>
  [4:4..4:5) : <Tok_uident=Constant "b">
  [4:5..5:0) : <Tok_whitespace>
  [5:0..5:8) : <Tok_whitespace>
  [5:8..5:8) : <Tok_indent>
  [5:8..5:9) : <Tok_uident=Constant "c">
  [5:9..6:0) : <Tok_whitespace>
  [6:0..6:12) : <Tok_whitespace>
  [6:12..6:12) : <Tok_indent>
  [6:12..6:13) : <Tok_uident=Constant "d">
  [6:13..7:0) : <Tok_whitespace>
  [7:0..7:12) : <Tok_whitespace>
  [7:12..7:12) : <Tok_line_delim>
  [7:12..7:14) : <Tok_uident=Constant "d2">
  [7:14..8:0) : <Tok_whitespace>
  [8:0..8:0) : <Tok_dedent>
  [8:0..8:0) : <Tok_dedent>
  [8:0..8:0) : <Tok_dedent>
  [8:0..8:0) : <Tok_end_of_input>
``

# : | : | : | : | : | : |
a
    b
        c
            d
             x

``
  [1:0..2:0) : <Tok_whitespace>
  [2:0..3:0) : <Tok_hash_comment>
  [3:0..3:1) : <Tok_uident=Constant "a">
  [3:1..4:0) : <Tok_whitespace>
  [4:0..4:4) : <Tok_whitespace>
  [4:4..4:4) : <Tok_indent>
  [4:4..4:5) : <Tok_uident=Constant "b">
  [4:5..5:0) : <Tok_whitespace>
  [5:0..5:8) : <Tok_whitespace>
  [5:8..5:8) : <Tok_indent>
  [5:8..5:9) : <Tok_uident=Constant "c">
  [5:9..6:0) : <Tok_whitespace>
  [6:0..6:12) : <Tok_whitespace>
  [6:12..6:12) : <Tok_indent>
  [6:12..6:13) : <Tok_uident=Constant "d">
  [6:13..7:0) : <Tok_whitespace>
  [7:0..7:13) : <Tok_whitespace>
  [7:13..7:13) : <Tok_misaligned>
  [7:13..7:14) : <Tok_uident=Constant "x">
  [7:14..8:0) : <Tok_whitespace>
  [8:0..8:0) : <Tok_dedent>
  [8:0..8:0) : <Tok_dedent>
  [8:0..8:0) : <Tok_dedent>
  [8:0..8:0) : <Tok_end_of_input>
``

# : | : | : | : | : | : |
a
    b
        c
            d
              d'

``
  [1:0..2:0) : <Tok_whitespace>
  [2:0..3:0) : <Tok_hash_comment>
  [3:0..3:1) : <Tok_uident=Constant "a">
  [3:1..4:0) : <Tok_whitespace>
  [4:0..4:4) : <Tok_whitespace>
  [4:4..4:4) : <Tok_indent>
  [4:4..4:5) : <Tok_uident=Constant "b">
  [4:5..5:0) : <Tok_whitespace>
  [5:0..5:8) : <Tok_whitespace>
  [5:8..5:8) : <Tok_indent>
  [5:8..5:9) : <Tok_uident=Constant "c">
  [5:9..6:0) : <Tok_whitespace>
  [6:0..6:12) : <Tok_whitespace>
  [6:12..6:12) : <Tok_indent>
  [6:12..6:13) : <Tok_uident=Constant "d">
  [6:13..7:0) : <Tok_whitespace>
  [7:0..7:14) : <Tok_whitespace>
  [7:14..7:16) : <Tok_uident=Constant "d'">
  [7:16..8:0) : <Tok_whitespace>
  [8:0..8:0) : <Tok_dedent>
  [8:0..8:0) : <Tok_dedent>
  [8:0..8:0) : <Tok_dedent>
  [8:0..8:0) : <Tok_end_of_input>
``

# : | : | : | : | : | : |
a
    b
        c
            d
               x

``
  [1:0..2:0) : <Tok_whitespace>
  [2:0..3:0) : <Tok_hash_comment>
  [3:0..3:1) : <Tok_uident=Constant "a">
  [3:1..4:0) : <Tok_whitespace>
  [4:0..4:4) : <Tok_whitespace>
  [4:4..4:4) : <Tok_indent>
  [4:4..4:5) : <Tok_uident=Constant "b">
  [4:5..5:0) : <Tok_whitespace>
  [5:0..5:8) : <Tok_whitespace>
  [5:8..5:8) : <Tok_indent>
  [5:8..5:9) : <Tok_uident=Constant "c">
  [5:9..6:0) : <Tok_whitespace>
  [6:0..6:12) : <Tok_whitespace>
  [6:12..6:12) : <Tok_indent>
  [6:12..6:13) : <Tok_uident=Constant "d">
  [6:13..7:0) : <Tok_whitespace>
  [7:0..7:15) : <Tok_whitespace>
  [7:15..7:15) : <Tok_indent=Malformed ["[7:15..7:15): Missing indent"]>
  [7:15..7:15) : <Tok_misaligned>
  [7:15..7:16) : <Tok_uident=Constant "x">
  [7:16..8:0) : <Tok_whitespace>
  [8:0..8:0) : <Tok_dedent>
  [8:0..8:0) : <Tok_dedent>
  [8:0..8:0) : <Tok_dedent>
  [8:0..8:0) : <Tok_dedent>
  [8:0..8:0) : <Tok_end_of_input>
``

# : | : | : | : | : | : |
a
    b
        c
            d
                e

``
  [1:0..2:0) : <Tok_whitespace>
  [2:0..3:0) : <Tok_hash_comment>
  [3:0..3:1) : <Tok_uident=Constant "a">
  [3:1..4:0) : <Tok_whitespace>
  [4:0..4:4) : <Tok_whitespace>
  [4:4..4:4) : <Tok_indent>
  [4:4..4:5) : <Tok_uident=Constant "b">
  [4:5..5:0) : <Tok_whitespace>
  [5:0..5:8) : <Tok_whitespace>
  [5:8..5:8) : <Tok_indent>
  [5:8..5:9) : <Tok_uident=Constant "c">
  [5:9..6:0) : <Tok_whitespace>
  [6:0..6:12) : <Tok_whitespace>
  [6:12..6:12) : <Tok_indent>
  [6:12..6:13) : <Tok_uident=Constant "d">
  [6:13..7:0) : <Tok_whitespace>
  [7:0..7:16) : <Tok_whitespace>
  [7:16..7:16) : <Tok_indent>
  [7:16..7:17) : <Tok_uident=Constant "e">
  [7:17..8:0) : <Tok_whitespace>
  [8:0..8:0) : <Tok_dedent>
  [8:0..8:0) : <Tok_dedent>
  [8:0..8:0) : <Tok_dedent>
  [8:0..8:0) : <Tok_dedent>
  [8:0..8:0) : <Tok_end_of_input>
``

# : | : | : | : | : | : |
a
    b
        c
            d
                 x

``
  [1:0..2:0) : <Tok_whitespace>
  [2:0..3:0) : <Tok_hash_comment>
  [3:0..3:1) : <Tok_uident=Constant "a">
  [3:1..4:0) : <Tok_whitespace>
  [4:0..4:4) : <Tok_whitespace>
  [4:4..4:4) : <Tok_indent>
  [4:4..4:5) : <Tok_uident=Constant "b">
  [4:5..5:0) : <Tok_whitespace>
  [5:0..5:8) : <Tok_whitespace>
  [5:8..5:8) : <Tok_indent>
  [5:8..5:9) : <Tok_uident=Constant "c">
  [5:9..6:0) : <Tok_whitespace>
  [6:0..6:12) : <Tok_whitespace>
  [6:12..6:12) : <Tok_indent>
  [6:12..6:13) : <Tok_uident=Constant "d">
  [6:13..7:0) : <Tok_whitespace>
  [7:0..7:17) : <Tok_whitespace>
  [7:17..7:17) : <Tok_indent=Malformed ["[7:17..7:17): Missing indent"]>
  [7:17..7:17) : <Tok_misaligned>
  [7:17..7:18) : <Tok_uident=Constant "x">
  [7:18..8:0) : <Tok_whitespace>
  [8:0..8:0) : <Tok_dedent>
  [8:0..8:0) : <Tok_dedent>
  [8:0..8:0) : <Tok_dedent>
  [8:0..8:0) : <Tok_dedent>
  [8:0..8:0) : <Tok_end_of_input>
``

# : | : | : | : | : | : |
a
    b
        c
            d
                  x

``
  [1:0..2:0) : <Tok_whitespace>
  [2:0..3:0) : <Tok_hash_comment>
  [3:0..3:1) : <Tok_uident=Constant "a">
  [3:1..4:0) : <Tok_whitespace>
  [4:0..4:4) : <Tok_whitespace>
  [4:4..4:4) : <Tok_indent>
  [4:4..4:5) : <Tok_uident=Constant "b">
  [4:5..5:0) : <Tok_whitespace>
  [5:0..5:8) : <Tok_whitespace>
  [5:8..5:8) : <Tok_indent>
  [5:8..5:9) : <Tok_uident=Constant "c">
  [5:9..6:0) : <Tok_whitespace>
  [6:0..6:12) : <Tok_whitespace>
  [6:12..6:12) : <Tok_indent>
  [6:12..6:13) : <Tok_uident=Constant "d">
  [6:13..7:0) : <Tok_whitespace>
  [7:0..7:18) : <Tok_whitespace>
  [7:18..7:18) : <Tok_indent=Malformed ["[7:18..7:18): Missing indent"]>
  [7:18..7:19) : <Tok_uident=Constant "x">
  [7:19..8:0) : <Tok_whitespace>
  [8:0..8:0) : <Tok_dedent>
  [8:0..8:0) : <Tok_dedent>
  [8:0..8:0) : <Tok_dedent>
  [8:0..8:0) : <Tok_dedent>
  [8:0..8:0) : <Tok_end_of_input>
``

# : | : | : | : | : | : |
a
    b
        c
            d
                   x

``
  [1:0..2:0) : <Tok_whitespace>
  [2:0..3:0) : <Tok_hash_comment>
  [3:0..3:1) : <Tok_uident=Constant "a">
  [3:1..4:0) : <Tok_whitespace>
  [4:0..4:4) : <Tok_whitespace>
  [4:4..4:4) : <Tok_indent>
  [4:4..4:5) : <Tok_uident=Constant "b">
  [4:5..5:0) : <Tok_whitespace>
  [5:0..5:8) : <Tok_whitespace>
  [5:8..5:8) : <Tok_indent>
  [5:8..5:9) : <Tok_uident=Constant "c">
  [5:9..6:0) : <Tok_whitespace>
  [6:0..6:12) : <Tok_whitespace>
  [6:12..6:12) : <Tok_indent>
  [6:12..6:13) : <Tok_uident=Constant "d">
  [6:13..7:0) : <Tok_whitespace>
  [7:0..7:19) : <Tok_whitespace>
  [7:19..7:19) : <Tok_indent=Malformed ["[7:19..7:19): Missing indent"]>
  [7:19..7:19) : <Tok_indent=Malformed ["[7:19..7:19): Missing indent"]>
  [7:19..7:19) : <Tok_misaligned>
  [7:19..7:20) : <Tok_uident=Constant "x">
  [7:20..8:0) : <Tok_whitespace>
  [8:0..8:0) : <Tok_dedent>
  [8:0..8:0) : <Tok_dedent>
  [8:0..8:0) : <Tok_dedent>
  [8:0..8:0) : <Tok_dedent>
  [8:0..8:0) : <Tok_dedent>
  [8:0..8:0) : <Tok_end_of_input>
``

# : | : | : | : | : | : |
a
    b
        c
            d
                    x

``
  [1:0..2:0) : <Tok_whitespace>
  [2:0..3:0) : <Tok_hash_comment>
  [3:0..3:1) : <Tok_uident=Constant "a">
  [3:1..4:0) : <Tok_whitespace>
  [4:0..4:4) : <Tok_whitespace>
  [4:4..4:4) : <Tok_indent>
  [4:4..4:5) : <Tok_uident=Constant "b">
  [4:5..5:0) : <Tok_whitespace>
  [5:0..5:8) : <Tok_whitespace>
  [5:8..5:8) : <Tok_indent>
  [5:8..5:9) : <Tok_uident=Constant "c">
  [5:9..6:0) : <Tok_whitespace>
  [6:0..6:12) : <Tok_whitespace>
  [6:12..6:12) : <Tok_indent>
  [6:12..6:13) : <Tok_uident=Constant "d">
  [6:13..7:0) : <Tok_whitespace>
  [7:0..7:20) : <Tok_whitespace>
  [7:20..7:20) : <Tok_indent=Malformed ["[7:20..7:20): Missing indent"]>
  [7:20..7:20) : <Tok_indent>
  [7:20..7:21) : <Tok_uident=Constant "x">
  [7:21..8:0) : <Tok_whitespace>
  [8:0..8:0) : <Tok_dedent>
  [8:0..8:0) : <Tok_dedent>
  [8:0..8:0) : <Tok_dedent>
  [8:0..8:0) : <Tok_dedent>
  [8:0..8:0) : <Tok_dedent>
  [8:0..8:0) : <Tok_end_of_input>
``

# : | : | : | : | : | : |
a
    b
        c
            d
                     x

``
  [1:0..2:0) : <Tok_whitespace>
  [2:0..3:0) : <Tok_hash_comment>
  [3:0..3:1) : <Tok_uident=Constant "a">
  [3:1..4:0) : <Tok_whitespace>
  [4:0..4:4) : <Tok_whitespace>
  [4:4..4:4) : <Tok_indent>
  [4:4..4:5) : <Tok_uident=Constant "b">
  [4:5..5:0) : <Tok_whitespace>
  [5:0..5:8) : <Tok_whitespace>
  [5:8..5:8) : <Tok_indent>
  [5:8..5:9) : <Tok_uident=Constant "c">
  [5:9..6:0) : <Tok_whitespace>
  [6:0..6:12) : <Tok_whitespace>
  [6:12..6:12) : <Tok_indent>
  [6:12..6:13) : <Tok_uident=Constant "d">
  [6:13..7:0) : <Tok_whitespace>
  [7:0..7:21) : <Tok_whitespace>
  [7:21..7:21) : <Tok_indent=Malformed ["[7:21..7:21): Missing indent"]>
  [7:21..7:21) : <Tok_indent=Malformed ["[7:21..7:21): Missing indent"]>
  [7:21..7:21) : <Tok_misaligned>
  [7:21..7:22) : <Tok_uident=Constant "x">
  [7:22..8:0) : <Tok_whitespace>
  [8:0..8:0) : <Tok_dedent>
  [8:0..8:0) : <Tok_dedent>
  [8:0..8:0) : <Tok_dedent>
  [8:0..8:0) : <Tok_dedent>
  [8:0..8:0) : <Tok_dedent>
  [8:0..8:0) : <Tok_end_of_input>
``

# : | : | : | : | : | : |
a
    b
        c
            d
                      x

``
  [1:0..2:0) : <Tok_whitespace>
  [2:0..3:0) : <Tok_hash_comment>
  [3:0..3:1) : <Tok_uident=Constant "a">
  [3:1..4:0) : <Tok_whitespace>
  [4:0..4:4) : <Tok_whitespace>
  [4:4..4:4) : <Tok_indent>
  [4:4..4:5) : <Tok_uident=Constant "b">
  [4:5..5:0) : <Tok_whitespace>
  [5:0..5:8) : <Tok_whitespace>
  [5:8..5:8) : <Tok_indent>
  [5:8..5:9) : <Tok_uident=Constant "c">
  [5:9..6:0) : <Tok_whitespace>
  [6:0..6:12) : <Tok_whitespace>
  [6:12..6:12) : <Tok_indent>
  [6:12..6:13) : <Tok_uident=Constant "d">
  [6:13..7:0) : <Tok_whitespace>
  [7:0..7:22) : <Tok_whitespace>
  [7:22..7:22) : <Tok_indent=Malformed ["[7:22..7:22): Missing indent"]>
  [7:22..7:22) : <Tok_indent=Malformed ["[7:22..7:22): Missing indent"]>
  [7:22..7:23) : <Tok_uident=Constant "x">
  [7:23..8:0) : <Tok_whitespace>
  [8:0..8:0) : <Tok_dedent>
  [8:0..8:0) : <Tok_dedent>
  [8:0..8:0) : <Tok_dedent>
  [8:0..8:0) : <Tok_dedent>
  [8:0..8:0) : <Tok_dedent>
  [8:0..8:0) : <Tok_end_of_input>
``

# : | : | : | : | : | : |
a
    b
        c
            d
                       x

``
  [1:0..2:0) : <Tok_whitespace>
  [2:0..3:0) : <Tok_hash_comment>
  [3:0..3:1) : <Tok_uident=Constant "a">
  [3:1..4:0) : <Tok_whitespace>
  [4:0..4:4) : <Tok_whitespace>
  [4:4..4:4) : <Tok_indent>
  [4:4..4:5) : <Tok_uident=Constant "b">
  [4:5..5:0) : <Tok_whitespace>
  [5:0..5:8) : <Tok_whitespace>
  [5:8..5:8) : <Tok_indent>
  [5:8..5:9) : <Tok_uident=Constant "c">
  [5:9..6:0) : <Tok_whitespace>
  [6:0..6:12) : <Tok_whitespace>
  [6:12..6:12) : <Tok_indent>
  [6:12..6:13) : <Tok_uident=Constant "d">
  [6:13..7:0) : <Tok_whitespace>
  [7:0..7:23) : <Tok_whitespace>
  [7:23..7:23) : <Tok_indent=Malformed ["[7:23..7:23): Missing indent"]>
  [7:23..7:23) : <Tok_indent=Malformed ["[7:23..7:23): Missing indent"]>
  [7:23..7:23) : <Tok_indent=Malformed ["[7:23..7:23): Missing indent"]>
  [7:23..7:23) : <Tok_misaligned>
  [7:23..7:24) : <Tok_uident=Constant "x">
  [7:24..8:0) : <Tok_whitespace>
  [8:0..8:0) : <Tok_dedent>
  [8:0..8:0) : <Tok_dedent>
  [8:0..8:0) : <Tok_dedent>
  [8:0..8:0) : <Tok_dedent>
  [8:0..8:0) : <Tok_dedent>
  [8:0..8:0) : <Tok_dedent>
  [8:0..8:0) : <Tok_end_of_input>
``

# : | : | : | : | : | : |
a
    b
        c
            d
                        x

``
  [1:0..2:0) : <Tok_whitespace>
  [2:0..3:0) : <Tok_hash_comment>
  [3:0..3:1) : <Tok_uident=Constant "a">
  [3:1..4:0) : <Tok_whitespace>
  [4:0..4:4) : <Tok_whitespace>
  [4:4..4:4) : <Tok_indent>
  [4:4..4:5) : <Tok_uident=Constant "b">
  [4:5..5:0) : <Tok_whitespace>
  [5:0..5:8) : <Tok_whitespace>
  [5:8..5:8) : <Tok_indent>
  [5:8..5:9) : <Tok_uident=Constant "c">
  [5:9..6:0) : <Tok_whitespace>
  [6:0..6:12) : <Tok_whitespace>
  [6:12..6:12) : <Tok_indent>
  [6:12..6:13) : <Tok_uident=Constant "d">
  [6:13..7:0) : <Tok_whitespace>
  [7:0..7:24) : <Tok_whitespace>
  [7:24..7:24) : <Tok_indent=Malformed ["[7:24..7:24): Missing indent"]>
  [7:24..7:24) : <Tok_indent=Malformed ["[7:24..7:24): Missing indent"]>
  [7:24..7:24) : <Tok_indent>
  [7:24..7:25) : <Tok_uident=Constant "x">
  [7:25..8:0) : <Tok_whitespace>
  [8:0..8:0) : <Tok_dedent>
  [8:0..8:0) : <Tok_dedent>
  [8:0..8:0) : <Tok_dedent>
  [8:0..8:0) : <Tok_dedent>
  [8:0..8:0) : <Tok_dedent>
  [8:0..8:0) : <Tok_dedent>
  [8:0..8:0) : <Tok_end_of_input>
``

# : | : | : | : | : | : |
        a
    b
            c
                        d

``
  [1:0..2:0) : <Tok_whitespace>
  [2:0..3:0) : <Tok_hash_comment>
  [3:0..3:8) : <Tok_whitespace>
  [3:8..3:8) : <Tok_indent=Malformed ["[3:8..3:8): Missing indent"]>
  [3:8..3:8) : <Tok_indent>
  [3:8..3:9) : <Tok_uident=Constant "a">
  [3:9..4:0) : <Tok_whitespace>
  [4:0..4:4) : <Tok_whitespace>
  [4:4..4:4) : <Tok_dedent>
  [4:4..4:4) : <Tok_line_delim>
  [4:4..4:5) : <Tok_uident=Constant "b">
  [4:5..5:0) : <Tok_whitespace>
  [5:0..5:12) : <Tok_whitespace>
  [5:12..5:12) : <Tok_indent=Malformed ["[5:12..5:12): Missing indent"]>
  [5:12..5:12) : <Tok_indent>
  [5:12..5:13) : <Tok_uident=Constant "c">
  [5:13..6:0) : <Tok_whitespace>
  [6:0..6:24) : <Tok_whitespace>
  [6:24..6:24) : <Tok_indent=Malformed ["[6:24..6:24): Missing indent"]>
  [6:24..6:24) : <Tok_indent=Malformed ["[6:24..6:24): Missing indent"]>
  [6:24..6:24) : <Tok_indent>
  [6:24..6:25) : <Tok_uident=Constant "d">
  [6:25..7:0) : <Tok_whitespace>
  [7:0..7:0) : <Tok_dedent>
  [7:0..7:0) : <Tok_dedent>
  [7:0..7:0) : <Tok_dedent>
  [7:0..7:0) : <Tok_dedent>
  [7:0..7:0) : <Tok_dedent>
  [7:0..7:0) : <Tok_dedent>
  [7:0..7:0) : <Tok_end_of_input>
``(``
  [1:0..1:1) : <Tok_lparen>
  [1:1..1:1) : <Tok_end_of_input>
``    ``
  [1:0..1:4) : <Tok_whitespace>
  [1:4..1:4) : <Tok_end_of_input>
``a
    b
	c``
  [1:0..1:1) : <Tok_uident=Constant "a">
  [1:1..2:0) : <Tok_whitespace>
  [2:0..2:4) : <Tok_whitespace>
  [2:4..2:4) : <Tok_indent>
  [2:4..2:5) : <Tok_uident=Constant "b">
  [2:5..3:0) : <Tok_whitespace>
  [3:0..3:0) : <Tok_dedent>
  [3:0..3:0) : <Tok_line_delim>
  [3:0..3:8) : <Tok_error>
  [3:8..3:9) : <Tok_uident=Constant "c">
  [3:9..3:9) : <Tok_end_of_input>
``a
    b
        c
	d``
  [1:0..1:1) : <Tok_uident=Constant "a">
  [1:1..2:0) : <Tok_whitespace>
  [2:0..2:4) : <Tok_whitespace>
  [2:4..2:4) : <Tok_indent>
  [2:4..2:5) : <Tok_uident=Constant "b">
  [2:5..3:0) : <Tok_whitespace>
  [3:0..3:8) : <Tok_whitespace>
  [3:8..3:8) : <Tok_indent>
  [3:8..3:9) : <Tok_uident=Constant "c">
  [3:9..4:0) : <Tok_whitespace>
  [4:0..4:0) : <Tok_dedent>
  [4:0..4:0) : <Tok_dedent>
  [4:0..4:0) : <Tok_line_delim>
  [4:0..4:8) : <Tok_error>
  [4:8..4:9) : <Tok_uident=Constant "d">
  [4:9..4:9) : <Tok_end_of_input>
