round nan -> (Down: nan) (Up: nan) (Nearest: nan) ([default]: nan) (Zero: nan)
round -infinity -> (Down: -infinity) (Up: -infinity) (Nearest: -infinity) ([default]: -infinity) (Zero: -infinity)
round -0x1.0000000000001p+0 -> (Down: -0x1p+1) (Up: -0x1p+0) (Nearest: -0x1p+0) ([default]: -0x1p+0) (Zero: -0x1p+0)
round -0x1p+0 -> (Down: -0x1p+0) (Up: -0x1p+0) (Nearest: -0x1p+0) ([default]: -0x1p+0) (Zero: -0x1p+0)
round -0x1.fffffffffffffp-1 -> (Down: -0x1p+0) (Up: -0x0p+0) (Nearest: -0x1p+0) ([default]: -0x1p+0) (Zero: -0x0p+0)
round -0x1.0000000000002p-1 -> (Down: -0x1p+0) (Up: -0x0p+0) (Nearest: -0x1p+0) ([default]: -0x1p+0) (Zero: -0x0p+0)
round -0x1p-1 -> (Down: -0x1p+0) (Up: -0x0p+0) (Nearest: -0x1p+0) ([default]: -0x1p+0) (Zero: -0x0p+0)
round -0x1.ffffffffffffcp-2 -> (Down: -0x1p+0) (Up: -0x0p+0) (Nearest: -0x0p+0) ([default]: -0x0p+0) (Zero: -0x0p+0)
round -0x1p-53 -> (Down: -0x1p+0) (Up: -0x0p+0) (Nearest: -0x0p+0) ([default]: -0x0p+0) (Zero: -0x0p+0)
round -0x0p+0 -> (Down: -0x0p+0) (Up: -0x0p+0) (Nearest: -0x0p+0) ([default]: -0x0p+0) (Zero: -0x0p+0)
round 0x0p+0 -> (Down: 0x0p+0) (Up: 0x0p+0) (Nearest: 0x0p+0) ([default]: 0x0p+0) (Zero: 0x0p+0)
round 0x1p-53 -> (Down: 0x0p+0) (Up: 0x1p+0) (Nearest: 0x0p+0) ([default]: 0x0p+0) (Zero: 0x0p+0)
round 0x1.ffffffffffffcp-2 -> (Down: 0x0p+0) (Up: 0x1p+0) (Nearest: 0x0p+0) ([default]: 0x0p+0) (Zero: 0x0p+0)
round 0x1p-1 -> (Down: 0x0p+0) (Up: 0x1p+0) (Nearest: 0x1p+0) ([default]: 0x1p+0) (Zero: 0x0p+0)
round 0x1.0000000000002p-1 -> (Down: 0x0p+0) (Up: 0x1p+0) (Nearest: 0x1p+0) ([default]: 0x1p+0) (Zero: 0x0p+0)
round 0x1.fffffffffffffp-1 -> (Down: 0x0p+0) (Up: 0x1p+0) (Nearest: 0x1p+0) ([default]: 0x1p+0) (Zero: 0x0p+0)
round 0x1p+0 -> (Down: 0x1p+0) (Up: 0x1p+0) (Nearest: 0x1p+0) ([default]: 0x1p+0) (Zero: 0x1p+0)
round 0x1.0000000000001p+0 -> (Down: 0x1p+0) (Up: 0x1p+1) (Nearest: 0x1p+0) ([default]: 0x1p+0) (Zero: 0x1p+0)
round infinity -> (Down: infinity) (Up: infinity) (Nearest: infinity) ([default]: infinity) (Zero: infinity)
