+ - * / % ** copysign -1.0 ~sign:-1.0 -> -2.0 0.0 1.0 1.0 -0.0 -1.0 -1.0
+ - * / % ** copysign -1.0 ~sign:0.0 -> -1.0 -1.0 -0.0 -inf nan 1.0 1.0
+ - * / % ** copysign -1.0 ~sign:1.0 -> 0.0 -2.0 -1.0 -1.0 -0.0 -1.0 1.0
+ - * / % ** copysign -1.0 ~sign:2.0 -> 1.0 -3.0 -2.0 -0.5 -1.0 1.0 1.0
~- ~+ neg abs -1.0 -> 1.0 -1.0 1.0 1.0
+ - * / % ** copysign 0.0 ~sign:-1.0 -> -1.0 1.0 -0.0 -0.0 0.0 inf -0.0
+ - * / % ** copysign 0.0 ~sign:0.0 -> 0.0 0.0 0.0 nan nan 1.0 0.0
+ - * / % ** copysign 0.0 ~sign:1.0 -> 1.0 -1.0 0.0 0.0 0.0 0.0 0.0
+ - * / % ** copysign 0.0 ~sign:2.0 -> 2.0 -2.0 0.0 0.0 0.0 0.0 0.0
~- ~+ neg abs 0.0 -> -0.0 0.0 -0.0 0.0
+ - * / % ** copysign 1.0 ~sign:-1.0 -> 0.0 2.0 -1.0 -1.0 0.0 1.0 -1.0
+ - * / % ** copysign 1.0 ~sign:0.0 -> 1.0 1.0 0.0 inf nan 1.0 1.0
+ - * / % ** copysign 1.0 ~sign:1.0 -> 2.0 0.0 1.0 1.0 0.0 1.0 1.0
+ - * / % ** copysign 1.0 ~sign:2.0 -> 3.0 -1.0 2.0 0.5 1.0 1.0 1.0
~- ~+ neg abs 1.0 -> -1.0 1.0 -1.0 1.0
+ - * / % ** copysign 2.0 ~sign:-1.0 -> 1.0 3.0 -2.0 -2.0 0.0 0.5 -2.0
+ - * / % ** copysign 2.0 ~sign:0.0 -> 2.0 2.0 0.0 inf nan 1.0 2.0
+ - * / % ** copysign 2.0 ~sign:1.0 -> 3.0 1.0 2.0 2.0 0.0 2.0 2.0
+ - * / % ** copysign 2.0 ~sign:2.0 -> 4.0 0.0 4.0 1.0 0.0 4.0 2.0
~- ~+ neg abs 2.0 -> -2.0 2.0 -2.0 2.0
