round nan -> (Down: nan) (Up: nan) Nearest: nan) ([default]: nan) (Zero: nan)
round -inf -> (Down: -inf) (Up: -inf) Nearest: -inf) ([default]: -inf) (Zero: -inf)
round -0x1.0000_0000_0000_1 -> (Down: -0x2.) (Up: -0x1.) Nearest: -0x1.) ([default]: -0x1.) (Zero: -0x1.)
round -0x1. -> (Down: -0x1.) (Up: -0x1.) Nearest: -0x1.) ([default]: -0x1.) (Zero: -0x1.)
round -0x0.ffff_ffff_ffff_f8 -> (Down: -0x1.) (Up: -0x0.) Nearest: -0x1.) ([default]: -0x1.) (Zero: -0x0.)
round -0x0.8000_0000_0000_1 -> (Down: -0x1.) (Up: -0x0.) Nearest: -0x1.) ([default]: -0x1.) (Zero: -0x0.)
round -0x0.8 -> (Down: -0x1.) (Up: -0x0.) Nearest: -0x1.) ([default]: -0x1.) (Zero: -0x0.)
round -0x0.7fff_ffff_ffff_f -> (Down: -0x1.) (Up: -0x0.) Nearest: -0x0.) ([default]: -0x0.) (Zero: -0x0.)
round -0x1p-53 -> (Down: -0x1.) (Up: -0x0.) Nearest: -0x0.) ([default]: -0x0.) (Zero: -0x0.)
round -0x0. -> (Down: -0x0.) (Up: -0x0.) Nearest: -0x0.) ([default]: -0x0.) (Zero: -0x0.)
round 0x0. -> (Down: 0x0.) (Up: 0x0.) Nearest: 0x0.) ([default]: 0x0.) (Zero: 0x0.)
round 0x1p-53 -> (Down: 0x0.) (Up: 0x1.) Nearest: 0x0.) ([default]: 0x0.) (Zero: 0x0.)
round 0x0.7fff_ffff_ffff_f -> (Down: 0x0.) (Up: 0x1.) Nearest: 0x0.) ([default]: 0x0.) (Zero: 0x0.)
round 0x0.8 -> (Down: 0x0.) (Up: 0x1.) Nearest: 0x1.) ([default]: 0x1.) (Zero: 0x0.)
round 0x0.8000_0000_0000_1 -> (Down: 0x0.) (Up: 0x1.) Nearest: 0x1.) ([default]: 0x1.) (Zero: 0x0.)
round 0x0.ffff_ffff_ffff_f8 -> (Down: 0x0.) (Up: 0x1.) Nearest: 0x1.) ([default]: 0x1.) (Zero: 0x0.)
round 0x1. -> (Down: 0x1.) (Up: 0x1.) Nearest: 0x1.) ([default]: 0x1.) (Zero: 0x1.)
round 0x1.0000_0000_0000_1 -> (Down: 0x1.) (Up: 0x2.) Nearest: 0x1.) ([default]: 0x1.) (Zero: 0x1.)
round inf -> (Down: inf) (Up: inf) Nearest: inf) ([default]: inf) (Zero: inf)
