[rev_]group [] ~break:eq -> [] / []
[rev_]group [0] ~break:eq -> [[0]] / [[0]]
[rev_]group [0; 1] ~break:eq -> [[0; 1]] / [[1; 0]]
[rev_]group [0; 0] ~break:eq -> [[0]; [0]] / [[0]; [0]]
[rev_]group [0; 0; 0] ~break:eq -> [[0]; [0]; [0]] / [[0]; [0]; [0]]
[rev_]group [0; 0; 1; 1] ~break:eq -> [[0]; [0; 1]; [1]] / [[1]; [1; 0]; [0]]
[rev_]group [0; 1; 1; 2; 2; 3] ~break:eq -> [[0; 1]; [1; 2]; [2; 3]] / [[3; 2]; [2; 1]; [1; 0]]
[rev_]group [0; 0; 0; 0] ~break:eq -> [[0]; [0]; [0]; [0]] / [[0]; [0]; [0]; [0]]
