split/take,drop 0 [] -> [], [] / [], []
rev_split/rev_take,drop 0 [] -> [], [] / [], []
split/take,drop 0 [0] -> [], [0] / [], [0]
rev_split/rev_take,drop 0 [0] -> [], [0] / [], [0]
split/take,drop 1 [0] -> [0], [] / [0], []
rev_split/rev_take,drop 1 [0] -> [0], [] / [0], []
split/take,drop 0 [0; 1] -> [], [0; 1] / [], [0; 1]
rev_split/rev_take,drop 0 [0; 1] -> [], [0; 1] / [], [0; 1]
split/take,drop 1 [0; 1] -> [0], [1] / [0], [1]
rev_split/rev_take,drop 1 [0; 1] -> [0], [1] / [0], [1]
split/take,drop 2 [0; 1] -> [0; 1], [] / [0; 1], []
rev_split/rev_take,drop 2 [0; 1] -> [1; 0], [] / [1; 0], []
