rev_map_concat [] [] -> []
rev_map_concat [0; 1] [] -> [11; 10]
rev_map_concat [0] [1] -> [10; 1]
rev_map_concat [] [0; 1] -> [0; 1]
rev_map_concat [0; 1; 2] [] -> [12; 11; 10]
rev_map_concat [0; 1] [2] -> [11; 10; 2]
rev_map_concat [0] [1; 2] -> [10; 1; 2]
rev_map_concat [] [1; 2; 3] -> [1; 2; 3]
rev_map_concat [0; 1; 2; 3] [] -> [13; 12; 11; 10]
rev_map_concat [0; 1; 2] [3] -> [12; 11; 10; 3]
rev_map_concat [0; 1] [2; 3] -> [11; 10; 2; 3]
rev_map_concat [0] [1; 2; 3] -> [10; 1; 2; 3]
rev_map_concat [] [0; 1; 2; 3] -> [0; 1; 2; 3]
