of_real -0x1. -> 0x00u8; to_real -> 0x0.
of_real 0x0. -> 0x00u8; to_real -> 0x0.
of_real 0x0.88 -> 0x00u8; to_real -> 0x0.
of_real 0x1. -> 0x01u8; to_real -> 0x1.
of_real 0x1_ffff_ffff_ffff.f -> 0xffu8; to_real -> 0xff.
of_real 0x1f_ffff_ffff_ffff. -> 0xffu8; to_real -> 0xff.
of_real 0x1ff_ffff_ffff_fff0. -> 0xf0u8; to_real -> 0xf0.
of_real 0x3fff_ffff_ffff_fe00. -> 0x00u8; to_real -> 0x0.
of_real 0x80. -> 0x80u8; to_real -> 0x80.
of_real 0x1p8 -> 0x00u8; to_real -> 0x0.

to_real 0x00u8 -> 0x0.; of_real -> 0x00u8
to_real 0x01u8 -> 0x1.; of_real -> 0x01u8
to_real 0xffu8 -> 0xff.; of_real -> 0xffu8
