of_real -0x1p+0 -> 0x00u8; to_real -> 0x0p+0
of_real 0x0p+0 -> 0x00u8; to_real -> 0x0p+0
of_real 0x1.1p-1 -> 0x00u8; to_real -> 0x0p+0
of_real 0x1p+0 -> 0x01u8; to_real -> 0x1p+0
of_real 0x1.fffffffffffffp+48 -> 0xffu8; to_real -> 0x1.fep+7
of_real 0x1.fffffffffffffp+52 -> 0xffu8; to_real -> 0x1.fep+7
of_real 0x1.fffffffffffffp+56 -> 0xf0u8; to_real -> 0x1.ep+7
of_real 0x1.fffffffffffffp+61 -> 0x00u8; to_real -> 0x0p+0
of_real 0x1p+7 -> 0x80u8; to_real -> 0x1p+7
of_real 0x1p+8 -> 0x00u8; to_real -> 0x0p+0

to_real 0x00u8 -> 0x0p+0; of_real -> 0x00u8
to_real 0x01u8 -> 0x1p+0; of_real -> 0x01u8
to_real 0xffu8 -> 0x1.fep+7; of_real -> 0xffu8
